<html>
<body>
<pre>
<h1>µVision Build Log</h1>
<h2>Tool Versions:</h2>
IDE-Version: ¦ÌVision V5.18.0.0
Copyright (C) 2016 ARM Ltd and ARM Germany GmbH. All rights reserved.
License Information: W anthony, W, LIC=W96FW-QHHSK-LV91I-T3MWD-M73GI-2ZR5S
 
Tool Versions:
Toolchain:       MDK-ARM Professional  Version: 5.18
Toolchain Path:  E:\Keil_v5\ARM\ARMCC\Bin
C Compiler:      Armcc.exe V5.06 update 1 (build 61)
Assembler:       Armasm.exe V5.06 update 1 (build 61)
Linker/Locator:  ArmLink.exe V5.06 update 1 (build 61)
Library Manager: ArmAr.exe V5.06 update 1 (build 61)
Hex Converter:   FromElf.exe V5.06 update 1 (build 61)
CPU DLL:         SARMCM3.DLL V5.18
Dialog DLL:      DARMCM1.DLL V1.12.0.0
Target DLL:      STLink\ST-LINKIII-KEIL_SWO.dll V2.0.18.0
Dialog DLL:      TARMCM1.DLL V1.9.0.0
 
<h2>Project:</h2>
F:\connection\071test\USER\template.uvprojx
Project File Date:  10/28/2019

<h2>Output:</h2>
*** Using Compiler 'V5.06 update 1 (build 61)', folder: 'E:\Keil_v5\ARM\ARMCC\Bin'
Rebuild target 'Target 1'
compiling system_stm32l0xx.c...
compiling stm32l0xx_it.c...
compiling main.c...
assembling startup_stm32l071xx.s...
compiling stm32l0xx_hal.c...
compiling stm32l0xx_hal_adc_ex.c...
compiling stm32l0xx_hal_adc.c...
compiling stm32l0xx_hal_comp_ex.c...
compiling stm32l0xx_hal_comp.c...
compiling stm32l0xx_hal_cortex.c...
compiling stm32l0xx_hal_cryp.c...
compiling stm32l0xx_hal_cryp_ex.c...
compiling stm32l0xx_hal_dac.c...
compiling stm32l0xx_hal_crc_ex.c...
compiling stm32l0xx_hal_crc.c...
compiling stm32l0xx_hal_dac_ex.c...
compiling stm32l0xx_hal_firewall.c...
compiling stm32l0xx_hal_dma.c...
compiling stm32l0xx_hal_flash.c...
compiling stm32l0xx_hal_flash_ex.c...
compiling stm32l0xx_hal_flash_ramfunc.c...
compiling stm32l0xx_hal_gpio.c...
compiling stm32l0xx_hal_i2c_ex.c...
compiling stm32l0xx_hal_i2s.c...
compiling stm32l0xx_hal_i2c.c...
compiling stm32l0xx_hal_irda.c...
compiling stm32l0xx_hal_iwdg.c...
compiling stm32l0xx_hal_lcd.c...
compiling stm32l0xx_hal_msp_template.c...
compiling stm32l0xx_hal_pcd.c...
compiling stm32l0xx_hal_lptim.c...
compiling stm32l0xx_hal_pcd_ex.c...
compiling stm32l0xx_hal_pwr_ex.c...
compiling stm32l0xx_hal_pwr.c...
compiling stm32l0xx_hal_rcc.c...
compiling stm32l0xx_hal_rng.c...
compiling stm32l0xx_hal_rcc_ex.c...
compiling stm32l0xx_hal_rtc.c...
compiling stm32l0xx_hal_smartcard.c...
compiling stm32l0xx_hal_smartcard_ex.c...
compiling stm32l0xx_hal_rtc_ex.c...
compiling stm32l0xx_hal_smbus.c...
compiling stm32l0xx_hal_spi.c...
compiling stm32l0xx_hal_tim.c...
compiling stm32l0xx_hal_tsc.c...
compiling stm32l0xx_hal_tim_ex.c...
compiling stm32l0xx_hal_uart.c...
compiling stm32l0xx_hal_uart_ex.c...
compiling stm32l0xx_hal_usart.c...
compiling stm32l0xx_hal_wwdg.c...
compiling sys.c...
compiling delay.c...
compiling usart4.c...
compiling led.c...
compiling wkup.c...
compiling pwr.c...
compiling adc.c...
compiling 24cxx.c...
compiling MS5837.C...
compiling myiic.c...
compiling usart1.c...
compiling sim800c.c...
compiling timer.c...
compiling spi_sdcard.c...
compiling spi.c...
linking...
Program Size: Code=11776 RO-data=396 RW-data=16 ZI-data=3936  
FromELF: creating hex file...
"..\OBJ\template.axf" - 0 Error(s), 0 Warning(s).

<h2>Collection of Component include folders:</h2>
  F:\connection\071test\USER\RTE
  E:\Keil_v5\ARM\PACK\Keil\STM32L0xx_DFP\2.0.1\Drivers\CMSIS\Device\ST\STM32L0xx\Include

<h2>Collection of Component Files used:</h2>
Build Time Elapsed:  00:00:35
</pre>
</body>
</html>
