Component: ARM Compiler 5.06 update 1 (build 61) Tool: armlink [4d35a8]

==============================================================================

Section Cross References

    main.o(i.main) refers to stm32l0xx_hal.o(i.HAL_Init) for HAL_Init
    main.o(i.main) refers to sys.o(i.SystemClock_Config) for SystemClock_Config
    main.o(i.main) refers to delay.o(i.delay_init) for delay_init
    main.o(i.main) refers to usart4.o(i.usart4_init) for usart4_init
    main.o(i.main) refers to usart1.o(i.UART1_init) for UART1_init
    main.o(i.main) refers to led.o(i.LED_Init) for LED_Init
    main.o(i.main) refers to led.o(i.LED_Control) for LED_Control
    main.o(i.main) refers to wkup.o(i.WKUP_Init) for WKUP_Init
    main.o(i.main) refers to delay.o(i.delay_ms) for delay_ms
    main.o(i.main) refers to wkup.o(i.Check_WKUP) for Check_WKUP
    main.o(i.main) refers to wkup.o(i.Sys_Enter_Standby) for Sys_Enter_Standby
    main.o(i.main) refers to led.o(.data) for LED_ON
    main.o(i.printArr) refers to _printf_percent.o(.ARM.Collect$$_printf_percent$$00000000) for _printf_percent
    main.o(i.printArr) refers to _printf_d.o(.ARM.Collect$$_printf_percent$$00000009) for _printf_d
    main.o(i.printArr) refers to _printf_f.o(.ARM.Collect$$_printf_percent$$00000003) for _printf_f
    main.o(i.printArr) refers to _printf_dec.o(.text) for _printf_int_dec
    main.o(i.printArr) refers to printf1.o(x$fpl$printf1) for _printf_fp_dec
    main.o(i.printArr) refers to __2printf.o(.text) for __2printf
    stm32l0xx_it.o(i.SysTick_Handler) refers to stm32l0xx_hal.o(i.HAL_IncTick) for HAL_IncTick
    system_stm32l0xx.o(i.SystemCoreClockUpdate) refers to aeabi_sdiv.o(.text) for __aeabi_uidivmod
    system_stm32l0xx.o(i.SystemCoreClockUpdate) refers to system_stm32l0xx.o(.data) for SystemCoreClock
    system_stm32l0xx.o(i.SystemCoreClockUpdate) refers to system_stm32l0xx.o(.constdata) for PLLMulTable
    startup_stm32l071xx.o(STACK) refers (Special) to heapauxi.o(.text) for __use_two_region_memory
    startup_stm32l071xx.o(HEAP) refers (Special) to heapauxi.o(.text) for __use_two_region_memory
    startup_stm32l071xx.o(RESET) refers (Special) to heapauxi.o(.text) for __use_two_region_memory
    startup_stm32l071xx.o(RESET) refers to startup_stm32l071xx.o(STACK) for __initial_sp
    startup_stm32l071xx.o(RESET) refers to startup_stm32l071xx.o(.text) for Reset_Handler
    startup_stm32l071xx.o(RESET) refers to stm32l0xx_it.o(i.NMI_Handler) for NMI_Handler
    startup_stm32l071xx.o(RESET) refers to stm32l0xx_it.o(i.HardFault_Handler) for HardFault_Handler
    startup_stm32l071xx.o(RESET) refers to stm32l0xx_it.o(i.SVC_Handler) for SVC_Handler
    startup_stm32l071xx.o(RESET) refers to stm32l0xx_it.o(i.PendSV_Handler) for PendSV_Handler
    startup_stm32l071xx.o(RESET) refers to stm32l0xx_it.o(i.SysTick_Handler) for SysTick_Handler
    startup_stm32l071xx.o(RESET) refers to wkup.o(i.EXTI4_15_IRQHandler) for EXTI4_15_IRQHandler
    startup_stm32l071xx.o(RESET) refers to timer.o(i.TIM7_IRQHandler) for TIM7_IRQHandler
    startup_stm32l071xx.o(RESET) refers to usart1.o(i.USART1_IRQHandler) for USART1_IRQHandler
    startup_stm32l071xx.o(.text) refers (Special) to heapauxi.o(.text) for __use_two_region_memory
    startup_stm32l071xx.o(.text) refers to system_stm32l0xx.o(i.SystemInit) for SystemInit
    startup_stm32l071xx.o(.text) refers to __main.o(!!!main) for __main
    startup_stm32l071xx.o(.text) refers to startup_stm32l071xx.o(HEAP) for Heap_Mem
    startup_stm32l071xx.o(.text) refers to startup_stm32l071xx.o(STACK) for Stack_Mem
    stm32l0xx_hal.o(i.HAL_DeInit) refers to stm32l0xx_hal_msp_template.o(i.HAL_MspDeInit) for HAL_MspDeInit
    stm32l0xx_hal.o(i.HAL_Delay) refers to stm32l0xx_hal.o(i.HAL_GetTick) for HAL_GetTick
    stm32l0xx_hal.o(i.HAL_GetTick) refers to stm32l0xx_hal.o(.data) for uwTick
    stm32l0xx_hal.o(i.HAL_IncTick) refers to stm32l0xx_hal.o(.data) for uwTick
    stm32l0xx_hal.o(i.HAL_Init) refers to stm32l0xx_hal.o(i.HAL_InitTick) for HAL_InitTick
    stm32l0xx_hal.o(i.HAL_Init) refers to stm32l0xx_hal_msp_template.o(i.HAL_MspInit) for HAL_MspInit
    stm32l0xx_hal.o(i.HAL_InitTick) refers to stm32l0xx_hal_rcc.o(i.HAL_RCC_GetHCLKFreq) for HAL_RCC_GetHCLKFreq
    stm32l0xx_hal.o(i.HAL_InitTick) refers to aeabi_sdiv.o(.text) for __aeabi_uidivmod
    stm32l0xx_hal.o(i.HAL_InitTick) refers to stm32l0xx_hal_cortex.o(i.HAL_SYSTICK_Config) for HAL_SYSTICK_Config
    stm32l0xx_hal.o(i.HAL_InitTick) refers to stm32l0xx_hal_cortex.o(i.HAL_NVIC_SetPriority) for HAL_NVIC_SetPriority
    stm32l0xx_hal_adc.o(i.ADC_ConversionStop) refers to stm32l0xx_hal.o(i.HAL_GetTick) for HAL_GetTick
    stm32l0xx_hal_adc.o(i.ADC_DMAConvCplt) refers to stm32l0xx_hal_adc.o(i.HAL_ADC_ConvCpltCallback) for HAL_ADC_ConvCpltCallback
    stm32l0xx_hal_adc.o(i.ADC_DMAError) refers to stm32l0xx_hal_adc.o(i.HAL_ADC_ErrorCallback) for HAL_ADC_ErrorCallback
[...]
    Removing spi_sdcard.o(.data), (1 bytes).
    Removing spi.o(.rev16_text), (4 bytes).
    Removing spi.o(.revsh_text), (4 bytes).
    Removing spi.o(i.HAL_SPI_MspInit), (244 bytes).
    Removing spi.o(i.SPI_Init), (88 bytes).
    Removing spi.o(i.SPI_Init2), (80 bytes).
    Removing spi.o(i.SPI_ReadByte), (32 bytes).
    Removing spi.o(i.SPI_ReadWriteByte), (36 bytes).
    Removing spi.o(i.SPI_SetSpeed), (72 bytes).
    Removing spi.o(i.SPI_WriteByte), (24 bytes).
    Removing spi.o(.bss), (176 bytes).

897 unused section(s) (total 88050 bytes) removed from the image.

==============================================================================

Image Symbol Table

    Local Symbols

    Symbol Name                              Value     Ov Type        Size  Object(Section)

    ../clib/angel/boardlib.s                 0x00000000   Number         0  boardinit3.o ABSOLUTE
    ../clib/angel/boardlib.s                 0x00000000   Number         0  boardinit2.o ABSOLUTE
    ../clib/angel/boardlib.s                 0x00000000   Number         0  boardinit1.o ABSOLUTE
    ../clib/angel/boardlib.s                 0x00000000   Number         0  boardshut.o ABSOLUTE
    ../clib/angel/handlers.s                 0x00000000   Number         0  __scatter_zi.o ABSOLUTE
    ../clib/angel/handlers.s                 0x00000000   Number         0  __scatter_copy.o ABSOLUTE
    ../clib/angel/kernel.s                   0x00000000   Number         0  rtexit.o ABSOLUTE
    ../clib/angel/kernel.s                   0x00000000   Number         0  __rtentry4.o ABSOLUTE
    ../clib/angel/kernel.s                   0x00000000   Number         0  __rtentry2.o ABSOLUTE
    ../clib/angel/kernel.s                   0x00000000   Number         0  __rtentry.o ABSOLUTE
    ../clib/angel/kernel.s                   0x00000000   Number         0  rtexit2.o ABSOLUTE
    ../clib/angel/rt.s                       0x00000000   Number         0  rt_locale.o ABSOLUTE
    ../clib/angel/rt.s                       0x00000000   Number         0  aeabi_idiv0_sigfpe.o ABSOLUTE
    ../clib/angel/rt.s                       0x00000000   Number         0  rt_locale_intlibspace.o ABSOLUTE
    ../clib/angel/rt.s                       0x00000000   Number         0  rt_raise.o ABSOLUTE
    ../clib/angel/rt.s                       0x00000000   Number         0  rt_div0.o ABSOLUTE
    ../clib/angel/rt.s                       0x00000000   Number         0  rt_ctype_table.o ABSOLUTE
    ../clib/angel/rt.s                       0x00000000   Number         0  aeabi_ldiv0_sigfpe.o ABSOLUTE
    ../clib/angel/rt.s                       0x00000000   Number         0  aeabi_ldiv0.o ABSOLUTE
    ../clib/angel/rt.s                       0x00000000   Number         0  aeabi_idiv0.o ABSOLUTE
    ../clib/angel/scatterp.s                 0x00000000   Number         0  __scatter.o ABSOLUTE
    ../clib/angel/startup.s                  0x00000000   Number         0  __main.o ABSOLUTE
    ../clib/angel/sys.s                      0x00000000   Number         0  indicate_semi.o ABSOLUTE
    ../clib/angel/sys.s                      0x00000000   Number         0  tempstk.o ABSOLUTE
    ../clib/angel/sys.s                      0x00000000   Number         0  libspace.o ABSOLUTE
    ../clib/angel/sys.s                      0x00000000   Number         0  use_no_semi.o ABSOLUTE
    ../clib/angel/sys.s                      0x00000000   Number         0  sys_stackheap_outer.o ABSOLUTE
    ../clib/angel/sys.s                      0x00000000   Number         0  use_no_semi_2.o ABSOLUTE
    ../clib/angel/sysapp.c                   0x00000000   Number         0  sys_command.o ABSOLUTE
    ../clib/angel/sysapp.c                   0x00000000   Number         0  sys_wrch.o ABSOLUTE
    ../clib/armsys.c                         0x00000000   Number         0  no_argv.o ABSOLUTE
    ../clib/armsys.c                         0x00000000   Number         0  _get_argv_nomalloc.o ABSOLUTE
    ../clib/armsys.c                         0x00000000   Number         0  argv_veneer.o ABSOLUTE
    ../clib/bigflt.c                         0x00000000   Number         0  bigflt0.o ABSOLUTE
    ../clib/btod.c                           0x00000000   Number         0  btod.o ABSOLUTE
    ../clib/division.c                       0x00000000   Number         0  lludiv10.o ABSOLUTE
    ../clib/division.c                       0x00000000   Number         0  rtudiv10.o ABSOLUTE
    ../clib/division.c                       0x00000000   Number         0  lludiv.o ABSOLUTE
    ../clib/division.s                       0x00000000   Number         0  aeabi_sdiv.o ABSOLUTE
    ../clib/division.s                       0x00000000   Number         0  aeabi_sdiv_div0.o ABSOLUTE
    ../clib/heapalloc.c                      0x00000000   Number         0  hrguard.o ABSOLUTE
    ../clib/heapaux.c                        0x00000000   Number         0  heapauxi.o ABSOLUTE
    ../clib/libinit.s                        0x00000000   Number         0  libinit2.o ABSOLUTE
    ../clib/libinit.s                        0x00000000   Number         0  libshutdown2.o ABSOLUTE
    ../clib/libinit.s                        0x00000000   Number         0  libshutdown.o ABSOLUTE
    ../clib/libinit.s                        0x00000000   Number         0  libinit.o ABSOLUTE
    ../clib/locale.c                         0x00000000   Number         0  _wcrtomb.o ABSOLUTE
    ../clib/locale.s                         0x00000000   Number         0  lc_numeric_c.o ABSOLUTE
    ../clib/locale.s                         0x00000000   Number         0  lc_ctype_c.o ABSOLUTE
    ../clib/longlong.c                       0x00000000   Number         0  llmul.o ABSOLUTE
    ../clib/memcpset.c                       0x00000000   Number         0  rt_memclr.o ABSOLUTE
    ../clib/memcpset.c                       0x00000000   Number         0  rt_memcpy.o ABSOLUTE
    ../clib/memcpset.c                       0x00000000   Number         0  rt_memcpy.o ABSOLUTE
    ../clib/misc.s                           0x00000000   Number         0  printf_stubs.o ABSOLUTE
    ../clib/printf.c                         0x00000000   Number         0  _printf_str.o ABSOLUTE
    ../clib/printf.c                         0x00000000   Number         0  _printf_dec.o ABSOLUTE
    ../clib/printf.c                         0x00000000   Number         0  _printf_wchar.o ABSOLUTE
    ../clib/printf.c                         0x00000000   Number         0  __printf_nopercent.o ABSOLUTE
    ../clib/printf.c                         0x00000000   Number         0  _printf_fp_infnan.o ABSOLUTE
    ../clib/printf.c                         0x00000000   Number         0  __printf_flags.o ABSOLUTE
    ../clib/printf.c                         0x00000000   Number         0  __printf_ss.o ABSOLUTE
    ../clib/printf.c                         0x00000000   Number         0  __printf_flags_ss.o ABSOLUTE
    ../clib/printf.c                         0x00000000   Number         0  __printf_wp.o ABSOLUTE
    ../clib/printf.c                         0x00000000   Number         0  __printf_flags_wp.o ABSOLUTE
    ../clib/printf.c                         0x00000000   Number         0  __printf_ss_wp.o ABSOLUTE
    ../clib/printf.c                         0x00000000   Number         0  __printf_flags_ss_wp.o ABSOLUTE
    ../clib/printf.c                         0x00000000   Number         0  _printf_char_common.o ABSOLUTE
    ../clib/printf.c                         0x00000000   Number         0  _printf_pad.o ABSOLUTE
    ../clib/printf.c                         0x00000000   Number         0  _printf_truncate.o ABSOLUTE
    ../clib/printf.c                         0x00000000   Number         0  _printf_intcommon.o ABSOLUTE
    ../clib/printf.c                         0x00000000   Number         0  _printf_hex_int_ll_ptr.o ABSOLUTE
    ../clib/printf.c                         0x00000000   Number         0  _printf_charcount.o ABSOLUTE
    ../clib/printf.c                         0x00000000   Number         0  _printf_fp_dec.o ABSOLUTE
    ../clib/printf.c                         0x00000000   Number         0  _sputc.o ABSOLUTE
    ../clib/printf.c                         0x00000000   Number         0  _printf_char.o ABSOLUTE
    ../clib/printf.c                         0x00000000   Number         0  _printf_hex_ll_ptr.o ABSOLUTE
    ../clib/printf.c                         0x00000000   Number         0  _printf_char_file.o ABSOLUTE
    ../clib/printf.c                         0x00000000   Number         0  _printf_hex_int_ptr.o ABSOLUTE
    ../clib/printf.c                         0x00000000   Number         0  _printf_hex_ptr.o ABSOLUTE
    ../clib/printf.c                         0x00000000   Number         0  _printf_hex_int_ll.o ABSOLUTE
    ../clib/printf.c                         0x00000000   Number         0  _printf_wctomb.o ABSOLUTE
    ../clib/printf.c                         0x00000000   Number         0  _printf_longlong_dec.o ABSOLUTE
    ../clib/printf.c                         0x00000000   Number         0  _printf_hex_int.o ABSOLUTE
    ../clib/printf.c                         0x00000000   Number         0  _printf_hex_ll.o ABSOLUTE
    ../clib/printf.c                         0x00000000   Number         0  _printf_oct_int_ll.o ABSOLUTE
    ../clib/printf.c                         0x00000000   Number         0  c89vsprintf.o ABSOLUTE
    ../clib/printf.c                         0x00000000   Number         0  _printf_oct_int.o ABSOLUTE
    ../clib/printf.c                         0x00000000   Number         0  __2printf.o ABSOLUTE
    ../clib/printf.c                         0x00000000   Number         0  noretval__2printf.o ABSOLUTE
    ../clib/printf.c                         0x00000000   Number         0  __printf.o ABSOLUTE
    ../clib/printf.c                         0x00000000   Number         0  _printf_oct_ll.o ABSOLUTE
    ../clib/printf_percent.s                 0x00000000   Number         0  _printf_a.o ABSOLUTE
    ../clib/printf_percent.s                 0x00000000   Number         0  _printf_f.o ABSOLUTE
    ../clib/printf_percent.s                 0x00000000   Number         0  _printf_c.o ABSOLUTE
    ../clib/printf_percent.s                 0x00000000   Number         0  _printf_s.o ABSOLUTE
    ../clib/printf_percent.s                 0x00000000   Number         0  _printf_percent.o ABSOLUTE
    ../clib/printf_percent.s                 0x00000000   Number         0  _printf_o.o ABSOLUTE
    ../clib/printf_percent.s                 0x00000000   Number         0  _printf_d.o ABSOLUTE
    ../clib/printf_percent.s                 0x00000000   Number         0  _printf_percent_end.o ABSOLUTE
    ../clib/printf_percent.s                 0x00000000   Number         0  _printf_lli.o ABSOLUTE
    ../clib/printf_percent.s                 0x00000000   Number         0  _printf_p.o ABSOLUTE
    ../clib/printf_percent.s                 0x00000000   Number         0  _printf_i.o ABSOLUTE
    ../clib/printf_percent.s                 0x00000000   Number         0  _printf_x.o ABSOLUTE
    ../clib/printf_percent.s                 0x00000000   Number         0  _printf_lld.o ABSOLUTE
    ../clib/printf_percent.s                 0x00000000   Number         0  _printf_llu.o ABSOLUTE
    ../clib/printf_percent.s                 0x00000000   Number         0  _printf_ll.o ABSOLUTE
    ../clib/printf_percent.s                 0x00000000   Number         0  _printf_e.o ABSOLUTE
    ../clib/printf_percent.s                 0x00000000   Number         0  _printf_l.o ABSOLUTE
    ../clib/printf_percent.s                 0x00000000   Number         0  _printf_lc.o ABSOLUTE
    ../clib/printf_percent.s                 0x00000000   Number         0  _printf_n.o ABSOLUTE
    ../clib/printf_percent.s                 0x00000000   Number         0  _printf_g.o ABSOLUTE
    ../clib/printf_percent.s                 0x00000000   Number         0  _printf_ls.o ABSOLUTE
    ../clib/printf_percent.s                 0x00000000   Number         0  _printf_llo.o ABSOLUTE
    ../clib/printf_percent.s                 0x00000000   Number         0  _printf_llx.o ABSOLUTE
    ../clib/printf_percent.s                 0x00000000   Number         0  _printf_u.o ABSOLUTE
    ../clib/signal.c                         0x00000000   Number         0  defsig_exit.o ABSOLUTE
    ../clib/signal.c                         0x00000000   Number         0  defsig_fpe_inner.o ABSOLUTE
    ../clib/signal.c                         0x00000000   Number         0  __raise.o ABSOLUTE
    ../clib/signal.c                         0x00000000   Number         0  defsig_general.o ABSOLUTE
    ../clib/signal.c                         0x00000000   Number         0  defsig_rtmem_outer.o ABSOLUTE
    ../clib/signal.c                         0x00000000   Number         0  defsig_rtmem_formal.o ABSOLUTE
    ../clib/signal.c                         0x00000000   Number         0  defsig_abrt_inner.o ABSOLUTE
    ../clib/signal.c                         0x00000000   Number         0  defsig_rtred_inner.o ABSOLUTE
    ../clib/signal.c                         0x00000000   Number         0  defsig_rtmem_inner.o ABSOLUTE
    ../clib/signal.c                         0x00000000   Number         0  defsig_stak_inner.o ABSOLUTE
    ../clib/signal.c                         0x00000000   Number         0  defsig_pvfn_inner.o ABSOLUTE
    ../clib/signal.c                         0x00000000   Number         0  defsig_cppl_inner.o ABSOLUTE
    ../clib/signal.c                         0x00000000   Number         0  defsig_segv_inner.o ABSOLUTE
    ../clib/signal.c                         0x00000000   Number         0  defsig_other.o ABSOLUTE
    ../clib/signal.c                         0x00000000   Number         0  defsig_fpe_outer.o ABSOLUTE
    ../clib/signal.c                         0x00000000   Number         0  defsig_fpe_formal.o ABSOLUTE
    ../clib/signal.s                         0x00000000   Number         0  defsig.o ABSOLUTE
    ../clib/stdio.c                          0x00000000   Number         0  ferror_locked.o ABSOLUTE
    ../clib/stdio.c                          0x00000000   Number         0  ferror.o ABSOLUTE
    ../clib/stdlib.c                         0x00000000   Number         0  exit.o ABSOLUTE
    ../clib/string.c                         0x00000000   Number         0  strlen.o ABSOLUTE
    ../clib/string.c                         0x00000000   Number         0  strcmp.o ABSOLUTE
    ../clib/string.c                         0x00000000   Number         0  strstr.o ABSOLUTE
    ../fplib/cfplib/daddsub.c                0x00000000   Number         0  daddsub.o ABSOLUTE
    ../fplib/cfplib/ddiv.c                   0x00000000   Number         0  ddiv.o ABSOLUTE
    ../fplib/cfplib/dmul.c                   0x00000000   Number         0  dmul.o ABSOLUTE
    ../fplib/cfplib/fdiv.c                   0x00000000   Number         0  fdiv.o ABSOLUTE
    ../fplib/cfplib/ffix.c                   0x00000000   Number         0  ffixui.o ABSOLUTE
    ../fplib/cfplib/ffix.c                   0x00000000   Number         0  dfixui.o ABSOLUTE
    ../fplib/cfplib/fflt.c                   0x00000000   Number         0  dfltl.o ABSOLUTE
    ../fplib/cfplib/fflt.c                   0x00000000   Number         0  dflti.o ABSOLUTE
    ../fplib/cfplib/fflt.c                   0x00000000   Number         0  ffltl.o ABSOLUTE
    ../fplib/cfplib/fpinit.c                 0x00000000   Number         0  fpinit.o ABSOLUTE
    ../fplib/cfplib/ieee_status.c            0x00000000   Number         0  ieee_status.o ABSOLUTE
    ../fplib/fmul6m.s                        0x00000000   Number         0  fmul.o ABSOLUTE
    ../fplib/printf1.s                       0x00000000   Number         0  printf1.o ABSOLUTE
    ../fplib/usenofp.s                       0x00000000   Number         0  usenofp.o ABSOLUTE
    ../mathlib/fpclassify.c                  0x00000000   Number         0  fpclassify.o ABSOLUTE
    ..\CORE\startup_stm32l071xx.s            0x00000000   Number         0  startup_stm32l071xx.o ABSOLUTE
    ..\FWLIB\Src\stm32l0xx_hal.c             0x00000000   Number         0  stm32l0xx_hal.o ABSOLUTE
    ..\FWLIB\Src\stm32l0xx_hal_adc.c         0x00000000   Number         0  stm32l0xx_hal_adc.o ABSOLUTE
    ..\FWLIB\Src\stm32l0xx_hal_adc_ex.c      0x00000000   Number         0  stm32l0xx_hal_adc_ex.o ABSOLUTE
    ..\FWLIB\Src\stm32l0xx_hal_comp.c        0x00000000   Number         0  stm32l0xx_hal_comp.o ABSOLUTE
    ..\FWLIB\Src\stm32l0xx_hal_comp_ex.c     0x00000000   Number         0  stm32l0xx_hal_comp_ex.o ABSOLUTE
    ..\FWLIB\Src\stm32l0xx_hal_cortex.c      0x00000000   Number         0  stm32l0xx_hal_cortex.o ABSOLUTE
    ..\FWLIB\Src\stm32l0xx_hal_crc.c         0x00000000   Number         0  stm32l0xx_hal_crc.o ABSOLUTE
    ..\FWLIB\Src\stm32l0xx_hal_crc_ex.c      0x00000000   Number         0  stm32l0xx_hal_crc_ex.o ABSOLUTE
    ..\FWLIB\Src\stm32l0xx_hal_cryp.c        0x00000000   Number         0  stm32l0xx_hal_cryp.o ABSOLUTE
    ..\FWLIB\Src\stm32l0xx_hal_cryp_ex.c     0x00000000   Number         0  stm32l0xx_hal_cryp_ex.o ABSOLUTE
    ..\FWLIB\Src\stm32l0xx_hal_dac.c         0x00000000   Number         0  stm32l0xx_hal_dac.o ABSOLUTE
    ..\FWLIB\Src\stm32l0xx_hal_dac_ex.c      0x00000000   Number         0  stm32l0xx_hal_dac_ex.o ABSOLUTE
    ..\FWLIB\Src\stm32l0xx_hal_dma.c         0x00000000   Number         0  stm32l0xx_hal_dma.o ABSOLUTE
    ..\FWLIB\Src\stm32l0xx_hal_firewall.c    0x00000000   Number         0  stm32l0xx_hal_firewall.o ABSOLUTE
    ..\FWLIB\Src\stm32l0xx_hal_flash.c       0x00000000   Number         0  stm32l0xx_hal_flash.o ABSOLUTE
    ..\FWLIB\Src\stm32l0xx_hal_flash_ex.c    0x00000000   Number         0  stm32l0xx_hal_flash_ex.o ABSOLUTE
    ..\FWLIB\Src\stm32l0xx_hal_flash_ramfunc.c 0x00000000   Number         0  stm32l0xx_hal_flash_ramfunc.o ABSOLUTE
    ..\FWLIB\Src\stm32l0xx_hal_gpio.c        0x00000000   Number         0  stm32l0xx_hal_gpio.o ABSOLUTE
    ..\FWLIB\Src\stm32l0xx_hal_i2c.c         0x00000000   Number         0  stm32l0xx_hal_i2c.o ABSOLUTE
    ..\FWLIB\Src\stm32l0xx_hal_i2c_ex.c      0x00000000   Number         0  stm32l0xx_hal_i2c_ex.o ABSOLUTE
    ..\FWLIB\Src\stm32l0xx_hal_i2s.c         0x00000000   Number         0  stm32l0xx_hal_i2s.o ABSOLUTE
    ..\FWLIB\Src\stm32l0xx_hal_irda.c        0x00000000   Number         0  stm32l0xx_hal_irda.o ABSOLUTE
    ..\FWLIB\Src\stm32l0xx_hal_iwdg.c        0x00000000   Number         0  stm32l0xx_hal_iwdg.o ABSOLUTE
    ..\FWLIB\Src\stm32l0xx_hal_lcd.c         0x00000000   Number         0  stm32l0xx_hal_lcd.o ABSOLUTE
    ..\FWLIB\Src\stm32l0xx_hal_lptim.c       0x00000000   Number         0  stm32l0xx_hal_lptim.o ABSOLUTE
    ..\FWLIB\Src\stm32l0xx_hal_msp_template.c 0x00000000   Number         0  stm32l0xx_hal_msp_template.o ABSOLUTE
    ..\FWLIB\Src\stm32l0xx_hal_pcd.c         0x00000000   Number         0  stm32l0xx_hal_pcd.o ABSOLUTE
    ..\FWLIB\Src\stm32l0xx_hal_pcd_ex.c      0x00000000   Number         0  stm32l0xx_hal_pcd_ex.o ABSOLUTE
    ..\FWLIB\Src\stm32l0xx_hal_pwr.c         0x00000000   Number         0  stm32l0xx_hal_pwr.o ABSOLUTE
    ..\FWLIB\Src\stm32l0xx_hal_pwr_ex.c      0x00000000   Number         0  stm32l0xx_hal_pwr_ex.o ABSOLUTE
    ..\FWLIB\Src\stm32l0xx_hal_rcc.c         0x00000000   Number         0  stm32l0xx_hal_rcc.o ABSOLUTE
    ..\FWLIB\Src\stm32l0xx_hal_rcc_ex.c      0x00000000   Number         0  stm32l0xx_hal_rcc_ex.o ABSOLUTE
    ..\FWLIB\Src\stm32l0xx_hal_rng.c         0x00000000   Number         0  stm32l0xx_hal_rng.o ABSOLUTE
    ..\FWLIB\Src\stm32l0xx_hal_rtc.c         0x00000000   Number         0  stm32l0xx_hal_rtc.o ABSOLUTE
    ..\FWLIB\Src\stm32l0xx_hal_rtc_ex.c      0x00000000   Number         0  stm32l0xx_hal_rtc_ex.o ABSOLUTE
    ..\FWLIB\Src\stm32l0xx_hal_smartcard.c   0x00000000   Number         0  stm32l0xx_hal_smartcard.o ABSOLUTE
    ..\FWLIB\Src\stm32l0xx_hal_smartcard_ex.c 0x00000000   Number         0  stm32l0xx_hal_smartcard_ex.o ABSOLUTE
    ..\FWLIB\Src\stm32l0xx_hal_smbus.c       0x00000000   Number         0  stm32l0xx_hal_smbus.o ABSOLUTE
    ..\FWLIB\Src\stm32l0xx_hal_spi.c         0x00000000   Number         0  stm32l0xx_hal_spi.o ABSOLUTE
    ..\FWLIB\Src\stm32l0xx_hal_tim.c         0x00000000   Number         0  stm32l0xx_hal_tim.o ABSOLUTE
    ..\FWLIB\Src\stm32l0xx_hal_tim_ex.c      0x00000000   Number         0  stm32l0xx_hal_tim_ex.o ABSOLUTE
    ..\FWLIB\Src\stm32l0xx_hal_tsc.c         0x00000000   Number         0  stm32l0xx_hal_tsc.o ABSOLUTE
    ..\FWLIB\Src\stm32l0xx_hal_uart.c        0x00000000   Number         0  stm32l0xx_hal_uart.o ABSOLUTE
    ..\FWLIB\Src\stm32l0xx_hal_uart_ex.c     0x00000000   Number         0  stm32l0xx_hal_uart_ex.o ABSOLUTE
    ..\FWLIB\Src\stm32l0xx_hal_usart.c       0x00000000   Number         0  stm32l0xx_hal_usart.o ABSOLUTE
    ..\FWLIB\Src\stm32l0xx_hal_wwdg.c        0x00000000   Number         0  stm32l0xx_hal_wwdg.o ABSOLUTE
    ..\HARDWARE\24cxx.c                      0x00000000   Number         0  24cxx.o ABSOLUTE
    ..\HARDWARE\MS5837.C                     0x00000000   Number         0  ms5837.o ABSOLUTE
    ..\HARDWARE\adc.c                        0x00000000   Number         0  adc.o ABSOLUTE
    ..\HARDWARE\led.c                        0x00000000   Number         0  led.o ABSOLUTE
    ..\HARDWARE\myiic.c                      0x00000000   Number         0  myiic.o ABSOLUTE
    ..\HARDWARE\pwr.c                        0x00000000   Number         0  pwr.o ABSOLUTE
    ..\HARDWARE\sim800c.c                    0x00000000   Number         0  sim800c.o ABSOLUTE
    ..\HARDWARE\timer.c                      0x00000000   Number         0  timer.o ABSOLUTE
    ..\HARDWARE\usart1.c                     0x00000000   Number         0  usart1.o ABSOLUTE
    ..\HARDWARE\wkup.c                       0x00000000   Number         0  wkup.o ABSOLUTE
    ..\SYSTEM\delay.c                        0x00000000   Number         0  delay.o ABSOLUTE
    ..\SYSTEM\sys.c                          0x00000000   Number         0  sys.o ABSOLUTE
    ..\SYSTEM\usart4.c                       0x00000000   Number         0  usart4.o ABSOLUTE
    ..\\FWLIB\\Src\\stm32l0xx_hal.c          0x00000000   Number         0  stm32l0xx_hal.o ABSOLUTE
    ..\\FWLIB\\Src\\stm32l0xx_hal_adc.c      0x00000000   Number         0  stm32l0xx_hal_adc.o ABSOLUTE
    ..\\FWLIB\\Src\\stm32l0xx_hal_adc_ex.c   0x00000000   Number         0  stm32l0xx_hal_adc_ex.o ABSOLUTE
    ..\\FWLIB\\Src\\stm32l0xx_hal_comp.c     0x00000000   Number         0  stm32l0xx_hal_comp.o ABSOLUTE
    ..\\FWLIB\\Src\\stm32l0xx_hal_comp_ex.c  0x00000000   Number         0  stm32l0xx_hal_comp_ex.o ABSOLUTE
    ..\\FWLIB\\Src\\stm32l0xx_hal_cortex.c   0x00000000   Number         0  stm32l0xx_hal_cortex.o ABSOLUTE
    ..\\FWLIB\\Src\\stm32l0xx_hal_crc.c      0x00000000   Number         0  stm32l0xx_hal_crc.o ABSOLUTE
    ..\\FWLIB\\Src\\stm32l0xx_hal_crc_ex.c   0x00000000   Number         0  stm32l0xx_hal_crc_ex.o ABSOLUTE
    ..\\FWLIB\\Src\\stm32l0xx_hal_dma.c      0x00000000   Number         0  stm32l0xx_hal_dma.o ABSOLUTE
    ..\\FWLIB\\Src\\stm32l0xx_hal_firewall.c 0x00000000   Number         0  stm32l0xx_hal_firewall.o ABSOLUTE
    ..\\FWLIB\\Src\\stm32l0xx_hal_flash.c    0x00000000   Number         0  stm32l0xx_hal_flash.o ABSOLUTE
    ..\\FWLIB\\Src\\stm32l0xx_hal_flash_ex.c 0x00000000   Number         0  stm32l0xx_hal_flash_ex.o ABSOLUTE
    ..\\FWLIB\\Src\\stm32l0xx_hal_flash_ramfunc.c 0x00000000   Number         0  stm32l0xx_hal_flash_ramfunc.o ABSOLUTE
    ..\\FWLIB\\Src\\stm32l0xx_hal_gpio.c     0x00000000   Number         0  stm32l0xx_hal_gpio.o ABSOLUTE
    ..\\FWLIB\\Src\\stm32l0xx_hal_i2c.c      0x00000000   Number         0  stm32l0xx_hal_i2c.o ABSOLUTE
    ..\\FWLIB\\Src\\stm32l0xx_hal_i2c_ex.c   0x00000000   Number         0  stm32l0xx_hal_i2c_ex.o ABSOLUTE
    ..\\FWLIB\\Src\\stm32l0xx_hal_i2s.c      0x00000000   Number         0  stm32l0xx_hal_i2s.o ABSOLUTE
    ..\\FWLIB\\Src\\stm32l0xx_hal_irda.c     0x00000000   Number         0  stm32l0xx_hal_irda.o ABSOLUTE
    ..\\FWLIB\\Src\\stm32l0xx_hal_iwdg.c     0x00000000   Number         0  stm32l0xx_hal_iwdg.o ABSOLUTE
    ..\\FWLIB\\Src\\stm32l0xx_hal_lcd.c      0x00000000   Number         0  stm32l0xx_hal_lcd.o ABSOLUTE
    ..\\FWLIB\\Src\\stm32l0xx_hal_lptim.c    0x00000000   Number         0  stm32l0xx_hal_lptim.o ABSOLUTE
    ..\\FWLIB\\Src\\stm32l0xx_hal_msp_template.c 0x00000000   Number         0  stm32l0xx_hal_msp_template.o ABSOLUTE
    ..\\FWLIB\\Src\\stm32l0xx_hal_pcd.c      0x00000000   Number         0  stm32l0xx_hal_pcd.o ABSOLUTE
    ..\\FWLIB\\Src\\stm32l0xx_hal_pwr.c      0x00000000   Number         0  stm32l0xx_hal_pwr.o ABSOLUTE
    ..\\FWLIB\\Src\\stm32l0xx_hal_pwr_ex.c   0x00000000   Number         0  stm32l0xx_hal_pwr_ex.o ABSOLUTE
    ..\\FWLIB\\Src\\stm32l0xx_hal_rcc.c      0x00000000   Number         0  stm32l0xx_hal_rcc.o ABSOLUTE
    ..\\FWLIB\\Src\\stm32l0xx_hal_rcc_ex.c   0x00000000   Number         0  stm32l0xx_hal_rcc_ex.o ABSOLUTE
    ..\\FWLIB\\Src\\stm32l0xx_hal_rng.c      0x00000000   Number         0  stm32l0xx_hal_rng.o ABSOLUTE
    ..\\FWLIB\\Src\\stm32l0xx_hal_rtc.c      0x00000000   Number         0  stm32l0xx_hal_rtc.o ABSOLUTE
    ..\\FWLIB\\Src\\stm32l0xx_hal_rtc_ex.c   0x00000000   Number         0  stm32l0xx_hal_rtc_ex.o ABSOLUTE
    ..\\FWLIB\\Src\\stm32l0xx_hal_smartcard.c 0x00000000   Number         0  stm32l0xx_hal_smartcard.o ABSOLUTE
    ..\\FWLIB\\Src\\stm32l0xx_hal_smartcard_ex.c 0x00000000   Number         0  stm32l0xx_hal_smartcard_ex.o ABSOLUTE
    ..\\FWLIB\\Src\\stm32l0xx_hal_smbus.c    0x00000000   Number         0  stm32l0xx_hal_smbus.o ABSOLUTE
    ..\\FWLIB\\Src\\stm32l0xx_hal_spi.c      0x00000000   Number         0  stm32l0xx_hal_spi.o ABSOLUTE
    ..\\FWLIB\\Src\\stm32l0xx_hal_tim.c      0x00000000   Number         0  stm32l0xx_hal_tim.o ABSOLUTE
    ..\\FWLIB\\Src\\stm32l0xx_hal_tim_ex.c   0x00000000   Number         0  stm32l0xx_hal_tim_ex.o ABSOLUTE
    ..\\FWLIB\\Src\\stm32l0xx_hal_uart.c     0x00000000   Number         0  stm32l0xx_hal_uart.o ABSOLUTE
    ..\\FWLIB\\Src\\stm32l0xx_hal_uart_ex.c  0x00000000   Number         0  stm32l0xx_hal_uart_ex.o ABSOLUTE
    ..\\FWLIB\\Src\\stm32l0xx_hal_usart.c    0x00000000   Number         0  stm32l0xx_hal_usart.o ABSOLUTE
    ..\\FWLIB\\Src\\stm32l0xx_hal_wwdg.c     0x00000000   Number         0  stm32l0xx_hal_wwdg.o ABSOLUTE
    ..\\HARDWARE\\24cxx.c                    0x00000000   Number         0  24cxx.o ABSOLUTE
    ..\\HARDWARE\\MS5837.C                   0x00000000   Number         0  ms5837.o ABSOLUTE
    ..\\HARDWARE\\adc.c                      0x00000000   Number         0  adc.o ABSOLUTE
    ..\\HARDWARE\\led.c                      0x00000000   Number         0  led.o ABSOLUTE
    ..\\HARDWARE\\myiic.c                    0x00000000   Number         0  myiic.o ABSOLUTE
    ..\\HARDWARE\\pwr.c                      0x00000000   Number         0  pwr.o ABSOLUTE
    ..\\HARDWARE\\sim800c.c                  0x00000000   Number         0  sim800c.o ABSOLUTE
    ..\\HARDWARE\\timer.c                    0x00000000   Number         0  timer.o ABSOLUTE
    ..\\HARDWARE\\usart1.c                   0x00000000   Number         0  usart1.o ABSOLUTE
    ..\\HARDWARE\\wkup.c                     0x00000000   Number         0  wkup.o ABSOLUTE
    ..\\SYSTEM\\delay.c                      0x00000000   Number         0  delay.o ABSOLUTE
    ..\\SYSTEM\\sys.c                        0x00000000   Number         0  sys.o ABSOLUTE
    ..\\SYSTEM\\usart4.c                     0x00000000   Number         0  usart4.o ABSOLUTE
    dc.s                                     0x00000000   Number         0  dc.o ABSOLUTE
    main.c                                   0x00000000   Number         0  main.o ABSOLUTE
    main.c                                   0x00000000   Number         0  main.o ABSOLUTE
    spi.c                                    0x00000000   Number         0  spi.o ABSOLUTE
    spi.c                                    0x00000000   Number         0  spi.o ABSOLUTE
    spi_sdcard.c                             0x00000000   Number         0  spi_sdcard.o ABSOLUTE
    spi_sdcard.c                             0x00000000   Number         0  spi_sdcard.o ABSOLUTE
    stm32l0xx_it.c                           0x00000000   Number         0  stm32l0xx_it.o ABSOLUTE
    stm32l0xx_it.c                           0x00000000   Number         0  stm32l0xx_it.o ABSOLUTE
    system_stm32l0xx.c                       0x00000000   Number         0  system_stm32l0xx.o ABSOLUTE
    system_stm32l0xx.c                       0x00000000   Number         0  system_stm32l0xx.o ABSOLUTE
    RESET                                    0x08000000   Section      192  startup_stm32l071xx.o(RESET)
    !!!main                                  0x080000c0   Section        8  __main.o(!!!main)
    !!!scatter                               0x080000c8   Section       60  __scatter.o(!!!scatter)
    !!handler_copy                           0x08000104   Section       26  __scatter_copy.o(!!handler_copy)
    !!handler_zi                             0x08000120   Section       28  __scatter_zi.o(!!handler_zi)
    .ARM.Collect$$libinit$$00000000          0x0800013c   Section        2  libinit.o(.ARM.Collect$$libinit$$00000000)
    .ARM.Collect$$libinit$$00000002          0x0800013e   Section        0  libinit2.o(.ARM.Collect$$libinit$$00000002)
    .ARM.Collect$$libinit$$00000004          0x0800013e   Section        0  libinit2.o(.ARM.Collect$$libinit$$00000004)
    .ARM.Collect$$libinit$$0000000A          0x0800013e   Section        0  libinit2.o(.ARM.Collect$$libinit$$0000000A)
    .ARM.Collect$$libinit$$0000000C          0x0800013e   Section        0  libinit2.o(.ARM.Collect$$libinit$$0000000C)
    .ARM.Collect$$libinit$$0000000E          0x0800013e   Section        0  libinit2.o(.ARM.Collect$$libinit$$0000000E)
    .ARM.Collect$$libinit$$00000011          0x0800013e   Section        0  libinit2.o(.ARM.Collect$$libinit$$00000011)
    .ARM.Collect$$libinit$$00000013          0x0800013e   Section        0  libinit2.o(.ARM.Collect$$libinit$$00000013)
    .ARM.Collect$$libinit$$00000015          0x0800013e   Section        0  libinit2.o(.ARM.Collect$$libinit$$00000015)
    .ARM.Collect$$libinit$$00000017          0x0800013e   Section        0  libinit2.o(.ARM.Collect$$libinit$$00000017)
    .ARM.Collect$$libinit$$00000019          0x0800013e   Section        0  libinit2.o(.ARM.Collect$$libinit$$00000019)
    .ARM.Collect$$libinit$$0000001B          0x0800013e   Section        0  libinit2.o(.ARM.Collect$$libinit$$0000001B)
    .ARM.Collect$$libinit$$0000001D          0x0800013e   Section        0  libinit2.o(.ARM.Collect$$libinit$$0000001D)
    .ARM.Collect$$libinit$$0000001F          0x0800013e   Section        0  libinit2.o(.ARM.Collect$$libinit$$0000001F)
    .ARM.Collect$$libinit$$00000021          0x0800013e   Section        0  libinit2.o(.ARM.Collect$$libinit$$00000021)
    .ARM.Collect$$libinit$$00000023          0x0800013e   Section        0  libinit2.o(.ARM.Collect$$libinit$$00000023)
    .ARM.Collect$$libinit$$00000025          0x0800013e   Section        0  libinit2.o(.ARM.Collect$$libinit$$00000025)
    .ARM.Collect$$libinit$$0000002C          0x0800013e   Section        0  libinit2.o(.ARM.Collect$$libinit$$0000002C)
    .ARM.Collect$$libinit$$0000002E          0x0800013e   Section        0  libinit2.o(.ARM.Collect$$libinit$$0000002E)
    .ARM.Collect$$libinit$$00000030          0x0800013e   Section        0  libinit2.o(.ARM.Collect$$libinit$$00000030)
    .ARM.Collect$$libinit$$00000032          0x0800013e   Section        0  libinit2.o(.ARM.Collect$$libinit$$00000032)
    .ARM.Collect$$libinit$$00000033          0x0800013e   Section        2  libinit2.o(.ARM.Collect$$libinit$$00000033)
    .ARM.Collect$$libshutdown$$00000000      0x08000140   Section        2  libshutdown.o(.ARM.Collect$$libshutdown$$00000000)
    .ARM.Collect$$libshutdown$$00000002      0x08000142   Section        0  libshutdown2.o(.ARM.Collect$$libshutdown$$00000002)
    .ARM.Collect$$libshutdown$$00000004      0x08000142   Section        0  libshutdown2.o(.ARM.Collect$$libshutdown$$00000004)
    .ARM.Collect$$libshutdown$$00000007      0x08000142   Section        0  libshutdown2.o(.ARM.Collect$$libshutdown$$00000007)
    .ARM.Collect$$libshutdown$$0000000A      0x08000142   Section        0  libshutdown2.o(.ARM.Collect$$libshutdown$$0000000A)
    .ARM.Collect$$libshutdown$$0000000C      0x08000142   Section        0  libshutdown2.o(.ARM.Collect$$libshutdown$$0000000C)
    .ARM.Collect$$libshutdown$$0000000F      0x08000142   Section        0  libshutdown2.o(.ARM.Collect$$libshutdown$$0000000F)
    .ARM.Collect$$libshutdown$$00000010      0x08000142   Section        2  libshutdown2.o(.ARM.Collect$$libshutdown$$00000010)
    .ARM.Collect$$rtentry$$00000000          0x08000144   Section        0  __rtentry.o(.ARM.Collect$$rtentry$$00000000)
    .ARM.Collect$$rtentry$$00000002          0x08000144   Section        0  __rtentry2.o(.ARM.Collect$$rtentry$$00000002)
    .ARM.Collect$$rtentry$$00000004          0x08000144   Section        6  __rtentry4.o(.ARM.Collect$$rtentry$$00000004)
    .ARM.Collect$$rtentry$$00000009          0x0800014a   Section        0  __rtentry2.o(.ARM.Collect$$rtentry$$00000009)
    .ARM.Collect$$rtentry$$0000000A          0x0800014a   Section        4  __rtentry2.o(.ARM.Collect$$rtentry$$0000000A)
    .ARM.Collect$$rtentry$$0000000C          0x0800014e   Section        0  __rtentry2.o(.ARM.Collect$$rtentry$$0000000C)
    .ARM.Collect$$rtentry$$0000000D          0x0800014e   Section        8  __rtentry2.o(.ARM.Collect$$rtentry$$0000000D)
    .ARM.Collect$$rtexit$$00000000           0x08000156   Section        2  rtexit.o(.ARM.Collect$$rtexit$$00000000)
    .ARM.Collect$$rtexit$$00000002           0x08000158   Section        0  rtexit2.o(.ARM.Collect$$rtexit$$00000002)
    .ARM.Collect$$rtexit$$00000003           0x08000158   Section        4  rtexit2.o(.ARM.Collect$$rtexit$$00000003)
    .ARM.Collect$$rtexit$$00000004           0x0800015c   Section        6  rtexit2.o(.ARM.Collect$$rtexit$$00000004)
    .text                                    0x08000164   Section       56  startup_stm32l071xx.o(.text)
    .text                                    0x0800019c   Section        2  use_no_semi_2.o(.text)
    .text                                    0x0800019e   Section        0  rt_memclr.o(.text)
    .text                                    0x080001de   Section      346  aeabi_sdiv.o(.text)
    .text                                    0x08000338   Section        0  heapauxi.o(.text)
    .text                                    0x08000340   Section        0  ddiv.o(.text)
    .text                                    0x08000788   Section        0  dfixui.o(.text)
    .text                                    0x080007d0   Section        0  dfltl.o(.text)
    .text                                    0x08000854   Section        0  dmul.o(.text)
    .text                                    0x08000a9c   Section        2  use_no_semi.o(.text)
    .text                                    0x08000aa0   Section        8  libspace.o(.text)
    .text                                    0x08000aa8   Section       62  sys_stackheap_outer.o(.text)
    .text                                    0x08000ae6   Section        0  exit.o(.text)
    i.Check_WKUP                             0x08000af8   Section        0  wkup.o(i.Check_WKUP)
    i.EXTI4_15_IRQHandler                    0x08000b28   Section        0  wkup.o(i.EXTI4_15_IRQHandler)
    i.HAL_GPIO_EXTI_Callback                 0x08000b34   Section        0  wkup.o(i.HAL_GPIO_EXTI_Callback)
    i.HAL_GPIO_EXTI_IRQHandler               0x08000b50   Section        0  stm32l0xx_hal_gpio.o(i.HAL_GPIO_EXTI_IRQHandler)
    i.HAL_GPIO_Init                          0x08000b70   Section        0  stm32l0xx_hal_gpio.o(i.HAL_GPIO_Init)
    i.HAL_GPIO_ReadPin                       0x08000d68   Section        0  stm32l0xx_hal_gpio.o(i.HAL_GPIO_ReadPin)
    i.HAL_GPIO_WritePin                      0x08000d7a   Section        0  stm32l0xx_hal_gpio.o(i.HAL_GPIO_WritePin)
    i.HAL_GetTick                            0x08000d88   Section        0  stm32l0xx_hal.o(i.HAL_GetTick)
    i.HAL_IncTick                            0x08000d94   Section        0  stm32l0xx_hal.o(i.HAL_IncTick)
    i.HAL_Init                               0x08000da4   Section        0  stm32l0xx_hal.o(i.HAL_Init)
    i.HAL_InitTick                           0x08000dc4   Section        0  stm32l0xx_hal.o(i.HAL_InitTick)
    i.HAL_MspInit                            0x08000dea   Section        0  stm32l0xx_hal_msp_template.o(i.HAL_MspInit)
    i.HAL_NVIC_EnableIRQ                     0x08000dec   Section        0  stm32l0xx_hal_cortex.o(i.HAL_NVIC_EnableIRQ)
    i.HAL_NVIC_SetPriority                   0x08000e04   Section        0  stm32l0xx_hal_cortex.o(i.HAL_NVIC_SetPriority)
    i.HAL_PWR_EnableBkUpAccess               0x08000e18   Section        0  stm32l0xx_hal_pwr.o(i.HAL_PWR_EnableBkUpAccess)
    i.HAL_PWR_EnableWakeUpPin                0x08000e2c   Section        0  stm32l0xx_hal_pwr.o(i.HAL_PWR_EnableWakeUpPin)
    i.HAL_PWR_EnterSTANDBYMode               0x08000e3c   Section        0  stm32l0xx_hal_pwr.o(i.HAL_PWR_EnterSTANDBYMode)
    i.HAL_RCC_ClockConfig                    0x08000e64   Section        0  stm32l0xx_hal_rcc.o(i.HAL_RCC_ClockConfig)
    i.HAL_RCC_GetHCLKFreq                    0x0800103c   Section        0  stm32l0xx_hal_rcc.o(i.HAL_RCC_GetHCLKFreq)
    i.HAL_RCC_GetPCLK1Freq                   0x08001068   Section        0  stm32l0xx_hal_rcc.o(i.HAL_RCC_GetPCLK1Freq)
    i.HAL_RCC_GetPCLK2Freq                   0x0800108c   Section        0  stm32l0xx_hal_rcc.o(i.HAL_RCC_GetPCLK2Freq)
    i.HAL_RCC_GetSysClockFreq                0x080010b0   Section        0  stm32l0xx_hal_rcc.o(i.HAL_RCC_GetSysClockFreq)
    i.HAL_RCC_OscConfig                      0x0800119c   Section        0  stm32l0xx_hal_rcc.o(i.HAL_RCC_OscConfig)
    i.HAL_SYSTICK_Config                     0x08001784   Section        0  stm32l0xx_hal_cortex.o(i.HAL_SYSTICK_Config)
    i.HAL_TIM_Base_Init                      0x080017bc   Section        0  stm32l0xx_hal_tim.o(i.HAL_TIM_Base_Init)
    i.HAL_TIM_Base_MspInit                   0x080017f4   Section        0  stm32l0xx_hal_tim.o(i.HAL_TIM_Base_MspInit)
    i.HAL_TIM_Base_Start                     0x080017f6   Section        0  stm32l0xx_hal_tim.o(i.HAL_TIM_Base_Start)
    i.HAL_TIM_Base_Start_IT                  0x08001814   Section        0  stm32l0xx_hal_tim.o(i.HAL_TIM_Base_Start_IT)
    i.HAL_TIM_Base_Stop                      0x08001834   Section        0  stm32l0xx_hal_tim.o(i.HAL_TIM_Base_Stop)
    i.HAL_TIM_IC_CaptureCallback             0x08001868   Section        0  stm32l0xx_hal_tim.o(i.HAL_TIM_IC_CaptureCallback)
    i.HAL_TIM_IRQHandler                     0x0800186a   Section        0  stm32l0xx_hal_tim.o(i.HAL_TIM_IRQHandler)
    i.HAL_TIM_OC_DelayElapsedCallback        0x080019e6   Section        0  stm32l0xx_hal_tim.o(i.HAL_TIM_OC_DelayElapsedCallback)
    i.HAL_TIM_PWM_PulseFinishedCallback      0x080019e8   Section        0  stm32l0xx_hal_tim.o(i.HAL_TIM_PWM_PulseFinishedCallback)
    i.HAL_TIM_PeriodElapsedCallback          0x080019ec   Section        0  timer.o(i.HAL_TIM_PeriodElapsedCallback)
    i.HAL_TIM_TriggerCallback                0x08001a10   Section        0  stm32l0xx_hal_tim.o(i.HAL_TIM_TriggerCallback)
    i.HAL_UARTEx_WakeupCallback              0x08001a12   Section        0  stm32l0xx_hal_uart_ex.o(i.HAL_UARTEx_WakeupCallback)
    i.HAL_UART_ErrorCallback                 0x08001a14   Section        0  stm32l0xx_hal_uart.o(i.HAL_UART_ErrorCallback)
    i.HAL_UART_IRQHandler                    0x08001a16   Section        0  stm32l0xx_hal_uart.o(i.HAL_UART_IRQHandler)
    i.HAL_UART_Init                          0x08001b58   Section        0  stm32l0xx_hal_uart.o(i.HAL_UART_Init)
    i.HAL_UART_MspInit                       0x08001bd4   Section        0  stm32l0xx_hal_uart.o(i.HAL_UART_MspInit)
    i.HAL_UART_Receive                       0x08001bd8   Section        0  stm32l0xx_hal_uart.o(i.HAL_UART_Receive)
    i.HAL_UART_RxCpltCallback                0x08001d24   Section        0  stm32l0xx_hal_uart.o(i.HAL_UART_RxCpltCallback)
    i.HAL_UART_TxCpltCallback                0x08001d26   Section        0  stm32l0xx_hal_uart.o(i.HAL_UART_TxCpltCallback)
    i.HAL_USART_Init                         0x08001d28   Section        0  stm32l0xx_hal_usart.o(i.HAL_USART_Init)
    i.HAL_USART_MspInit                      0x08001d94   Section        0  usart4.o(i.HAL_USART_MspInit)
    i.HardFault_Handler                      0x08001e14   Section        0  stm32l0xx_it.o(i.HardFault_Handler)
    i.LED_Control                            0x08001e18   Section        0  led.o(i.LED_Control)
    i.LED_Init                               0x08001e50   Section        0  led.o(i.LED_Init)
    i.NMI_Handler                            0x08001e9c   Section        0  stm32l0xx_it.o(i.NMI_Handler)
    i.NVIC_SetPriority                       0x08001ea0   Section        0  stm32l0xx_hal_cortex.o(i.NVIC_SetPriority)
    NVIC_SetPriority                         0x08001ea1   Thumb Code   110  stm32l0xx_hal_cortex.o(i.NVIC_SetPriority)
    i.PendSV_Handler                         0x08001f18   Section        0  stm32l0xx_it.o(i.PendSV_Handler)
    i.SVC_Handler                            0x08001f1a   Section        0  stm32l0xx_it.o(i.SVC_Handler)
    i.SysTick_Handler                        0x08001f1c   Section        0  stm32l0xx_it.o(i.SysTick_Handler)
    i.Sys_Enter_Standby                      0x08001f24   Section        0  wkup.o(i.Sys_Enter_Standby)
    i.SystemClock_Config                     0x08001f64   Section        0  sys.o(i.SystemClock_Config)
    i.SystemInit                             0x08001fe4   Section        0  system_stm32l0xx.o(i.SystemInit)
    i.TIM7_IRQHandler                        0x0800204c   Section        0  timer.o(i.TIM7_IRQHandler)
    i.TIM7_Init                              0x0800205c   Section        0  timer.o(i.TIM7_Init)
    i.TIM_Base_SetConfig                     0x080020a8   Section        0  stm32l0xx_hal_tim.o(i.TIM_Base_SetConfig)
    TIM_Base_SetConfig                       0x080020a9   Thumb Code   120  stm32l0xx_hal_tim.o(i.TIM_Base_SetConfig)
    i.UART1_init                             0x0800212c   Section        0  usart1.o(i.UART1_init)
    i.UART_AdvFeatureConfig                  0x080021f8   Section        0  stm32l0xx_hal_uart.o(i.UART_AdvFeatureConfig)
    i.UART_CheckIdleState                    0x080022e8   Section        0  stm32l0xx_hal_uart.o(i.UART_CheckIdleState)
    i.UART_EndTransmit_IT                    0x08002348   Section        0  stm32l0xx_hal_uart.o(i.UART_EndTransmit_IT)
    UART_EndTransmit_IT                      0x08002349   Thumb Code    48  stm32l0xx_hal_uart.o(i.UART_EndTransmit_IT)
    i.UART_Receive_IT                        0x08002378   Section        0  stm32l0xx_hal_uart.o(i.UART_Receive_IT)
    UART_Receive_IT                          0x08002379   Thumb Code   180  stm32l0xx_hal_uart.o(i.UART_Receive_IT)
    i.UART_SetConfig                         0x0800242c   Section        0  stm32l0xx_hal_uart.o(i.UART_SetConfig)
    i.UART_Transmit_IT                       0x08002800   Section        0  stm32l0xx_hal_uart.o(i.UART_Transmit_IT)
    UART_Transmit_IT                         0x08002801   Thumb Code   122  stm32l0xx_hal_uart.o(i.UART_Transmit_IT)
    i.UART_WaitOnFlagUntilTimeout            0x0800287a   Section        0  stm32l0xx_hal_uart.o(i.UART_WaitOnFlagUntilTimeout)
    i.USART1_IRQHandler                      0x0800297c   Section        0  usart1.o(i.USART1_IRQHandler)
    i.USART_CheckIdleState                   0x08002a0c   Section        0  stm32l0xx_hal_usart.o(i.USART_CheckIdleState)
    USART_CheckIdleState                     0x08002a0d   Thumb Code   108  stm32l0xx_hal_usart.o(i.USART_CheckIdleState)
    i.USART_SetConfig                        0x08002a78   Section        0  stm32l0xx_hal_usart.o(i.USART_SetConfig)
    USART_SetConfig                          0x08002a79   Thumb Code   354  stm32l0xx_hal_usart.o(i.USART_SetConfig)
    i.USART_WaitOnFlagUntilTimeout           0x08002bf4   Section        0  stm32l0xx_hal_usart.o(i.USART_WaitOnFlagUntilTimeout)
    USART_WaitOnFlagUntilTimeout             0x08002bf5   Thumb Code   256  stm32l0xx_hal_usart.o(i.USART_WaitOnFlagUntilTimeout)
    i.WKUP_Init                              0x08002cf4   Section        0  wkup.o(i.WKUP_Init)
    i.__ARM_common_switch8                   0x08002d7c   Section        0  stm32l0xx_hal_irda.o(i.__ARM_common_switch8)
    i._sys_exit                              0x08002d98   Section        0  usart4.o(i._sys_exit)
    i.delay_init                             0x08002d9c   Section        0  delay.o(i.delay_init)
    i.delay_ms                               0x08002dd4   Section        0  delay.o(i.delay_ms)
    i.delay_xms                              0x08002e10   Section        0  delay.o(i.delay_xms)
    i.main                                   0x08002e50   Section        0  main.o(i.main)
    i.usart4_init                            0x08002e98   Section        0  usart4.o(i.usart4_init)
    .constdata                               0x08002ec0   Section       25  system_stm32l0xx.o(.constdata)
    x$fpl$usenofp                            0x08002ec0   Section        0  usenofp.o(x$fpl$usenofp)
    .constdata                               0x08002ed9   Section       16  stm32l0xx_hal_rcc.o(.constdata)
    APBAHBPrescTable                         0x08002ed9   Data          16  stm32l0xx_hal_rcc.o(.constdata)
    .constdata                               0x08002ee9   Section      128  ddiv.o(.constdata)
    ddiv_reciptbl                            0x08002ee9   Data         128  ddiv.o(.constdata)
    .data                                    0x20000000   Section        4  system_stm32l0xx.o(.data)
    .data                                    0x20000004   Section        4  stm32l0xx_hal.o(.data)
    uwTick                                   0x20000004   Data           4  stm32l0xx_hal.o(.data)
    .data                                    0x20000008   Section        4  delay.o(.data)
    fac_us                                   0x20000008   Data           1  delay.o(.data)
    fac_ms                                   0x2000000a   Data           2  delay.o(.data)
    .data                                    0x2000000c   Section        2  led.o(.data)
    .data                                    0x2000000e   Section        2  usart1.o(.data)
    .bss                                     0x20000010   Section      272  usart4.o(.bss)
    .bss                                     0x20000120   Section     1972  usart1.o(.bss)
    .bss                                     0x200008d4   Section       56  timer.o(.bss)
    .bss                                     0x2000090c   Section       96  libspace.o(.bss)
    HEAP                                     0x20000970   Section      512  startup_stm32l071xx.o(HEAP)
    Heap_Mem                                 0x20000970   Data         512  startup_stm32l071xx.o(HEAP)
    STACK                                    0x20000b70   Section     1024  startup_stm32l071xx.o(STACK)
    Stack_Mem                                0x20000b70   Data        1024  startup_stm32l071xx.o(STACK)
    __initial_sp                             0x20000f70   Data           0  startup_stm32l071xx.o(STACK)

    Global Symbols

    Symbol Name                              Value     Ov Type        Size  Object(Section)

    BuildAttributes$$THM_ISAv3M$S$PE$A:L22$X:L11$S22$IEEE1$IW$USESV6$~STKCKD$USESV7$~SHL$OTIME$ROPI$IEEEJ$EBA8$UX$STANDARDLIB$REQ8$PRES8$EABIv2 0x00000000   Number         0  anon$$obj.o ABSOLUTE
    __ARM_use_no_argv                        0x00000000   Number         0  main.o ABSOLUTE
    _printf_flags                            0x00000000   Number         0  printf_stubs.o ABSOLUTE
    _printf_return_value                     0x00000000   Number         0  printf_stubs.o ABSOLUTE
    _printf_sizespec                         0x00000000   Number         0  printf_stubs.o ABSOLUTE
    _printf_widthprec                        0x00000000   Number         0  printf_stubs.o ABSOLUTE
    __ARM_exceptions_init                     - Undefined Weak Reference
    __alloca_initialize                       - Undefined Weak Reference
    __arm_preinit_                            - Undefined Weak Reference
    __cpp_initialize__aeabi_                  - Undefined Weak Reference
    __cxa_finalize                            - Undefined Weak Reference
    __sigvec_lookup                           - Undefined Weak Reference
    _atexit_init                              - Undefined Weak Reference
    _call_atexit_fns                          - Undefined Weak Reference
    _clock_init                               - Undefined Weak Reference
    _fp_trap_init                             - Undefined Weak Reference
    _fp_trap_shutdown                         - Undefined Weak Reference
    _get_lc_collate                           - Undefined Weak Reference
    _get_lc_monetary                          - Undefined Weak Reference
    _get_lc_time                              - Undefined Weak Reference
    _getenv_init                              - Undefined Weak Reference
    _handle_redirection                       - Undefined Weak Reference
    _init_alloc                               - Undefined Weak Reference
    _init_user_alloc                          - Undefined Weak Reference
    _initio                                   - Undefined Weak Reference
    _mutex_acquire                            - Undefined Weak Reference
    _mutex_release                            - Undefined Weak Reference
    _printf_fp_hex                            - Undefined Weak Reference
    _printf_mbtowc                            - Undefined Weak Reference
    _printf_wc                                - Undefined Weak Reference
    _rand_init                                - Undefined Weak Reference
    _signal_finish                            - Undefined Weak Reference
    _signal_init                              - Undefined Weak Reference
    _terminate_alloc                          - Undefined Weak Reference
    _terminate_user_alloc                     - Undefined Weak Reference
    _terminateio                              - Undefined Weak Reference
    __Vectors_Size                           0x000000c0   Number         0  startup_stm32l071xx.o ABSOLUTE
    __Vectors                                0x08000000   Data           4  startup_stm32l071xx.o(RESET)
    __Vectors_End                            0x080000c0   Data           0  startup_stm32l071xx.o(RESET)
    __main                                   0x080000c1   Thumb Code     8  __main.o(!!!main)
    __scatterload                            0x080000c9   Thumb Code     0  __scatter.o(!!!scatter)
    __scatterload_rt2                        0x080000c9   Thumb Code    52  __scatter.o(!!!scatter)
    __scatterload_rt2_thumb_only             0x080000c9   Thumb Code     0  __scatter.o(!!!scatter)
    __scatterload_null                       0x080000d9   Thumb Code     0  __scatter.o(!!!scatter)
    __scatterload_copy                       0x08000105   Thumb Code    26  __scatter_copy.o(!!handler_copy)
    __scatterload_zeroinit                   0x08000121   Thumb Code    28  __scatter_zi.o(!!handler_zi)
    __rt_lib_init                            0x0800013d   Thumb Code     0  libinit.o(.ARM.Collect$$libinit$$00000000)
    __rt_lib_init_alloca_1                   0x0800013f   Thumb Code     0  libinit2.o(.ARM.Collect$$libinit$$0000002E)
    __rt_lib_init_argv_1                     0x0800013f   Thumb Code     0  libinit2.o(.ARM.Collect$$libinit$$0000002C)
    __rt_lib_init_atexit_1                   0x0800013f   Thumb Code     0  libinit2.o(.ARM.Collect$$libinit$$0000001B)
    __rt_lib_init_clock_1                    0x0800013f   Thumb Code     0  libinit2.o(.ARM.Collect$$libinit$$00000021)
    __rt_lib_init_cpp_1                      0x0800013f   Thumb Code     0  libinit2.o(.ARM.Collect$$libinit$$00000032)
    __rt_lib_init_exceptions_1               0x0800013f   Thumb Code     0  libinit2.o(.ARM.Collect$$libinit$$00000030)
    __rt_lib_init_fp_1                       0x0800013f   Thumb Code     0  libinit2.o(.ARM.Collect$$libinit$$00000002)
    __rt_lib_init_fp_trap_1                  0x0800013f   Thumb Code     0  libinit2.o(.ARM.Collect$$libinit$$0000001F)
    __rt_lib_init_getenv_1                   0x0800013f   Thumb Code     0  libinit2.o(.ARM.Collect$$libinit$$00000023)
    __rt_lib_init_heap_1                     0x0800013f   Thumb Code     0  libinit2.o(.ARM.Collect$$libinit$$0000000A)
    __rt_lib_init_lc_collate_1               0x0800013f   Thumb Code     0  libinit2.o(.ARM.Collect$$libinit$$00000011)
    __rt_lib_init_lc_ctype_1                 0x0800013f   Thumb Code     0  libinit2.o(.ARM.Collect$$libinit$$00000013)
    __rt_lib_init_lc_monetary_1              0x0800013f   Thumb Code     0  libinit2.o(.ARM.Collect$$libinit$$00000015)
    __rt_lib_init_lc_numeric_1               0x0800013f   Thumb Code     0  libinit2.o(.ARM.Collect$$libinit$$00000017)
    __rt_lib_init_lc_time_1                  0x0800013f   Thumb Code     0  libinit2.o(.ARM.Collect$$libinit$$00000019)
    __rt_lib_init_preinit_1                  0x0800013f   Thumb Code     0  libinit2.o(.ARM.Collect$$libinit$$00000004)
    __rt_lib_init_rand_1                     0x0800013f   Thumb Code     0  libinit2.o(.ARM.Collect$$libinit$$0000000E)
    __rt_lib_init_return                     0x0800013f   Thumb Code     0  libinit2.o(.ARM.Collect$$libinit$$00000033)
    __rt_lib_init_signal_1                   0x0800013f   Thumb Code     0  libinit2.o(.ARM.Collect$$libinit$$0000001D)
    __rt_lib_init_stdio_1                    0x0800013f   Thumb Code     0  libinit2.o(.ARM.Collect$$libinit$$00000025)
    __rt_lib_init_user_alloc_1               0x0800013f   Thumb Code     0  libinit2.o(.ARM.Collect$$libinit$$0000000C)
    __rt_lib_shutdown                        0x08000141   Thumb Code     0  libshutdown.o(.ARM.Collect$$libshutdown$$00000000)
    __rt_lib_shutdown_cpp_1                  0x08000143   Thumb Code     0  libshutdown2.o(.ARM.Collect$$libshutdown$$00000002)
    __rt_lib_shutdown_fp_trap_1              0x08000143   Thumb Code     0  libshutdown2.o(.ARM.Collect$$libshutdown$$00000007)
    __rt_lib_shutdown_heap_1                 0x08000143   Thumb Code     0  libshutdown2.o(.ARM.Collect$$libshutdown$$0000000F)
    __rt_lib_shutdown_return                 0x08000143   Thumb Code     0  libshutdown2.o(.ARM.Collect$$libshutdown$$00000010)
    __rt_lib_shutdown_signal_1               0x08000143   Thumb Code     0  libshutdown2.o(.ARM.Collect$$libshutdown$$0000000A)
    __rt_lib_shutdown_stdio_1                0x08000143   Thumb Code     0  libshutdown2.o(.ARM.Collect$$libshutdown$$00000004)
    __rt_lib_shutdown_user_alloc_1           0x08000143   Thumb Code     0  libshutdown2.o(.ARM.Collect$$libshutdown$$0000000C)
    __rt_entry                               0x08000145   Thumb Code     0  __rtentry.o(.ARM.Collect$$rtentry$$00000000)
    __rt_entry_presh_1                       0x08000145   Thumb Code     0  __rtentry2.o(.ARM.Collect$$rtentry$$00000002)
    __rt_entry_sh                            0x08000145   Thumb Code     0  __rtentry4.o(.ARM.Collect$$rtentry$$00000004)
    __rt_entry_li                            0x0800014b   Thumb Code     0  __rtentry2.o(.ARM.Collect$$rtentry$$0000000A)
    __rt_entry_postsh_1                      0x0800014b   Thumb Code     0  __rtentry2.o(.ARM.Collect$$rtentry$$00000009)
    __rt_entry_main                          0x0800014f   Thumb Code     0  __rtentry2.o(.ARM.Collect$$rtentry$$0000000D)
    __rt_entry_postli_1                      0x0800014f   Thumb Code     0  __rtentry2.o(.ARM.Collect$$rtentry$$0000000C)
    __rt_exit                                0x08000157   Thumb Code     0  rtexit.o(.ARM.Collect$$rtexit$$00000000)
    __rt_exit_ls                             0x08000159   Thumb Code     0  rtexit2.o(.ARM.Collect$$rtexit$$00000003)
    __rt_exit_prels_1                        0x08000159   Thumb Code     0  rtexit2.o(.ARM.Collect$$rtexit$$00000002)
    __rt_exit_exit                           0x0800015d   Thumb Code     0  rtexit2.o(.ARM.Collect$$rtexit$$00000004)
    Reset_Handler                            0x08000165   Thumb Code     8  startup_stm32l071xx.o(.text)
    ADC1_COMP_IRQHandler                     0x08000177   Thumb Code     0  startup_stm32l071xx.o(.text)
    DMA1_Channel1_IRQHandler                 0x08000177   Thumb Code     0  startup_stm32l071xx.o(.text)
    DMA1_Channel2_3_IRQHandler               0x08000177   Thumb Code     0  startup_stm32l071xx.o(.text)
    DMA1_Channel4_5_6_7_IRQHandler           0x08000177   Thumb Code     0  startup_stm32l071xx.o(.text)
    EXTI0_1_IRQHandler                       0x08000177   Thumb Code     0  startup_stm32l071xx.o(.text)
    EXTI2_3_IRQHandler                       0x08000177   Thumb Code     0  startup_stm32l071xx.o(.text)
    FLASH_IRQHandler                         0x08000177   Thumb Code     0  startup_stm32l071xx.o(.text)
    I2C1_IRQHandler                          0x08000177   Thumb Code     0  startup_stm32l071xx.o(.text)
    I2C2_IRQHandler                          0x08000177   Thumb Code     0  startup_stm32l071xx.o(.text)
    I2C3_IRQHandler                          0x08000177   Thumb Code     0  startup_stm32l071xx.o(.text)
    LPTIM1_IRQHandler                        0x08000177   Thumb Code     0  startup_stm32l071xx.o(.text)
    LPUART1_IRQHandler                       0x08000177   Thumb Code     0  startup_stm32l071xx.o(.text)
    PVD_IRQHandler                           0x08000177   Thumb Code     0  startup_stm32l071xx.o(.text)
    RCC_IRQHandler                           0x08000177   Thumb Code     0  startup_stm32l071xx.o(.text)
    RTC_IRQHandler                           0x08000177   Thumb Code     0  startup_stm32l071xx.o(.text)
    SPI1_IRQHandler                          0x08000177   Thumb Code     0  startup_stm32l071xx.o(.text)
    SPI2_IRQHandler                          0x08000177   Thumb Code     0  startup_stm32l071xx.o(.text)
    TIM21_IRQHandler                         0x08000177   Thumb Code     0  startup_stm32l071xx.o(.text)
    TIM22_IRQHandler                         0x08000177   Thumb Code     0  startup_stm32l071xx.o(.text)
    TIM2_IRQHandler                          0x08000177   Thumb Code     0  startup_stm32l071xx.o(.text)
    TIM3_IRQHandler                          0x08000177   Thumb Code     0  startup_stm32l071xx.o(.text)
    TIM6_IRQHandler                          0x08000177   Thumb Code     0  startup_stm32l071xx.o(.text)
    USART2_IRQHandler                        0x08000177   Thumb Code     0  startup_stm32l071xx.o(.text)
    USART4_5_IRQHandler                      0x08000177   Thumb Code     0  startup_stm32l071xx.o(.text)
    WWDG_IRQHandler                          0x08000177   Thumb Code     0  startup_stm32l071xx.o(.text)
    __user_initial_stackheap                 0x08000179   Thumb Code     0  startup_stm32l071xx.o(.text)
    __use_no_semihosting                     0x0800019d   Thumb Code     2  use_no_semi_2.o(.text)
    _memset_w                                0x0800019f   Thumb Code    26  rt_memclr.o(.text)
    _memset                                  0x080001b9   Thumb Code    30  rt_memclr.o(.text)
    __aeabi_memclr                           0x080001d7   Thumb Code     4  rt_memclr.o(.text)
    __rt_memclr                              0x080001d7   Thumb Code     0  rt_memclr.o(.text)
    __aeabi_memclr4                          0x080001db   Thumb Code     0  rt_memclr.o(.text)
    __aeabi_memclr8                          0x080001db   Thumb Code     0  rt_memclr.o(.text)
    __rt_memclr_w                            0x080001db   Thumb Code     4  rt_memclr.o(.text)
    __aeabi_uidiv                            0x080001df   Thumb Code     0  aeabi_sdiv.o(.text)
    __aeabi_uidivmod                         0x080001df   Thumb Code    20  aeabi_sdiv.o(.text)
    __aeabi_idiv                             0x080001f3   Thumb Code     0  aeabi_sdiv.o(.text)
    __aeabi_idivmod                          0x080001f3   Thumb Code   326  aeabi_sdiv.o(.text)
    __use_two_region_memory                  0x08000339   Thumb Code     2  heapauxi.o(.text)
    __rt_heap_escrow$2region                 0x0800033b   Thumb Code     2  heapauxi.o(.text)
    __rt_heap_expand$2region                 0x0800033d   Thumb Code     2  heapauxi.o(.text)
    __aeabi_ddiv                             0x08000341   Thumb Code     0  ddiv.o(.text)
    _ddiv                                    0x08000341   Thumb Code  1072  ddiv.o(.text)
    _drdiv                                   0x08000771   Thumb Code    20  ddiv.o(.text)
    __aeabi_d2uiz                            0x08000789   Thumb Code     0  dfixui.o(.text)
    _dfixu                                   0x08000789   Thumb Code    68  dfixui.o(.text)
    __aeabi_l2d_normalise                    0x080007d1   Thumb Code   104  dfltl.o(.text)
    __aeabi_l2d                              0x08000839   Thumb Code    20  dfltl.o(.text)
    _ll_sto_d                                0x08000839   Thumb Code     0  dfltl.o(.text)
    __aeabi_ul2d                             0x0800084d   Thumb Code     4  dfltl.o(.text)
    _ll_uto_d                                0x0800084d   Thumb Code     0  dfltl.o(.text)
    __aeabi_dmul                             0x08000855   Thumb Code     0  dmul.o(.text)
    _dmul                                    0x08000855   Thumb Code   558  dmul.o(.text)
    __I$use$semihosting                      0x08000a9d   Thumb Code     0  use_no_semi.o(.text)
    __use_no_semihosting_swi                 0x08000a9d   Thumb Code     2  use_no_semi.o(.text)
    __user_libspace                          0x08000aa1   Thumb Code     8  libspace.o(.text)
    __user_perproc_libspace                  0x08000aa1   Thumb Code     0  libspace.o(.text)
    __user_perthread_libspace                0x08000aa1   Thumb Code     0  libspace.o(.text)
    __user_setup_stackheap                   0x08000aa9   Thumb Code    62  sys_stackheap_outer.o(.text)
    exit                                     0x08000ae7   Thumb Code    16  exit.o(.text)
    Check_WKUP                               0x08000af9   Thumb Code    44  wkup.o(i.Check_WKUP)
    EXTI4_15_IRQHandler                      0x08000b29   Thumb Code    12  wkup.o(i.EXTI4_15_IRQHandler)
    HAL_GPIO_EXTI_Callback                   0x08000b35   Thumb Code    26  wkup.o(i.HAL_GPIO_EXTI_Callback)
    HAL_GPIO_EXTI_IRQHandler                 0x08000b51   Thumb Code    26  stm32l0xx_hal_gpio.o(i.HAL_GPIO_EXTI_IRQHandler)
    HAL_GPIO_Init                            0x08000b71   Thumb Code   472  stm32l0xx_hal_gpio.o(i.HAL_GPIO_Init)
    HAL_GPIO_ReadPin                         0x08000d69   Thumb Code    18  stm32l0xx_hal_gpio.o(i.HAL_GPIO_ReadPin)
    HAL_GPIO_WritePin                        0x08000d7b   Thumb Code    12  stm32l0xx_hal_gpio.o(i.HAL_GPIO_WritePin)
    HAL_GetTick                              0x08000d89   Thumb Code     6  stm32l0xx_hal.o(i.HAL_GetTick)
    HAL_IncTick                              0x08000d95   Thumb Code    12  stm32l0xx_hal.o(i.HAL_IncTick)
    HAL_Init                                 0x08000da5   Thumb Code    28  stm32l0xx_hal.o(i.HAL_Init)
    HAL_InitTick                             0x08000dc5   Thumb Code    38  stm32l0xx_hal.o(i.HAL_InitTick)
    HAL_MspInit                              0x08000deb   Thumb Code     2  stm32l0xx_hal_msp_template.o(i.HAL_MspInit)
    HAL_NVIC_EnableIRQ                       0x08000ded   Thumb Code    18  stm32l0xx_hal_cortex.o(i.HAL_NVIC_EnableIRQ)
    HAL_NVIC_SetPriority                     0x08000e05   Thumb Code    18  stm32l0xx_hal_cortex.o(i.HAL_NVIC_SetPriority)
    HAL_PWR_EnableBkUpAccess                 0x08000e19   Thumb Code    16  stm32l0xx_hal_pwr.o(i.HAL_PWR_EnableBkUpAccess)
    HAL_PWR_EnableWakeUpPin                  0x08000e2d   Thumb Code    12  stm32l0xx_hal_pwr.o(i.HAL_PWR_EnableWakeUpPin)
    HAL_PWR_EnterSTANDBYMode                 0x08000e3d   Thumb Code    32  stm32l0xx_hal_pwr.o(i.HAL_PWR_EnterSTANDBYMode)
    HAL_RCC_ClockConfig                      0x08000e65   Thumb Code   458  stm32l0xx_hal_rcc.o(i.HAL_RCC_ClockConfig)
    HAL_RCC_GetHCLKFreq                      0x0800103d   Thumb Code    32  stm32l0xx_hal_rcc.o(i.HAL_RCC_GetHCLKFreq)
    HAL_RCC_GetPCLK1Freq                     0x08001069   Thumb Code    26  stm32l0xx_hal_rcc.o(i.HAL_RCC_GetPCLK1Freq)
    HAL_RCC_GetPCLK2Freq                     0x0800108d   Thumb Code    26  stm32l0xx_hal_rcc.o(i.HAL_RCC_GetPCLK2Freq)
    HAL_RCC_GetSysClockFreq                  0x080010b1   Thumb Code   214  stm32l0xx_hal_rcc.o(i.HAL_RCC_GetSysClockFreq)
    HAL_RCC_OscConfig                        0x0800119d   Thumb Code  1498  stm32l0xx_hal_rcc.o(i.HAL_RCC_OscConfig)
    HAL_SYSTICK_Config                       0x08001785   Thumb Code    46  stm32l0xx_hal_cortex.o(i.HAL_SYSTICK_Config)
    HAL_TIM_Base_Init                        0x080017bd   Thumb Code    56  stm32l0xx_hal_tim.o(i.HAL_TIM_Base_Init)
    HAL_TIM_Base_MspInit                     0x080017f5   Thumb Code     2  stm32l0xx_hal_tim.o(i.HAL_TIM_Base_MspInit)
    HAL_TIM_Base_Start                       0x080017f7   Thumb Code    30  stm32l0xx_hal_tim.o(i.HAL_TIM_Base_Start)
    HAL_TIM_Base_Start_IT                    0x08001815   Thumb Code    30  stm32l0xx_hal_tim.o(i.HAL_TIM_Base_Start_IT)
    HAL_TIM_Base_Stop                        0x08001835   Thumb Code    46  stm32l0xx_hal_tim.o(i.HAL_TIM_Base_Stop)
    HAL_TIM_IC_CaptureCallback               0x08001869   Thumb Code     2  stm32l0xx_hal_tim.o(i.HAL_TIM_IC_CaptureCallback)
    HAL_TIM_IRQHandler                       0x0800186b   Thumb Code   380  stm32l0xx_hal_tim.o(i.HAL_TIM_IRQHandler)
    HAL_TIM_OC_DelayElapsedCallback          0x080019e7   Thumb Code     2  stm32l0xx_hal_tim.o(i.HAL_TIM_OC_DelayElapsedCallback)
    HAL_TIM_PWM_PulseFinishedCallback        0x080019e9   Thumb Code     2  stm32l0xx_hal_tim.o(i.HAL_TIM_PWM_PulseFinishedCallback)
    HAL_TIM_PeriodElapsedCallback            0x080019ed   Thumb Code    26  timer.o(i.HAL_TIM_PeriodElapsedCallback)
    HAL_TIM_TriggerCallback                  0x08001a11   Thumb Code     2  stm32l0xx_hal_tim.o(i.HAL_TIM_TriggerCallback)
    HAL_UARTEx_WakeupCallback                0x08001a13   Thumb Code     2  stm32l0xx_hal_uart_ex.o(i.HAL_UARTEx_WakeupCallback)
    HAL_UART_ErrorCallback                   0x08001a15   Thumb Code     2  stm32l0xx_hal_uart.o(i.HAL_UART_ErrorCallback)
    HAL_UART_IRQHandler                      0x08001a17   Thumb Code   322  stm32l0xx_hal_uart.o(i.HAL_UART_IRQHandler)
    HAL_UART_Init                            0x08001b59   Thumb Code   124  stm32l0xx_hal_uart.o(i.HAL_UART_Init)
    HAL_UART_MspInit                         0x08001bd5   Thumb Code     2  stm32l0xx_hal_uart.o(i.HAL_UART_MspInit)
    HAL_UART_Receive                         0x08001bd9   Thumb Code   326  stm32l0xx_hal_uart.o(i.HAL_UART_Receive)
    HAL_UART_RxCpltCallback                  0x08001d25   Thumb Code     2  stm32l0xx_hal_uart.o(i.HAL_UART_RxCpltCallback)
    HAL_UART_TxCpltCallback                  0x08001d27   Thumb Code     2  stm32l0xx_hal_uart.o(i.HAL_UART_TxCpltCallback)
    HAL_USART_Init                           0x08001d29   Thumb Code   108  stm32l0xx_hal_usart.o(i.HAL_USART_Init)
    HAL_USART_MspInit                        0x08001d95   Thumb Code   116  usart4.o(i.HAL_USART_MspInit)
    HardFault_Handler                        0x08001e15   Thumb Code     4  stm32l0xx_it.o(i.HardFault_Handler)
    LED_Control                              0x08001e19   Thumb Code    44  led.o(i.LED_Control)
    LED_Init                                 0x08001e51   Thumb Code    68  led.o(i.LED_Init)
    NMI_Handler                              0x08001e9d   Thumb Code     2  stm32l0xx_it.o(i.NMI_Handler)
    PendSV_Handler                           0x08001f19   Thumb Code     2  stm32l0xx_it.o(i.PendSV_Handler)
    SVC_Handler                              0x08001f1b   Thumb Code     2  stm32l0xx_it.o(i.SVC_Handler)
    SysTick_Handler                          0x08001f1d   Thumb Code     8  stm32l0xx_it.o(i.SysTick_Handler)
    Sys_Enter_Standby                        0x08001f25   Thumb Code    58  wkup.o(i.Sys_Enter_Standby)
    SystemClock_Config                       0x08001f65   Thumb Code   120  sys.o(i.SystemClock_Config)
    SystemInit                               0x08001fe5   Thumb Code    88  system_stm32l0xx.o(i.SystemInit)
    TIM7_IRQHandler                          0x0800204d   Thumb Code    10  timer.o(i.TIM7_IRQHandler)
    TIM7_Init                                0x0800205d   Thumb Code    64  timer.o(i.TIM7_Init)
    UART1_init                               0x0800212d   Thumb Code   180  usart1.o(i.UART1_init)
    UART_AdvFeatureConfig                    0x080021f9   Thumb Code   240  stm32l0xx_hal_uart.o(i.UART_AdvFeatureConfig)
    UART_CheckIdleState                      0x080022e9   Thumb Code    92  stm32l0xx_hal_uart.o(i.UART_CheckIdleState)
    UART_SetConfig                           0x0800242d   Thumb Code   924  stm32l0xx_hal_uart.o(i.UART_SetConfig)
    UART_WaitOnFlagUntilTimeout              0x0800287b   Thumb Code   256  stm32l0xx_hal_uart.o(i.UART_WaitOnFlagUntilTimeout)
    USART1_IRQHandler                        0x0800297d   Thumb Code   122  usart1.o(i.USART1_IRQHandler)
    WKUP_Init                                0x08002cf5   Thumb Code   124  wkup.o(i.WKUP_Init)
    __ARM_common_switch8                     0x08002d7d   Thumb Code    28  stm32l0xx_hal_irda.o(i.__ARM_common_switch8)
    _sys_exit                                0x08002d99   Thumb Code     4  usart4.o(i._sys_exit)
    delay_init                               0x08002d9d   Thumb Code    42  delay.o(i.delay_init)
    delay_ms                                 0x08002dd5   Thumb Code    58  delay.o(i.delay_ms)
    delay_xms                                0x08002e11   Thumb Code    54  delay.o(i.delay_xms)
    main                                     0x08002e51   Thumb Code    68  main.o(i.main)
    usart4_init                              0x08002e99   Thumb Code    32  usart4.o(i.usart4_init)
    AHBPrescTable                            0x08002ec0   Data          16  system_stm32l0xx.o(.constdata)
    __I$use$fp                               0x08002ec0   Number         0  usenofp.o(x$fpl$usenofp)
    PLLMulTable                              0x08002ed0   Data           9  system_stm32l0xx.o(.constdata)
    Region$$Table$$Base                      0x08002f6c   Number         0  anon$$obj.o(Region$$Table)
    Region$$Table$$Limit                     0x08002f8c   Number         0  anon$$obj.o(Region$$Table)
    SystemCoreClock                          0x20000000   Data           4  system_stm32l0xx.o(.data)
    LED_ON                                   0x2000000c   Data           1  led.o(.data)
    LED_OFF                                  0x2000000d   Data           1  led.o(.data)
    USART1_RX_STA                            0x2000000e   Data           2  usart1.o(.data)
    USART_RX_BUF                             0x20000010   Data         200  usart4.o(.bss)
    USART4_Handler                           0x200000d8   Data          72  usart4.o(.bss)
    USART1_TX_BUF                            0x20000120   Data        1460  usart1.o(.bss)
    USART1_RX_BUF                            0x200006d4   Data         400  usart1.o(.bss)
    UART1_Handler                            0x20000864   Data         112  usart1.o(.bss)
    TIM7_Handler                             0x200008d4   Data          56  timer.o(.bss)
    __libspace_start                         0x2000090c   Data          96  libspace.o(.bss)
    __temporary_stack_top$libspace           0x2000096c   Data           0  libspace.o(.bss)



==============================================================================

Memory Map of the image

  Image Entry point : 0x080000c1

  Load Region LR_IROM1 (Base: 0x08000000, Size: 0x00002f9c, Max: 0x00020000, ABSOLUTE)

    Execution Region ER_IROM1 (Base: 0x08000000, Size: 0x00002f8c, Max: 0x00020000, ABSOLUTE)

    Base Addr    Size         Type   Attr      Idx    E Section Name        Object

    0x08000000   0x000000c0   Data   RO          430    RESET               startup_stm32l071xx.o
    0x080000c0   0x00000008   Code   RO         6256  * !!!main             c_p.l(__main.o)
    0x080000c8   0x0000003c   Code   RO         6564    !!!scatter          c_p.l(__scatter.o)
    0x08000104   0x0000001a   Code   RO         6566    !!handler_copy      c_p.l(__scatter_copy.o)
    0x0800011e   0x00000002   PAD
    0x08000120   0x0000001c   Code   RO         6568    !!handler_zi        c_p.l(__scatter_zi.o)
    0x0800013c   0x00000002   Code   RO         6437    .ARM.Collect$$libinit$$00000000  c_p.l(libinit.o)
    0x0800013e   0x00000000   Code   RO         6439    .ARM.Collect$$libinit$$00000002  c_p.l(libinit2.o)
    0x0800013e   0x00000000   Code   RO         6441    .ARM.Collect$$libinit$$00000004  c_p.l(libinit2.o)
    0x0800013e   0x00000000   Code   RO         6444    .ARM.Collect$$libinit$$0000000A  c_p.l(libinit2.o)
    0x0800013e   0x00000000   Code   RO         6446    .ARM.Collect$$libinit$$0000000C  c_p.l(libinit2.o)
    0x0800013e   0x00000000   Code   RO         6448    .ARM.Collect$$libinit$$0000000E  c_p.l(libinit2.o)
    0x0800013e   0x00000000   Code   RO         6451    .ARM.Collect$$libinit$$00000011  c_p.l(libinit2.o)
    0x0800013e   0x00000000   Code   RO         6453    .ARM.Collect$$libinit$$00000013  c_p.l(libinit2.o)
    0x0800013e   0x00000000   Code   RO         6455    .ARM.Collect$$libinit$$00000015  c_p.l(libinit2.o)
    0x0800013e   0x00000000   Code   RO         6457    .ARM.Collect$$libinit$$00000017  c_p.l(libinit2.o)
    0x0800013e   0x00000000   Code   RO         6459    .ARM.Collect$$libinit$$00000019  c_p.l(libinit2.o)
    0x0800013e   0x00000000   Code   RO         6461    .ARM.Collect$$libinit$$0000001B  c_p.l(libinit2.o)
    0x0800013e   0x00000000   Code   RO         6463    .ARM.Collect$$libinit$$0000001D  c_p.l(libinit2.o)
    0x0800013e   0x00000000   Code   RO         6465    .ARM.Collect$$libinit$$0000001F  c_p.l(libinit2.o)
    0x0800013e   0x00000000   Code   RO         6467    .ARM.Collect$$libinit$$00000021  c_p.l(libinit2.o)
    0x0800013e   0x00000000   Code   RO         6469    .ARM.Collect$$libinit$$00000023  c_p.l(libinit2.o)
    0x0800013e   0x00000000   Code   RO         6471    .ARM.Collect$$libinit$$00000025  c_p.l(libinit2.o)
    0x0800013e   0x00000000   Code   RO         6475    .ARM.Collect$$libinit$$0000002C  c_p.l(libinit2.o)
    0x0800013e   0x00000000   Code   RO         6477    .ARM.Collect$$libinit$$0000002E  c_p.l(libinit2.o)
    0x0800013e   0x00000000   Code   RO         6479    .ARM.Collect$$libinit$$00000030  c_p.l(libinit2.o)
    0x0800013e   0x00000000   Code   RO         6481    .ARM.Collect$$libinit$$00000032  c_p.l(libinit2.o)
    0x0800013e   0x00000002   Code   RO         6482    .ARM.Collect$$libinit$$00000033  c_p.l(libinit2.o)
    0x08000140   0x00000002   Code   RO         6528    .ARM.Collect$$libshutdown$$00000000  c_p.l(libshutdown.o)
    0x08000142   0x00000000   Code   RO         6547    .ARM.Collect$$libshutdown$$00000002  c_p.l(libshutdown2.o)
    0x08000142   0x00000000   Code   RO         6549    .ARM.Collect$$libshutdown$$00000004  c_p.l(libshutdown2.o)
    0x08000142   0x00000000   Code   RO         6552    .ARM.Collect$$libshutdown$$00000007  c_p.l(libshutdown2.o)
    0x08000142   0x00000000   Code   RO         6555    .ARM.Collect$$libshutdown$$0000000A  c_p.l(libshutdown2.o)
    0x08000142   0x00000000   Code   RO         6557    .ARM.Collect$$libshutdown$$0000000C  c_p.l(libshutdown2.o)
    0x08000142   0x00000000   Code   RO         6560    .ARM.Collect$$libshutdown$$0000000F  c_p.l(libshutdown2.o)
    0x08000142   0x00000002   Code   RO         6561    .ARM.Collect$$libshutdown$$00000010  c_p.l(libshutdown2.o)
    0x08000144   0x00000000   Code   RO         6284    .ARM.Collect$$rtentry$$00000000  c_p.l(__rtentry.o)
    0x08000144   0x00000000   Code   RO         6367    .ARM.Collect$$rtentry$$00000002  c_p.l(__rtentry2.o)
    0x08000144   0x00000006   Code   RO         6379    .ARM.Collect$$rtentry$$00000004  c_p.l(__rtentry4.o)
    0x0800014a   0x00000000   Code   RO         6369    .ARM.Collect$$rtentry$$00000009  c_p.l(__rtentry2.o)
    0x0800014a   0x00000004   Code   RO         6370    .ARM.Collect$$rtentry$$0000000A  c_p.l(__rtentry2.o)
    0x0800014e   0x00000000   Code   RO         6372    .ARM.Collect$$rtentry$$0000000C  c_p.l(__rtentry2.o)
    0x0800014e   0x00000008   Code   RO         6373    .ARM.Collect$$rtentry$$0000000D  c_p.l(__rtentry2.o)
    0x08000156   0x00000002   Code   RO         6484    .ARM.Collect$$rtexit$$00000000  c_p.l(rtexit.o)
    0x08000158   0x00000000   Code   RO         6500    .ARM.Collect$$rtexit$$00000002  c_p.l(rtexit2.o)
    0x08000158   0x00000004   Code   RO         6501    .ARM.Collect$$rtexit$$00000003  c_p.l(rtexit2.o)
    0x0800015c   0x00000006   Code   RO         6502    .ARM.Collect$$rtexit$$00000004  c_p.l(rtexit2.o)
    0x08000162   0x00000002   PAD
    0x08000164   0x00000038   Code   RO          431    .text               startup_stm32l071xx.o
    0x0800019c   0x00000002   Code   RO         6198    .text               c_p.l(use_no_semi_2.o)
    0x0800019e   0x00000040   Code   RO         6248    .text               c_p.l(rt_memclr.o)
    0x080001de   0x0000015a   Code   RO         6250    .text               c_p.l(aeabi_sdiv.o)
    0x08000338   0x00000006   Code   RO         6254    .text               c_p.l(heapauxi.o)
    0x0800033e   0x00000002   PAD
    0x08000340   0x00000448   Code   RO         6260    .text               fz_ps.l(ddiv.o)
    0x08000788   0x00000048   Code   RO         6263    .text               fz_ps.l(dfixui.o)
    0x080007d0   0x00000084   Code   RO         6267    .text               fz_ps.l(dfltl.o)
    0x08000854   0x00000248   Code   RO         6269    .text               fz_ps.l(dmul.o)
    0x08000a9c   0x00000002   Code   RO         6282    .text               c_p.l(use_no_semi.o)
    0x08000a9e   0x00000002   PAD
    0x08000aa0   0x00000008   Code   RO         6416    .text               c_p.l(libspace.o)
    0x08000aa8   0x0000003e   Code   RO         6419    .text               c_p.l(sys_stackheap_outer.o)
    0x08000ae6   0x00000010   Code   RO         6424    .text               c_p.l(exit.o)
    0x08000af6   0x00000002   PAD
    0x08000af8   0x00000030   Code   RO         5539    i.Check_WKUP        wkup.o
    0x08000b28   0x0000000c   Code   RO         5540    i.EXTI4_15_IRQHandler  wkup.o
    0x08000b34   0x0000001a   Code   RO         5541    i.HAL_GPIO_EXTI_Callback  wkup.o
    0x08000b4e   0x00000002   PAD
    0x08000b50   0x00000020   Code   RO         1600    i.HAL_GPIO_EXTI_IRQHandler  stm32l0xx_hal_gpio.o
    0x08000b70   0x000001f8   Code   RO         1601    i.HAL_GPIO_Init     stm32l0xx_hal_gpio.o
    0x08000d68   0x00000012   Code   RO         1603    i.HAL_GPIO_ReadPin  stm32l0xx_hal_gpio.o
    0x08000d7a   0x0000000c   Code   RO         1605    i.HAL_GPIO_WritePin  stm32l0xx_hal_gpio.o
    0x08000d86   0x00000002   PAD
    0x08000d88   0x0000000c   Code   RO          450    i.HAL_GetTick       stm32l0xx_hal.o
    0x08000d94   0x00000010   Code   RO          451    i.HAL_IncTick       stm32l0xx_hal.o
    0x08000da4   0x00000020   Code   RO          452    i.HAL_Init          stm32l0xx_hal.o
    0x08000dc4   0x00000026   Code   RO          453    i.HAL_InitTick      stm32l0xx_hal.o
    0x08000dea   0x00000002   Code   RO         2713    i.HAL_MspInit       stm32l0xx_hal_msp_template.o
    0x08000dec   0x00000018   Code   RO          973    i.HAL_NVIC_EnableIRQ  stm32l0xx_hal_cortex.o
    0x08000e04   0x00000012   Code   RO          977    i.HAL_NVIC_SetPriority  stm32l0xx_hal_cortex.o
    0x08000e16   0x00000002   PAD
    0x08000e18   0x00000014   Code   RO         2774    i.HAL_PWR_EnableBkUpAccess  stm32l0xx_hal_pwr.o
    0x08000e2c   0x00000010   Code   RO         2778    i.HAL_PWR_EnableWakeUpPin  stm32l0xx_hal_pwr.o
    0x08000e3c   0x00000028   Code   RO         2780    i.HAL_PWR_EnterSTANDBYMode  stm32l0xx_hal_pwr.o
    0x08000e64   0x000001d8   Code   RO         2934    i.HAL_RCC_ClockConfig  stm32l0xx_hal_rcc.o
    0x0800103c   0x0000002c   Code   RO         2938    i.HAL_RCC_GetHCLKFreq  stm32l0xx_hal_rcc.o
    0x08001068   0x00000024   Code   RO         2940    i.HAL_RCC_GetPCLK1Freq  stm32l0xx_hal_rcc.o
    0x0800108c   0x00000024   Code   RO         2941    i.HAL_RCC_GetPCLK2Freq  stm32l0xx_hal_rcc.o
    0x080010b0   0x000000ec   Code   RO         2942    i.HAL_RCC_GetSysClockFreq  stm32l0xx_hal_rcc.o
    0x0800119c   0x000005e8   Code   RO         2945    i.HAL_RCC_OscConfig  stm32l0xx_hal_rcc.o
    0x08001784   0x00000038   Code   RO          981    i.HAL_SYSTICK_Config  stm32l0xx_hal_cortex.o
    0x080017bc   0x00000038   Code   RO         4091    i.HAL_TIM_Base_Init  stm32l0xx_hal_tim.o
    0x080017f4   0x00000002   Code   RO         4093    i.HAL_TIM_Base_MspInit  stm32l0xx_hal_tim.o
    0x080017f6   0x0000001e   Code   RO         4094    i.HAL_TIM_Base_Start  stm32l0xx_hal_tim.o
    0x08001814   0x0000001e   Code   RO         4096    i.HAL_TIM_Base_Start_IT  stm32l0xx_hal_tim.o
    0x08001832   0x00000002   PAD
    0x08001834   0x00000034   Code   RO         4097    i.HAL_TIM_Base_Stop  stm32l0xx_hal_tim.o
    0x08001868   0x00000002   Code   RO         4120    i.HAL_TIM_IC_CaptureCallback  stm32l0xx_hal_tim.o
    0x0800186a   0x0000017c   Code   RO         4133    i.HAL_TIM_IRQHandler  stm32l0xx_hal_tim.o
    0x080019e6   0x00000002   Code   RO         4136    i.HAL_TIM_OC_DelayElapsedCallback  stm32l0xx_hal_tim.o
    0x080019e8   0x00000002   Code   RO         4163    i.HAL_TIM_PWM_PulseFinishedCallback  stm32l0xx_hal_tim.o
    0x080019ea   0x00000002   PAD
    0x080019ec   0x00000024   Code   RO         5998    i.HAL_TIM_PeriodElapsedCallback  timer.o
    0x08001a10   0x00000002   Code   RO         4174    i.HAL_TIM_TriggerCallback  stm32l0xx_hal_tim.o
    0x08001a12   0x00000002   Code   RO         5016    i.HAL_UARTEx_WakeupCallback  stm32l0xx_hal_uart_ex.o
    0x08001a14   0x00000002   Code   RO         4764    i.HAL_UART_ErrorCallback  stm32l0xx_hal_uart.o
    0x08001a16   0x00000142   Code   RO         4767    i.HAL_UART_IRQHandler  stm32l0xx_hal_uart.o
    0x08001b58   0x0000007c   Code   RO         4768    i.HAL_UART_Init     stm32l0xx_hal_uart.o
    0x08001bd4   0x00000002   Code   RO         4770    i.HAL_UART_MspInit  stm32l0xx_hal_uart.o
    0x08001bd6   0x00000002   PAD
    0x08001bd8   0x0000014c   Code   RO         4771    i.HAL_UART_Receive  stm32l0xx_hal_uart.o
    0x08001d24   0x00000002   Code   RO         4774    i.HAL_UART_RxCpltCallback  stm32l0xx_hal_uart.o
    0x08001d26   0x00000002   Code   RO         4779    i.HAL_UART_TxCpltCallback  stm32l0xx_hal_uart.o
    0x08001d28   0x0000006c   Code   RO         5084    i.HAL_USART_Init    stm32l0xx_hal_usart.o
    0x08001d94   0x00000080   Code   RO         5446    i.HAL_USART_MspInit  usart4.o
    0x08001e14   0x00000004   Code   RO          262    i.HardFault_Handler  stm32l0xx_it.o
    0x08001e18   0x00000038   Code   RO         5507    i.LED_Control       led.o
    0x08001e50   0x0000004c   Code   RO         5508    i.LED_Init          led.o
    0x08001e9c   0x00000002   Code   RO          264    i.NMI_Handler       stm32l0xx_it.o
    0x08001e9e   0x00000002   PAD
    0x08001ea0   0x00000078   Code   RO          983    i.NVIC_SetPriority  stm32l0xx_hal_cortex.o
    0x08001f18   0x00000002   Code   RO          265    i.PendSV_Handler    stm32l0xx_it.o
    0x08001f1a   0x00000002   Code   RO          266    i.SVC_Handler       stm32l0xx_it.o
    0x08001f1c   0x00000008   Code   RO          267    i.SysTick_Handler   stm32l0xx_it.o
    0x08001f24   0x00000040   Code   RO         5542    i.Sys_Enter_Standby  wkup.o
    0x08001f64   0x00000080   Code   RO         5374    i.SystemClock_Config  sys.o
    0x08001fe4   0x00000068   Code   RO          338    i.SystemInit        system_stm32l0xx.o
    0x0800204c   0x00000010   Code   RO         5999    i.TIM7_IRQHandler   timer.o
    0x0800205c   0x0000004c   Code   RO         6000    i.TIM7_Init         timer.o
    0x080020a8   0x00000084   Code   RO         4175    i.TIM_Base_SetConfig  stm32l0xx_hal_tim.o
    0x0800212c   0x000000cc   Code   RO         5873    i.UART1_init        usart1.o
    0x080021f8   0x000000f0   Code   RO         4781    i.UART_AdvFeatureConfig  stm32l0xx_hal_uart.o
    0x080022e8   0x00000060   Code   RO         4782    i.UART_CheckIdleState  stm32l0xx_hal_uart.o
    0x08002348   0x00000030   Code   RO         4788    i.UART_EndTransmit_IT  stm32l0xx_hal_uart.o
    0x08002378   0x000000b4   Code   RO         4789    i.UART_Receive_IT   stm32l0xx_hal_uart.o
    0x0800242c   0x000003d4   Code   RO         4790    i.UART_SetConfig    stm32l0xx_hal_uart.o
    0x08002800   0x0000007a   Code   RO         4791    i.UART_Transmit_IT  stm32l0xx_hal_uart.o
    0x0800287a   0x00000100   Code   RO         4792    i.UART_WaitOnFlagUntilTimeout  stm32l0xx_hal_uart.o
    0x0800297a   0x00000002   PAD
    0x0800297c   0x00000090   Code   RO         5874    i.USART1_IRQHandler  usart1.o
    0x08002a0c   0x0000006c   Code   RO         5101    i.USART_CheckIdleState  stm32l0xx_hal_usart.o
    0x08002a78   0x0000017c   Code   RO         5109    i.USART_SetConfig   stm32l0xx_hal_usart.o
    0x08002bf4   0x00000100   Code   RO         5112    i.USART_WaitOnFlagUntilTimeout  stm32l0xx_hal_usart.o
    0x08002cf4   0x00000088   Code   RO         5543    i.WKUP_Init         wkup.o
    0x08002d7c   0x0000001c   Code   RO         2393    i.__ARM_common_switch8  stm32l0xx_hal_irda.o
    0x08002d98   0x00000004   Code   RO         5449    i._sys_exit         usart4.o
    0x08002d9c   0x00000038   Code   RO         5396    i.delay_init        delay.o
    0x08002dd4   0x0000003a   Code   RO         5397    i.delay_ms          delay.o
    0x08002e0e   0x00000002   PAD
    0x08002e10   0x00000040   Code   RO         5399    i.delay_xms         delay.o
    0x08002e50   0x00000048   Code   RO            3    i.main              main.o
    0x08002e98   0x00000028   Code   RO         5451    i.usart4_init       usart4.o
    0x08002ec0   0x00000000   Code   RO         6365    x$fpl$usenofp       fz_ps.l(usenofp.o)
    0x08002ec0   0x00000019   Data   RO          339    .constdata          system_stm32l0xx.o
    0x08002ed9   0x00000010   Data   RO         2946    .constdata          stm32l0xx_hal_rcc.o
    0x08002ee9   0x00000080   Data   RO         6261    .constdata          fz_ps.l(ddiv.o)
    0x08002f69   0x00000003   PAD
    0x08002f6c   0x00000020   Data   RO         6562    Region$$Table       anon$$obj.o


    Execution Region RW_IRAM1 (Base: 0x20000000, Size: 0x00000f70, Max: 0x00005000, ABSOLUTE)

    Base Addr    Size         Type   Attr      Idx    E Section Name        Object

    0x20000000   0x00000004   Data   RW          340    .data               system_stm32l0xx.o
    0x20000004   0x00000004   Data   RW          464    .data               stm32l0xx_hal.o
    0x20000008   0x00000004   Data   RW         5400    .data               delay.o
    0x2000000c   0x00000002   Data   RW         5509    .data               led.o
    0x2000000e   0x00000002   Data   RW         5880    .data               usart1.o
    0x20000010   0x00000110   Zero   RW         5452    .bss                usart4.o
    0x20000120   0x000007b4   Zero   RW         5878    .bss                usart1.o
    0x200008d4   0x00000038   Zero   RW         6002    .bss                timer.o
    0x2000090c   0x00000060   Zero   RW         6417    .bss                c_p.l(libspace.o)
    0x2000096c   0x00000004   PAD
    0x20000970   0x00000200   Zero   RW          429    HEAP                startup_stm32l071xx.o
    0x20000b70   0x00000400   Zero   RW          428    STACK               startup_stm32l071xx.o


==============================================================================

Image component sizes


      Code (inc. data)   RO Data    RW Data    ZI Data      Debug   Object Name

       178         24          0          4          0       1600   delay.o
       132         20          0          2          0       1406   led.o
        72          4          0          0          0     196631   main.o
        56         26        192          0       1536        584   startup_stm32l071xx.o
        98         14          0          4          0       2546   stm32l0xx_hal.o
       218         26          0          0          0      10273   stm32l0xx_hal_cortex.o
       566         38          0          0          0       3058   stm32l0xx_hal_gpio.o
        28          0          0          0          0         76   stm32l0xx_hal_irda.o
         2          0          0          0          0        410   stm32l0xx_hal_msp_template.o
        76         16          0          0          0       1316   stm32l0xx_hal_pwr.o
      2336         90         16          0          0       5644   stm32l0xx_hal_rcc.o
       690         18          0          0          0       5954   stm32l0xx_hal_tim.o
      2708         90          0          0          0       9278   stm32l0xx_hal_uart.o
         2          0          0          0          0        784   stm32l0xx_hal_uart_ex.o
       852         26          0          0          0       3393   stm32l0xx_hal_usart.o
        18          0          0          0          0       1839   stm32l0xx_it.o
       128          8          0          0          0        561   sys.o
       104         16         25          4          0        953   system_stm32l0xx.o
       128         28          0          0         56       1921   timer.o
       348         46          0          2       1972       2479   usart1.o
       172         20          0          0        272       3303   usart4.o
       286         22          0          0          0       2644   wkup.o

    ----------------------------------------------------------------------
      9216        532        265         16       3836     256653   Object Totals
         0          0         32          0          0          0   (incl. Generated)
        18          0          0          0          0          0   (incl. Padding)

    ----------------------------------------------------------------------

      Code (inc. data)   RO Data    RW Data    ZI Data      Debug   Library Member Name

         8          0          0          0          0         68   __main.o
         0          0          0          0          0          0   __rtentry.o
        12          0          0          0          0          0   __rtentry2.o
         6          0          0          0          0          0   __rtentry4.o
        60          8          0          0          0          0   __scatter.o
        26          0          0          0          0          0   __scatter_copy.o
        28          0          0          0          0          0   __scatter_zi.o
       346          0          0          0          0         92   aeabi_sdiv.o
        16          0          0          0          0         68   exit.o
         6          0          0          0          0        136   heapauxi.o
         2          0          0          0          0          0   libinit.o
         2          0          0          0          0          0   libinit2.o
         2          0          0          0          0          0   libshutdown.o
         2          0          0          0          0          0   libshutdown2.o
         8          4          0          0         96         68   libspace.o
        64          0          0          0          0        108   rt_memclr.o
         2          0          0          0          0          0   rtexit.o
        10          0          0          0          0          0   rtexit2.o
        62          0          0          0          0         80   sys_stackheap_outer.o
         2          0          0          0          0         68   use_no_semi.o
         2          0          0          0          0         68   use_no_semi_2.o
      1096         26        128          0          0        112   ddiv.o
        72          4          0          0          0         68   dfixui.o
       132          4          0          0          0        100   dfltl.o
       584         26          0          0          0         84   dmul.o
         0          0          0          0          0          0   usenofp.o

    ----------------------------------------------------------------------
      2560         72        131          0        100       1120   Library Totals
        10          0          3          0          4          0   (incl. Padding)

    ----------------------------------------------------------------------

      Code (inc. data)   RO Data    RW Data    ZI Data      Debug   Library Name

       666         12          0          0         96        756   c_p.l
      1884         60        128          0          0        364   fz_ps.l

    ----------------------------------------------------------------------
      2560         72        131          0        100       1120   Library Totals

    ----------------------------------------------------------------------

==============================================================================


      Code (inc. data)   RO Data    RW Data    ZI Data      Debug   

     11776        604        396         16       3936     254101   Grand Totals
     11776        604        396         16       3936     254101   ELF Image Totals
     11776        604        396         16          0          0   ROM Totals

==============================================================================

    Total RO  Size (Code + RO Data)                12172 (  11.89kB)
    Total RW  Size (RW Data + ZI Data)              3952 (   3.86kB)
    Total ROM Size (Code + RO Data + RW Data)      12188 (  11.90kB)

==============================================================================

