Component: ARM Compiler 5.06 update 1 (build 61) Tool: armlink [4d35a8]

==============================================================================

Section Cross References

    main.o(i.main) refers to _printf_percent.o(.ARM.Collect$$_printf_percent$$00000000) for _printf_percent
    main.o(i.main) refers to _printf_f.o(.ARM.Collect$$_printf_percent$$00000003) for _printf_f
    main.o(i.main) refers to printf1.o(x$fpl$printf1) for _printf_fp_dec
    main.o(i.main) refers to rt_memclr.o(.text) for __aeabi_memclr4
    main.o(i.main) refers to stm32l0xx_hal.o(i.HAL_Init) for HAL_Init
    main.o(i.main) refers to sys.o(i.SystemClock_Config) for SystemClock_Config
    main.o(i.main) refers to delay.o(i.delay_init) for delay_init
    main.o(i.main) refers to usart4.o(i.usart4_init) for usart4_init
    main.o(i.main) refers to usart1.o(i.UART1_init) for UART1_init
    main.o(i.main) refers to led.o(i.LED_Init) for LED_Init
    main.o(i.main) refers to led.o(i.LED_Control) for LED_Control
    main.o(i.main) refers to wkup.o(i.WKUP_Init) for WKUP_Init
    main.o(i.main) refers to delay.o(i.delay_ms) for delay_ms
    main.o(i.main) refers to wkup.o(i.Check_WKUP) for Check_WKUP
    main.o(i.main) refers to wkup.o(i.Sys_Enter_Standby) for Sys_Enter_Standby
    main.o(i.main) refers to pwr.o(i.PWRA_Init) for PWRA_Init
    main.o(i.main) refers to pwr.o(i.PWRB_Init) for PWRB_Init
    main.o(i.main) refers to pwr.o(i.PWRC_Init) for PWRC_Init
    main.o(i.main) refers to stm32l0xx_hal_gpio.o(i.HAL_GPIO_WritePin) for HAL_GPIO_WritePin
    main.o(i.main) refers to adc.o(i.MY_ADC_Init) for MY_ADC_Init
    main.o(i.main) refers to adc.o(i.Get_Adc_Average) for Get_Adc_Average
    main.o(i.main) refers to dflti.o(.text) for __aeabi_ui2d
    main.o(i.main) refers to drlef.o(x$fpl$drleqf) for __aeabi_cdrcmple
    main.o(i.main) refers to dmul.o(.text) for __aeabi_dmul
    main.o(i.main) refers to ddiv.o(.text) for __aeabi_ddiv
    main.o(i.main) refers to sim800c.o(i.dataConstruct) for dataConstruct
    main.o(i.main) refers to __2printf.o(.text) for __2printf
    main.o(i.main) refers to daddsub.o(.text) for __aeabi_dsub
    main.o(i.main) refers to sim800c.o(i.sim800c_test) for sim800c_test
    main.o(i.main) refers to led.o(.data) for LED_ON
    main.o(i.main) refers to main.o(.bss) for finalData
    stm32l0xx_it.o(i.SysTick_Handler) refers to stm32l0xx_hal.o(i.HAL_IncTick) for HAL_IncTick
    system_stm32l0xx.o(i.SystemCoreClockUpdate) refers to aeabi_sdiv.o(.text) for __aeabi_uidivmod
    system_stm32l0xx.o(i.SystemCoreClockUpdate) refers to system_stm32l0xx.o(.data) for SystemCoreClock
    system_stm32l0xx.o(i.SystemCoreClockUpdate) refers to system_stm32l0xx.o(.constdata) for PLLMulTable
    startup_stm32l071xx.o(STACK) refers (Special) to heapauxi.o(.text) for __use_two_region_memory
    startup_stm32l071xx.o(HEAP) refers (Special) to heapauxi.o(.text) for __use_two_region_memory
    startup_stm32l071xx.o(RESET) refers (Special) to heapauxi.o(.text) for __use_two_region_memory
    startup_stm32l071xx.o(RESET) refers to startup_stm32l071xx.o(STACK) for __initial_sp
    startup_stm32l071xx.o(RESET) refers to startup_stm32l071xx.o(.text) for Reset_Handler
    startup_stm32l071xx.o(RESET) refers to stm32l0xx_it.o(i.NMI_Handler) for NMI_Handler
    startup_stm32l071xx.o(RESET) refers to stm32l0xx_it.o(i.HardFault_Handler) for HardFault_Handler
    startup_stm32l071xx.o(RESET) refers to stm32l0xx_it.o(i.SVC_Handler) for SVC_Handler
    startup_stm32l071xx.o(RESET) refers to stm32l0xx_it.o(i.PendSV_Handler) for PendSV_Handler
    startup_stm32l071xx.o(RESET) refers to stm32l0xx_it.o(i.SysTick_Handler) for SysTick_Handler
    startup_stm32l071xx.o(RESET) refers to timer.o(i.TIM7_IRQHandler) for TIM7_IRQHandler
    startup_stm32l071xx.o(RESET) refers to usart1.o(i.USART1_IRQHandler) for USART1_IRQHandler
    startup_stm32l071xx.o(.text) refers (Special) to heapauxi.o(.text) for __use_two_region_memory
    startup_stm32l071xx.o(.text) refers to system_stm32l0xx.o(i.SystemInit) for SystemInit
    startup_stm32l071xx.o(.text) refers to __main.o(!!!main) for __main
    startup_stm32l071xx.o(.text) refers to startup_stm32l071xx.o(HEAP) for Heap_Mem
    startup_stm32l071xx.o(.text) refers to startup_stm32l071xx.o(STACK) for Stack_Mem
    stm32l0xx_hal.o(i.HAL_DeInit) refers to stm32l0xx_hal_msp_template.o(i.HAL_MspDeInit) for HAL_MspDeInit
    stm32l0xx_hal.o(i.HAL_Delay) refers to stm32l0xx_hal.o(i.HAL_GetTick) for HAL_GetTick
    stm32l0xx_hal.o(i.HAL_GetTick) refers to stm32l0xx_hal.o(.data) for uwTick
    stm32l0xx_hal.o(i.HAL_IncTick) refers to stm32l0xx_hal.o(.data) for uwTick
    stm32l0xx_hal.o(i.HAL_Init) refers to stm32l0xx_hal.o(i.HAL_InitTick) for HAL_InitTick
    stm32l0xx_hal.o(i.HAL_Init) refers to stm32l0xx_hal_msp_template.o(i.HAL_MspInit) for HAL_MspInit
    stm32l0xx_hal.o(i.HAL_InitTick) refers to stm32l0xx_hal_rcc.o(i.HAL_RCC_GetHCLKFreq) for HAL_RCC_GetHCLKFreq
[...]
    i.Get_Adc_Average                        0x08002504   Section        0  adc.o(i.Get_Adc_Average)
    i.HAL_ADC_ConfigChannel                  0x0800252c   Section        0  stm32l0xx_hal_adc.o(i.HAL_ADC_ConfigChannel)
    i.HAL_ADC_GetValue                       0x08002634   Section        0  stm32l0xx_hal_adc.o(i.HAL_ADC_GetValue)
    i.HAL_ADC_Init                           0x0800263c   Section        0  stm32l0xx_hal_adc.o(i.HAL_ADC_Init)
    i.HAL_ADC_MspInit                        0x08002870   Section        0  adc.o(i.HAL_ADC_MspInit)
    i.HAL_ADC_PollForConversion              0x08002914   Section        0  stm32l0xx_hal_adc.o(i.HAL_ADC_PollForConversion)
    i.HAL_ADC_Start                          0x080029f8   Section        0  stm32l0xx_hal_adc.o(i.HAL_ADC_Start)
    i.HAL_GPIO_Init                          0x08002a70   Section        0  stm32l0xx_hal_gpio.o(i.HAL_GPIO_Init)
    i.HAL_GPIO_ReadPin                       0x08002c68   Section        0  stm32l0xx_hal_gpio.o(i.HAL_GPIO_ReadPin)
    i.HAL_GPIO_WritePin                      0x08002c7a   Section        0  stm32l0xx_hal_gpio.o(i.HAL_GPIO_WritePin)
    i.HAL_GetTick                            0x08002c88   Section        0  stm32l0xx_hal.o(i.HAL_GetTick)
    i.HAL_IncTick                            0x08002c94   Section        0  stm32l0xx_hal.o(i.HAL_IncTick)
    i.HAL_Init                               0x08002ca4   Section        0  stm32l0xx_hal.o(i.HAL_Init)
    i.HAL_InitTick                           0x08002cc4   Section        0  stm32l0xx_hal.o(i.HAL_InitTick)
    i.HAL_MspInit                            0x08002cea   Section        0  stm32l0xx_hal_msp_template.o(i.HAL_MspInit)
    i.HAL_NVIC_EnableIRQ                     0x08002cec   Section        0  stm32l0xx_hal_cortex.o(i.HAL_NVIC_EnableIRQ)
    i.HAL_NVIC_SetPriority                   0x08002d04   Section        0  stm32l0xx_hal_cortex.o(i.HAL_NVIC_SetPriority)
    i.HAL_PWR_EnableBkUpAccess               0x08002d18   Section        0  stm32l0xx_hal_pwr.o(i.HAL_PWR_EnableBkUpAccess)
    i.HAL_PWR_EnableWakeUpPin                0x08002d2c   Section        0  stm32l0xx_hal_pwr.o(i.HAL_PWR_EnableWakeUpPin)
    i.HAL_PWR_EnterSTANDBYMode               0x08002d3c   Section        0  stm32l0xx_hal_pwr.o(i.HAL_PWR_EnterSTANDBYMode)
    i.HAL_RCC_ClockConfig                    0x08002d64   Section        0  stm32l0xx_hal_rcc.o(i.HAL_RCC_ClockConfig)
    i.HAL_RCC_GetHCLKFreq                    0x08002f3c   Section        0  stm32l0xx_hal_rcc.o(i.HAL_RCC_GetHCLKFreq)
    i.HAL_RCC_GetPCLK1Freq                   0x08002f68   Section        0  stm32l0xx_hal_rcc.o(i.HAL_RCC_GetPCLK1Freq)
    i.HAL_RCC_GetPCLK2Freq                   0x08002f8c   Section        0  stm32l0xx_hal_rcc.o(i.HAL_RCC_GetPCLK2Freq)
    i.HAL_RCC_GetSysClockFreq                0x08002fb0   Section        0  stm32l0xx_hal_rcc.o(i.HAL_RCC_GetSysClockFreq)
    i.HAL_RCC_OscConfig                      0x0800309c   Section        0  stm32l0xx_hal_rcc.o(i.HAL_RCC_OscConfig)
    i.HAL_SYSTICK_Config                     0x08003684   Section        0  stm32l0xx_hal_cortex.o(i.HAL_SYSTICK_Config)
    i.HAL_TIM_Base_Init                      0x080036bc   Section        0  stm32l0xx_hal_tim.o(i.HAL_TIM_Base_Init)
    i.HAL_TIM_Base_MspInit                   0x080036f4   Section        0  stm32l0xx_hal_tim.o(i.HAL_TIM_Base_MspInit)
    i.HAL_TIM_Base_Start                     0x080036f6   Section        0  stm32l0xx_hal_tim.o(i.HAL_TIM_Base_Start)
    i.HAL_TIM_Base_Start_IT                  0x08003714   Section        0  stm32l0xx_hal_tim.o(i.HAL_TIM_Base_Start_IT)
    i.HAL_TIM_Base_Stop                      0x08003734   Section        0  stm32l0xx_hal_tim.o(i.HAL_TIM_Base_Stop)
    i.HAL_TIM_IC_CaptureCallback             0x08003768   Section        0  stm32l0xx_hal_tim.o(i.HAL_TIM_IC_CaptureCallback)
    i.HAL_TIM_IRQHandler                     0x0800376a   Section        0  stm32l0xx_hal_tim.o(i.HAL_TIM_IRQHandler)
    i.HAL_TIM_OC_DelayElapsedCallback        0x080038e6   Section        0  stm32l0xx_hal_tim.o(i.HAL_TIM_OC_DelayElapsedCallback)
    i.HAL_TIM_PWM_PulseFinishedCallback      0x080038e8   Section        0  stm32l0xx_hal_tim.o(i.HAL_TIM_PWM_PulseFinishedCallback)
    i.HAL_TIM_PeriodElapsedCallback          0x080038ec   Section        0  timer.o(i.HAL_TIM_PeriodElapsedCallback)
    i.HAL_TIM_TriggerCallback                0x08003910   Section        0  stm32l0xx_hal_tim.o(i.HAL_TIM_TriggerCallback)
    i.HAL_UARTEx_WakeupCallback              0x08003912   Section        0  stm32l0xx_hal_uart_ex.o(i.HAL_UARTEx_WakeupCallback)
    i.HAL_UART_ErrorCallback                 0x08003914   Section        0  stm32l0xx_hal_uart.o(i.HAL_UART_ErrorCallback)
    i.HAL_UART_IRQHandler                    0x08003916   Section        0  stm32l0xx_hal_uart.o(i.HAL_UART_IRQHandler)
    i.HAL_UART_Init                          0x08003a58   Section        0  stm32l0xx_hal_uart.o(i.HAL_UART_Init)
    i.HAL_UART_MspInit                       0x08003ad4   Section        0  stm32l0xx_hal_uart.o(i.HAL_UART_MspInit)
    i.HAL_UART_Receive                       0x08003ad8   Section        0  stm32l0xx_hal_uart.o(i.HAL_UART_Receive)
    i.HAL_UART_RxCpltCallback                0x08003c24   Section        0  stm32l0xx_hal_uart.o(i.HAL_UART_RxCpltCallback)
    i.HAL_UART_TxCpltCallback                0x08003c26   Section        0  stm32l0xx_hal_uart.o(i.HAL_UART_TxCpltCallback)
    i.HAL_USART_Init                         0x08003c28   Section        0  stm32l0xx_hal_usart.o(i.HAL_USART_Init)
    i.HAL_USART_MspInit                      0x08003c94   Section        0  usart4.o(i.HAL_USART_MspInit)
    i.HardFault_Handler                      0x08003d14   Section        0  stm32l0xx_it.o(i.HardFault_Handler)
    i.LED_Control                            0x08003d18   Section        0  led.o(i.LED_Control)
    i.LED_Init                               0x08003d50   Section        0  led.o(i.LED_Init)
    i.MY_ADC_Init                            0x08003d9c   Section        0  adc.o(i.MY_ADC_Init)
    i.NMI_Handler                            0x08003df0   Section        0  stm32l0xx_it.o(i.NMI_Handler)
    i.NVIC_SetPriority                       0x08003df4   Section        0  stm32l0xx_hal_cortex.o(i.NVIC_SetPriority)
    NVIC_SetPriority                         0x08003df5   Thumb Code   110  stm32l0xx_hal_cortex.o(i.NVIC_SetPriority)
    i.PWRA_Init                              0x08003e6c   Section        0  pwr.o(i.PWRA_Init)
    i.PWRB_Init                              0x08003ec8   Section        0  pwr.o(i.PWRB_Init)
    i.PWRC_Init                              0x08003f18   Section        0  pwr.o(i.PWRC_Init)
    i.PendSV_Handler                         0x08003f78   Section        0  stm32l0xx_it.o(i.PendSV_Handler)
    i.SVC_Handler                            0x08003f7a   Section        0  stm32l0xx_it.o(i.SVC_Handler)
    i.SysTick_Handler                        0x08003f7c   Section        0  stm32l0xx_it.o(i.SysTick_Handler)
    i.Sys_Enter_Standby                      0x08003f84   Section        0  wkup.o(i.Sys_Enter_Standby)
    i.SystemClock_Config                     0x08003fd4   Section        0  sys.o(i.SystemClock_Config)
    i.SystemInit                             0x08004054   Section        0  system_stm32l0xx.o(i.SystemInit)
    i.TIM7_IRQHandler                        0x080040bc   Section        0  timer.o(i.TIM7_IRQHandler)
    i.TIM7_Init                              0x080040cc   Section        0  timer.o(i.TIM7_Init)
    i.TIM_Base_SetConfig                     0x08004118   Section        0  stm32l0xx_hal_tim.o(i.TIM_Base_SetConfig)
    TIM_Base_SetConfig                       0x08004119   Thumb Code   120  stm32l0xx_hal_tim.o(i.TIM_Base_SetConfig)
    i.UART1_init                             0x0800419c   Section        0  usart1.o(i.UART1_init)
    i.UART_AdvFeatureConfig                  0x08004268   Section        0  stm32l0xx_hal_uart.o(i.UART_AdvFeatureConfig)
    i.UART_CheckIdleState                    0x08004358   Section        0  stm32l0xx_hal_uart.o(i.UART_CheckIdleState)
    i.UART_EndTransmit_IT                    0x080043b8   Section        0  stm32l0xx_hal_uart.o(i.UART_EndTransmit_IT)
    UART_EndTransmit_IT                      0x080043b9   Thumb Code    48  stm32l0xx_hal_uart.o(i.UART_EndTransmit_IT)
    i.UART_Receive_IT                        0x080043e8   Section        0  stm32l0xx_hal_uart.o(i.UART_Receive_IT)
    UART_Receive_IT                          0x080043e9   Thumb Code   180  stm32l0xx_hal_uart.o(i.UART_Receive_IT)
    i.UART_SetConfig                         0x0800449c   Section        0  stm32l0xx_hal_uart.o(i.UART_SetConfig)
    i.UART_Transmit_IT                       0x08004870   Section        0  stm32l0xx_hal_uart.o(i.UART_Transmit_IT)
    UART_Transmit_IT                         0x08004871   Thumb Code   122  stm32l0xx_hal_uart.o(i.UART_Transmit_IT)
    i.UART_WaitOnFlagUntilTimeout            0x080048ea   Section        0  stm32l0xx_hal_uart.o(i.UART_WaitOnFlagUntilTimeout)
    i.USART1_IRQHandler                      0x080049ec   Section        0  usart1.o(i.USART1_IRQHandler)
    i.USART_CheckIdleState                   0x08004a7c   Section        0  stm32l0xx_hal_usart.o(i.USART_CheckIdleState)
    USART_CheckIdleState                     0x08004a7d   Thumb Code   108  stm32l0xx_hal_usart.o(i.USART_CheckIdleState)
    i.USART_SetConfig                        0x08004ae8   Section        0  stm32l0xx_hal_usart.o(i.USART_SetConfig)
    USART_SetConfig                          0x08004ae9   Thumb Code   354  stm32l0xx_hal_usart.o(i.USART_SetConfig)
    i.USART_WaitOnFlagUntilTimeout           0x08004c64   Section        0  stm32l0xx_hal_usart.o(i.USART_WaitOnFlagUntilTimeout)
    USART_WaitOnFlagUntilTimeout             0x08004c65   Thumb Code   256  stm32l0xx_hal_usart.o(i.USART_WaitOnFlagUntilTimeout)
    i.WKUP_Init                              0x08004d64   Section        0  wkup.o(i.WKUP_Init)
    i.__ARM_common_ll_muluu                  0x08004dd4   Section        0  btod.o(i.__ARM_common_ll_muluu)
    i.__ARM_common_switch8                   0x08004e04   Section        0  stm32l0xx_hal_irda.o(i.__ARM_common_switch8)
    i.__ARM_fpclassify                       0x08004e20   Section        0  fpclassify.o(i.__ARM_fpclassify)
    i._is_digit                              0x08004e4c   Section        0  __printf_wp.o(i._is_digit)
    i._sys_exit                              0x08004e5a   Section        0  usart4.o(i._sys_exit)
    i.dataConstruct                          0x08004e60   Section        0  sim800c.o(i.dataConstruct)
    i.delay_init                             0x08005028   Section        0  delay.o(i.delay_init)
    i.delay_ms                               0x08005060   Section        0  delay.o(i.delay_ms)
    i.delay_xms                              0x0800509c   Section        0  delay.o(i.delay_xms)
    i.fputc                                  0x080050dc   Section        0  usart4.o(i.fputc)
    i.main                                   0x080050f8   Section        0  main.o(i.main)
    i.send_multi_data                        0x08005410   Section        0  usart1.o(i.send_multi_data)
    i.sim800c_check_cmd                      0x0800546c   Section        0  sim800c.o(i.sim800c_check_cmd)
    i.sim800c_gprs_test                      0x080054a4   Section        0  sim800c.o(i.sim800c_gprs_test)
    i.sim800c_send_cmd                       0x080055bc   Section        0  sim800c.o(i.sim800c_send_cmd)
    i.sim800c_tcpudp_test                    0x08005640   Section        0  sim800c.o(i.sim800c_tcpudp_test)
    i.sim800c_test                           0x0800583c   Section        0  sim800c.o(i.sim800c_test)
    i.u2_printf                              0x080058ac   Section        0  usart1.o(i.u2_printf)
    i.usart4_init                            0x080058fc   Section        0  usart4.o(i.usart4_init)
    locale$$code                             0x08005924   Section       44  lc_numeric_c.o(locale$$code)
    locale$$code                             0x08005950   Section       44  lc_ctype_c.o(locale$$code)
    x$fpl$drleqf                             0x0800597c   Section      104  drlef.o(x$fpl$drleqf)
    x$fpl$printf1                            0x080059e4   Section       16  printf1.o(x$fpl$printf1)
    .constdata                               0x080059f4   Section       25  system_stm32l0xx.o(.constdata)
    x$fpl$usenofp                            0x080059f4   Section        0  usenofp.o(x$fpl$usenofp)
    .constdata                               0x08005a0d   Section       16  stm32l0xx_hal_rcc.o(.constdata)
    APBAHBPrescTable                         0x08005a0d   Data          16  stm32l0xx_hal_rcc.o(.constdata)
    .constdata                               0x08005a1d   Section        4  usart1.o(.constdata)
    HeadId                                   0x08005a1d   Data           2  usart1.o(.constdata)
    deviceId                                 0x08005a1f   Data           2  usart1.o(.constdata)
    .constdata                               0x08005a21   Section       17  __printf_flags_ss_wp.o(.constdata)
    maptable                                 0x08005a21   Data          17  __printf_flags_ss_wp.o(.constdata)
    .constdata                               0x08005a32   Section      128  ddiv.o(.constdata)
    ddiv_reciptbl                            0x08005a32   Data         128  ddiv.o(.constdata)
    .constdata                               0x08005ab4   Section        8  _printf_wctomb.o(.constdata)
    initial_mbstate                          0x08005ab4   Data           8  _printf_wctomb.o(.constdata)
    .constdata                               0x08005abc   Section       40  _printf_hex_int_ll_ptr.o(.constdata)
    uc_hextab                                0x08005abc   Data          20  _printf_hex_int_ll_ptr.o(.constdata)
    lc_hextab                                0x08005ad0   Data          20  _printf_hex_int_ll_ptr.o(.constdata)
    .constdata                               0x08005ae4   Section      148  bigflt0.o(.constdata)
    tenpwrs_x                                0x08005ae4   Data          60  bigflt0.o(.constdata)
    tenpwrs_i                                0x08005b20   Data          64  bigflt0.o(.constdata)
    .conststring                             0x08005b78   Section        8  sim800c.o(.conststring)
    locale$$data                             0x08005ba0   Section       28  lc_numeric_c.o(locale$$data)
    __lcnum_c_name                           0x08005ba4   Data           2  lc_numeric_c.o(locale$$data)
    __lcnum_c_start                          0x08005bac   Data           0  lc_numeric_c.o(locale$$data)
    __lcnum_c_point                          0x08005bb8   Data           0  lc_numeric_c.o(locale$$data)
    __lcnum_c_thousands                      0x08005bba   Data           0  lc_numeric_c.o(locale$$data)
    __lcnum_c_grouping                       0x08005bbb   Data           0  lc_numeric_c.o(locale$$data)
    locale$$data                             0x08005bbc   Section      272  lc_ctype_c.o(locale$$data)
    __lcnum_c_end                            0x08005bbc   Data           0  lc_numeric_c.o(locale$$data)
    __lcctype_c_name                         0x08005bc0   Data           2  lc_ctype_c.o(locale$$data)
    __lcctype_c_start                        0x08005bc8   Data           0  lc_ctype_c.o(locale$$data)
    __lcctype_c_end                          0x08005ccc   Data           0  lc_ctype_c.o(locale$$data)
    .data                                    0x20000000   Section        4  system_stm32l0xx.o(.data)
    .data                                    0x20000004   Section        4  stm32l0xx_hal.o(.data)
    uwTick                                   0x20000004   Data           4  stm32l0xx_hal.o(.data)
    .data                                    0x20000008   Section        4  delay.o(.data)
    fac_us                                   0x20000008   Data           1  delay.o(.data)
    fac_ms                                   0x2000000a   Data           2  delay.o(.data)
    .data                                    0x2000000c   Section        7  usart4.o(.data)
    .data                                    0x20000013   Section        2  led.o(.data)
    .data                                    0x20000016   Section        2  usart1.o(.data)
    .data                                    0x20000018   Section        9  sim800c.o(.data)
    repeatTime                               0x20000020   Data           1  sim800c.o(.data)
    .bss                                     0x20000028   Section     2080  main.o(.bss)
    force1                                   0x20000028   Data        1040  main.o(.bss)
    finalData                                0x20000438   Data        1040  main.o(.bss)
    .bss                                     0x20000848   Section      272  usart4.o(.bss)
    .bss                                     0x20000958   Section       96  adc.o(.bss)
    .bss                                     0x200009b8   Section     1972  usart1.o(.bss)
    .bss                                     0x20001170   Section     5320  sim800c.o(.bss)
    testValue                                0x20001170   Data        5320  sim800c.o(.bss)
    .bss                                     0x20002638   Section       56  timer.o(.bss)
    .bss                                     0x20002670   Section       96  libspace.o(.bss)
    HEAP                                     0x200026d0   Section      512  startup_stm32l071xx.o(HEAP)
    Heap_Mem                                 0x200026d0   Data         512  startup_stm32l071xx.o(HEAP)
    STACK                                    0x200028d0   Section     1024  startup_stm32l071xx.o(STACK)
    Stack_Mem                                0x200028d0   Data        1024  startup_stm32l071xx.o(STACK)
    __initial_sp                             0x20002cd0   Data           0  startup_stm32l071xx.o(STACK)

    Global Symbols

    Symbol Name                              Value     Ov Type        Size  Object(Section)

    BuildAttributes$$THM_ISAv3M$S$PE$A:L22$X:L11$S22$IEEE1$IW$USESV6$~STKCKD$USESV7$~SHL$OTIME$ROPI$IEEEJ$EBA8$UX$STANDARDLIB$REQ8$PRES8$EABIv2 0x00000000   Number         0  anon$$obj.o ABSOLUTE
    __ARM_use_no_argv                        0x00000000   Number         0  main.o ABSOLUTE
    _printf_flags                            0x00000000   Number         0  printf_stubs.o ABSOLUTE
    _printf_return_value                     0x00000000   Number         0  printf_stubs.o ABSOLUTE
    _printf_sizespec                         0x00000000   Number         0  printf_stubs.o ABSOLUTE
    _printf_widthprec                        0x00000000   Number         0  printf_stubs.o ABSOLUTE
    __ARM_exceptions_init                     - Undefined Weak Reference
    __alloca_initialize                       - Undefined Weak Reference
    __arm_preinit_                            - Undefined Weak Reference
    __cpp_initialize__aeabi_                  - Undefined Weak Reference
    __cxa_finalize                            - Undefined Weak Reference
    __sigvec_lookup                           - Undefined Weak Reference
    _atexit_init                              - Undefined Weak Reference
    _call_atexit_fns                          - Undefined Weak Reference
    _clock_init                               - Undefined Weak Reference
    _fp_trap_init                             - Undefined Weak Reference
    _fp_trap_shutdown                         - Undefined Weak Reference
    _get_lc_collate                           - Undefined Weak Reference
    _get_lc_monetary                          - Undefined Weak Reference
    _get_lc_time                              - Undefined Weak Reference
    _getenv_init                              - Undefined Weak Reference
    _handle_redirection                       - Undefined Weak Reference
    _init_alloc                               - Undefined Weak Reference
    _init_user_alloc                          - Undefined Weak Reference
    _initio                                   - Undefined Weak Reference
    _mutex_acquire                            - Undefined Weak Reference
    _mutex_release                            - Undefined Weak Reference
    _printf_fp_hex                            - Undefined Weak Reference
    _printf_mbtowc                            - Undefined Weak Reference
    _printf_wc                                - Undefined Weak Reference
    _rand_init                                - Undefined Weak Reference
    _signal_finish                            - Undefined Weak Reference
    _signal_init                              - Undefined Weak Reference
    _terminate_alloc                          - Undefined Weak Reference
    _terminate_user_alloc                     - Undefined Weak Reference
    _terminateio                              - Undefined Weak Reference
    __Vectors_Size                           0x000000c0   Number         0  startup_stm32l071xx.o ABSOLUTE
    __Vectors                                0x08000000   Data           4  startup_stm32l071xx.o(RESET)
    __Vectors_End                            0x080000c0   Data           0  startup_stm32l071xx.o(RESET)
    __main                                   0x080000c1   Thumb Code     8  __main.o(!!!main)
    __scatterload                            0x080000c9   Thumb Code     0  __scatter.o(!!!scatter)
    __scatterload_rt2                        0x080000c9   Thumb Code    52  __scatter.o(!!!scatter)
    __scatterload_rt2_thumb_only             0x080000c9   Thumb Code     0  __scatter.o(!!!scatter)
    __scatterload_null                       0x080000d9   Thumb Code     0  __scatter.o(!!!scatter)
    __scatterload_copy                       0x08000105   Thumb Code    26  __scatter_copy.o(!!handler_copy)
    __scatterload_zeroinit                   0x08000121   Thumb Code    28  __scatter_zi.o(!!handler_zi)
    _printf_percent                          0x0800013d   Thumb Code     0  _printf_percent.o(.ARM.Collect$$_printf_percent$$00000000)
    _printf_n                                0x0800013f   Thumb Code     0  _printf_n.o(.ARM.Collect$$_printf_percent$$00000001)
    _printf_p                                0x08000149   Thumb Code     0  _printf_p.o(.ARM.Collect$$_printf_percent$$00000002)
    _printf_f                                0x08000153   Thumb Code     0  _printf_f.o(.ARM.Collect$$_printf_percent$$00000003)
    _printf_e                                0x0800015d   Thumb Code     0  _printf_e.o(.ARM.Collect$$_printf_percent$$00000004)
    _printf_g                                0x08000167   Thumb Code     0  _printf_g.o(.ARM.Collect$$_printf_percent$$00000005)
    _printf_a                                0x08000171   Thumb Code     0  _printf_a.o(.ARM.Collect$$_printf_percent$$00000006)
    _printf_ll                               0x0800017b   Thumb Code     0  _printf_ll.o(.ARM.Collect$$_printf_percent$$00000007)
    _printf_i                                0x08000185   Thumb Code     0  _printf_i.o(.ARM.Collect$$_printf_percent$$00000008)
    _printf_d                                0x0800018f   Thumb Code     0  _printf_d.o(.ARM.Collect$$_printf_percent$$00000009)
    _printf_u                                0x08000199   Thumb Code     0  _printf_u.o(.ARM.Collect$$_printf_percent$$0000000A)
    _printf_o                                0x080001a3   Thumb Code     0  _printf_o.o(.ARM.Collect$$_printf_percent$$0000000B)
    _printf_x                                0x080001ad   Thumb Code     0  _printf_x.o(.ARM.Collect$$_printf_percent$$0000000C)
    _printf_lli                              0x080001b7   Thumb Code     0  _printf_lli.o(.ARM.Collect$$_printf_percent$$0000000D)
    _printf_lld                              0x080001c1   Thumb Code     0  _printf_lld.o(.ARM.Collect$$_printf_percent$$0000000E)
    _printf_llu                              0x080001cb   Thumb Code     0  _printf_llu.o(.ARM.Collect$$_printf_percent$$0000000F)
    _printf_llo                              0x080001d5   Thumb Code     0  _printf_llo.o(.ARM.Collect$$_printf_percent$$00000010)
    _printf_llx                              0x080001df   Thumb Code     0  _printf_llx.o(.ARM.Collect$$_printf_percent$$00000011)
    _printf_l                                0x080001e9   Thumb Code     0  _printf_l.o(.ARM.Collect$$_printf_percent$$00000012)
    _printf_c                                0x080001f3   Thumb Code     0  _printf_c.o(.ARM.Collect$$_printf_percent$$00000013)
    _printf_s                                0x080001fd   Thumb Code     0  _printf_s.o(.ARM.Collect$$_printf_percent$$00000014)
    _printf_lc                               0x08000207   Thumb Code     0  _printf_lc.o(.ARM.Collect$$_printf_percent$$00000015)
    _printf_ls                               0x08000211   Thumb Code     0  _printf_ls.o(.ARM.Collect$$_printf_percent$$00000016)
    _printf_percent_end                      0x0800021b   Thumb Code     0  _printf_percent_end.o(.ARM.Collect$$_printf_percent$$00000017)
    __rt_lib_init                            0x0800021f   Thumb Code     0  libinit.o(.ARM.Collect$$libinit$$00000000)
    __rt_lib_init_fp_1                       0x08000221   Thumb Code     0  libinit2.o(.ARM.Collect$$libinit$$00000002)
    __rt_lib_init_heap_1                     0x08000221   Thumb Code     0  libinit2.o(.ARM.Collect$$libinit$$0000000A)
    __rt_lib_init_lc_common                  0x08000221   Thumb Code     0  libinit2.o(.ARM.Collect$$libinit$$0000000F)
    __rt_lib_init_preinit_1                  0x08000221   Thumb Code     0  libinit2.o(.ARM.Collect$$libinit$$00000004)
    __rt_lib_init_rand_1                     0x08000221   Thumb Code     0  libinit2.o(.ARM.Collect$$libinit$$0000000E)
    __rt_lib_init_user_alloc_1               0x08000221   Thumb Code     0  libinit2.o(.ARM.Collect$$libinit$$0000000C)
    __rt_lib_init_lc_collate_1               0x08000227   Thumb Code     0  libinit2.o(.ARM.Collect$$libinit$$00000011)
    __rt_lib_init_lc_ctype_2                 0x08000227   Thumb Code     0  libinit2.o(.ARM.Collect$$libinit$$00000012)
    __rt_lib_init_lc_ctype_1                 0x08000233   Thumb Code     0  libinit2.o(.ARM.Collect$$libinit$$00000013)
    __rt_lib_init_lc_monetary_1              0x08000233   Thumb Code     0  libinit2.o(.ARM.Collect$$libinit$$00000015)
    __rt_lib_init_lc_numeric_2               0x08000233   Thumb Code     0  libinit2.o(.ARM.Collect$$libinit$$00000016)
    __rt_lib_init_alloca_1                   0x0800023d   Thumb Code     0  libinit2.o(.ARM.Collect$$libinit$$0000002E)
    __rt_lib_init_argv_1                     0x0800023d   Thumb Code     0  libinit2.o(.ARM.Collect$$libinit$$0000002C)
    __rt_lib_init_atexit_1                   0x0800023d   Thumb Code     0  libinit2.o(.ARM.Collect$$libinit$$0000001B)
    __rt_lib_init_clock_1                    0x0800023d   Thumb Code     0  libinit2.o(.ARM.Collect$$libinit$$00000021)
    __rt_lib_init_cpp_1                      0x0800023d   Thumb Code     0  libinit2.o(.ARM.Collect$$libinit$$00000032)
    __rt_lib_init_exceptions_1               0x0800023d   Thumb Code     0  libinit2.o(.ARM.Collect$$libinit$$00000030)
    __rt_lib_init_fp_trap_1                  0x0800023d   Thumb Code     0  libinit2.o(.ARM.Collect$$libinit$$0000001F)
    __rt_lib_init_getenv_1                   0x0800023d   Thumb Code     0  libinit2.o(.ARM.Collect$$libinit$$00000023)
    __rt_lib_init_lc_numeric_1               0x0800023d   Thumb Code     0  libinit2.o(.ARM.Collect$$libinit$$00000017)
    __rt_lib_init_lc_time_1                  0x0800023d   Thumb Code     0  libinit2.o(.ARM.Collect$$libinit$$00000019)
    __rt_lib_init_return                     0x0800023d   Thumb Code     0  libinit2.o(.ARM.Collect$$libinit$$00000033)
    __rt_lib_init_signal_1                   0x0800023d   Thumb Code     0  libinit2.o(.ARM.Collect$$libinit$$0000001D)
    __rt_lib_init_stdio_1                    0x0800023d   Thumb Code     0  libinit2.o(.ARM.Collect$$libinit$$00000025)
    __rt_lib_shutdown                        0x0800023f   Thumb Code     0  libshutdown.o(.ARM.Collect$$libshutdown$$00000000)
    __rt_lib_shutdown_cpp_1                  0x08000241   Thumb Code     0  libshutdown2.o(.ARM.Collect$$libshutdown$$00000002)
    __rt_lib_shutdown_fp_trap_1              0x08000241   Thumb Code     0  libshutdown2.o(.ARM.Collect$$libshutdown$$00000007)
    __rt_lib_shutdown_heap_1                 0x08000241   Thumb Code     0  libshutdown2.o(.ARM.Collect$$libshutdown$$0000000F)
    __rt_lib_shutdown_return                 0x08000241   Thumb Code     0  libshutdown2.o(.ARM.Collect$$libshutdown$$00000010)
    __rt_lib_shutdown_signal_1               0x08000241   Thumb Code     0  libshutdown2.o(.ARM.Collect$$libshutdown$$0000000A)
    __rt_lib_shutdown_stdio_1                0x08000241   Thumb Code     0  libshutdown2.o(.ARM.Collect$$libshutdown$$00000004)
    __rt_lib_shutdown_user_alloc_1           0x08000241   Thumb Code     0  libshutdown2.o(.ARM.Collect$$libshutdown$$0000000C)
    __rt_entry                               0x08000243   Thumb Code     0  __rtentry.o(.ARM.Collect$$rtentry$$00000000)
    __rt_entry_presh_1                       0x08000243   Thumb Code     0  __rtentry2.o(.ARM.Collect$$rtentry$$00000002)
    __rt_entry_sh                            0x08000243   Thumb Code     0  __rtentry4.o(.ARM.Collect$$rtentry$$00000004)
    __rt_entry_li                            0x08000249   Thumb Code     0  __rtentry2.o(.ARM.Collect$$rtentry$$0000000A)
    __rt_entry_postsh_1                      0x08000249   Thumb Code     0  __rtentry2.o(.ARM.Collect$$rtentry$$00000009)
    __rt_entry_main                          0x0800024d   Thumb Code     0  __rtentry2.o(.ARM.Collect$$rtentry$$0000000D)
    __rt_entry_postli_1                      0x0800024d   Thumb Code     0  __rtentry2.o(.ARM.Collect$$rtentry$$0000000C)
    __rt_exit                                0x08000255   Thumb Code     0  rtexit.o(.ARM.Collect$$rtexit$$00000000)
    __rt_exit_ls                             0x08000257   Thumb Code     0  rtexit2.o(.ARM.Collect$$rtexit$$00000003)
    __rt_exit_prels_1                        0x08000257   Thumb Code     0  rtexit2.o(.ARM.Collect$$rtexit$$00000002)
    __rt_exit_exit                           0x0800025b   Thumb Code     0  rtexit2.o(.ARM.Collect$$rtexit$$00000004)
    __aeabi_memcpy4                          0x08000261   Thumb Code    56  rt_memcpy.o(.emb_text)
    __aeabi_memcpy8                          0x08000261   Thumb Code     0  rt_memcpy.o(.emb_text)
    Reset_Handler                            0x08000299   Thumb Code     8  startup_stm32l071xx.o(.text)
    ADC1_COMP_IRQHandler                     0x080002ab   Thumb Code     0  startup_stm32l071xx.o(.text)
    DMA1_Channel1_IRQHandler                 0x080002ab   Thumb Code     0  startup_stm32l071xx.o(.text)
    DMA1_Channel2_3_IRQHandler               0x080002ab   Thumb Code     0  startup_stm32l071xx.o(.text)
    DMA1_Channel4_5_6_7_IRQHandler           0x080002ab   Thumb Code     0  startup_stm32l071xx.o(.text)
    EXTI0_1_IRQHandler                       0x080002ab   Thumb Code     0  startup_stm32l071xx.o(.text)
    EXTI2_3_IRQHandler                       0x080002ab   Thumb Code     0  startup_stm32l071xx.o(.text)
    EXTI4_15_IRQHandler                      0x080002ab   Thumb Code     0  startup_stm32l071xx.o(.text)
    FLASH_IRQHandler                         0x080002ab   Thumb Code     0  startup_stm32l071xx.o(.text)
    I2C1_IRQHandler                          0x080002ab   Thumb Code     0  startup_stm32l071xx.o(.text)
    I2C2_IRQHandler                          0x080002ab   Thumb Code     0  startup_stm32l071xx.o(.text)
    I2C3_IRQHandler                          0x080002ab   Thumb Code     0  startup_stm32l071xx.o(.text)
    LPTIM1_IRQHandler                        0x080002ab   Thumb Code     0  startup_stm32l071xx.o(.text)
    LPUART1_IRQHandler                       0x080002ab   Thumb Code     0  startup_stm32l071xx.o(.text)
    PVD_IRQHandler                           0x080002ab   Thumb Code     0  startup_stm32l071xx.o(.text)
    RCC_IRQHandler                           0x080002ab   Thumb Code     0  startup_stm32l071xx.o(.text)
    RTC_IRQHandler                           0x080002ab   Thumb Code     0  startup_stm32l071xx.o(.text)
    SPI1_IRQHandler                          0x080002ab   Thumb Code     0  startup_stm32l071xx.o(.text)
    SPI2_IRQHandler                          0x080002ab   Thumb Code     0  startup_stm32l071xx.o(.text)
    TIM21_IRQHandler                         0x080002ab   Thumb Code     0  startup_stm32l071xx.o(.text)
    TIM22_IRQHandler                         0x080002ab   Thumb Code     0  startup_stm32l071xx.o(.text)
    TIM2_IRQHandler                          0x080002ab   Thumb Code     0  startup_stm32l071xx.o(.text)
    TIM3_IRQHandler                          0x080002ab   Thumb Code     0  startup_stm32l071xx.o(.text)
    TIM6_IRQHandler                          0x080002ab   Thumb Code     0  startup_stm32l071xx.o(.text)
    USART2_IRQHandler                        0x080002ab   Thumb Code     0  startup_stm32l071xx.o(.text)
    USART4_5_IRQHandler                      0x080002ab   Thumb Code     0  startup_stm32l071xx.o(.text)
    WWDG_IRQHandler                          0x080002ab   Thumb Code     0  startup_stm32l071xx.o(.text)
    __user_initial_stackheap                 0x080002ad   Thumb Code     0  startup_stm32l071xx.o(.text)
    __use_no_semihosting                     0x080002d1   Thumb Code     2  use_no_semi_2.o(.text)
    __c89vsprintf                            0x080002d5   Thumb Code    32  c89vsprintf.o(.text)
    __2printf                                0x080002f9   Thumb Code    22  __2printf.o(.text)
    _printf_str                              0x08000315   Thumb Code    82  _printf_str.o(.text)
    _printf_int_dec                          0x08000369   Thumb Code    90  _printf_dec.o(.text)
    __printf                                 0x080003d5   Thumb Code   386  __printf_flags_ss_wp.o(.text)
    strstr                                   0x0800055d   Thumb Code    40  strstr.o(.text)
    strlen                                   0x08000585   Thumb Code    62  strlen.o(.text)
    _memset_w                                0x080005c9   Thumb Code    26  rt_memclr.o(.text)
    _memset                                  0x080005e3   Thumb Code    30  rt_memclr.o(.text)
    __aeabi_memclr                           0x08000601   Thumb Code     4  rt_memclr.o(.text)
    __rt_memclr                              0x08000601   Thumb Code     0  rt_memclr.o(.text)
    __aeabi_memclr4                          0x08000605   Thumb Code     0  rt_memclr.o(.text)
    __aeabi_memclr8                          0x08000605   Thumb Code     0  rt_memclr.o(.text)
    __rt_memclr_w                            0x08000605   Thumb Code     4  rt_memclr.o(.text)
    __aeabi_uidiv                            0x08000609   Thumb Code     0  aeabi_sdiv.o(.text)
    __aeabi_uidivmod                         0x08000609   Thumb Code    20  aeabi_sdiv.o(.text)
    __aeabi_idiv                             0x0800061d   Thumb Code     0  aeabi_sdiv.o(.text)
    __aeabi_idivmod                          0x0800061d   Thumb Code   326  aeabi_sdiv.o(.text)
    __use_two_region_memory                  0x08000763   Thumb Code     2  heapauxi.o(.text)
    __rt_heap_escrow$2region                 0x08000765   Thumb Code     2  heapauxi.o(.text)
    __rt_heap_expand$2region                 0x08000767   Thumb Code     2  heapauxi.o(.text)
    __aeabi_dadd                             0x08000a61   Thumb Code     0  daddsub.o(.text)
    _dadd                                    0x08000a61   Thumb Code    26  daddsub.o(.text)
    __aeabi_dsub                             0x08000a7b   Thumb Code     0  daddsub.o(.text)
    _dsub                                    0x08000a7b   Thumb Code    22  daddsub.o(.text)
    __aeabi_drsub                            0x08000a91   Thumb Code     0  daddsub.o(.text)
    _drsb                                    0x08000a91   Thumb Code    28  daddsub.o(.text)
    __aeabi_ddiv                             0x08000ac1   Thumb Code     0  ddiv.o(.text)
    _ddiv                                    0x08000ac1   Thumb Code  1072  ddiv.o(.text)
    _drdiv                                   0x08000ef1   Thumb Code    20  ddiv.o(.text)
    __aeabi_d2uiz                            0x08000f09   Thumb Code     0  dfixui.o(.text)
    _dfixu                                   0x08000f09   Thumb Code    68  dfixui.o(.text)
    __aeabi_i2d_normalise                    0x08000f51   Thumb Code    66  dflti.o(.text)
    __aeabi_i2d                              0x08000f93   Thumb Code    16  dflti.o(.text)
    _dflt                                    0x08000f93   Thumb Code     0  dflti.o(.text)
    __aeabi_ui2d                             0x08000fa3   Thumb Code     6  dflti.o(.text)
    _dfltu                                   0x08000fa3   Thumb Code     0  dflti.o(.text)
    __aeabi_l2d_normalise                    0x08000fa9   Thumb Code   104  dfltl.o(.text)
    __aeabi_l2d                              0x08001011   Thumb Code    20  dfltl.o(.text)
    _ll_sto_d                                0x08001011   Thumb Code     0  dfltl.o(.text)
    __aeabi_ul2d                             0x08001025   Thumb Code     4  dfltl.o(.text)
    _ll_uto_d                                0x08001025   Thumb Code     0  dfltl.o(.text)
    __aeabi_dmul                             0x0800102d   Thumb Code     0  dmul.o(.text)
    _dmul                                    0x0800102d   Thumb Code   558  dmul.o(.text)
    __I$use$semihosting                      0x08001275   Thumb Code     0  use_no_semi.o(.text)
    __use_no_semihosting_swi                 0x08001275   Thumb Code     2  use_no_semi.o(.text)
    _printf_pre_padding                      0x08001277   Thumb Code    44  _printf_pad.o(.text)
    _printf_post_padding                     0x080012a3   Thumb Code    34  _printf_pad.o(.text)
    _printf_truncate_signed                  0x080012c5   Thumb Code    18  _printf_truncate.o(.text)
    _printf_truncate_unsigned                0x080012d7   Thumb Code    18  _printf_truncate.o(.text)
    _printf_int_common                       0x080012e9   Thumb Code   176  _printf_intcommon.o(.text)
    _printf_charcount                        0x08001399   Thumb Code    38  _printf_charcount.o(.text)
    __lib_sel_fp_printf                      0x080013c1   Thumb Code     2  _printf_fp_dec.o(.text)
    _printf_fp_dec_real                      0x0800155b   Thumb Code   620  _printf_fp_dec.o(.text)
    _printf_char_common                      0x080017df   Thumb Code    32  _printf_char_common.o(.text)
    _sputc                                   0x08001805   Thumb Code    10  _sputc.o(.text)
    _printf_cs_common                        0x0800180f   Thumb Code    22  _printf_char.o(.text)
    _printf_char                             0x08001825   Thumb Code    16  _printf_char.o(.text)
    _printf_string                           0x08001835   Thumb Code     8  _printf_char.o(.text)
    _printf_char_file                        0x0800183d   Thumb Code    34  _printf_char_file.o(.text)
    _printf_wctomb                           0x08001865   Thumb Code   182  _printf_wctomb.o(.text)
    _printf_longlong_dec                     0x08001921   Thumb Code    94  _printf_longlong_dec.o(.text)
    _printf_longlong_oct                     0x08001991   Thumb Code    68  _printf_oct_int_ll.o(.text)
    _printf_int_oct                          0x080019d5   Thumb Code    24  _printf_oct_int_ll.o(.text)
    _printf_ll_oct                           0x080019ed   Thumb Code    10  _printf_oct_int_ll.o(.text)
    _printf_longlong_hex                     0x08001a01   Thumb Code    88  _printf_hex_int_ll_ptr.o(.text)
    _printf_int_hex                          0x08001a59   Thumb Code    28  _printf_hex_int_ll_ptr.o(.text)
    _printf_ll_hex                           0x08001a75   Thumb Code    10  _printf_hex_int_ll_ptr.o(.text)
    _printf_hex_ptr                          0x08001a7f   Thumb Code    22  _printf_hex_int_ll_ptr.o(.text)
    __rt_udiv10                              0x08001a99   Thumb Code    40  rtudiv10.o(.text)
    __fpl_dcmp_InfNaN                        0x08001ac1   Thumb Code   140  dcmpin.o(.text)
    __rt_locale                              0x08001b51   Thumb Code     8  rt_locale_intlibspace.o(.text)
    _ll_udiv10                               0x08001b59   Thumb Code   122  lludiv10.o(.text)
    _printf_fp_infnan                        0x08001bd5   Thumb Code   120  _printf_fp_infnan.o(.text)
    _printf_lcs_common                       0x08001c5d   Thumb Code    22  _printf_wchar.o(.text)
    _printf_wchar                            0x08001c73   Thumb Code    16  _printf_wchar.o(.text)
    _printf_wstring                          0x08001c83   Thumb Code     8  _printf_wchar.o(.text)
    _btod_etento                             0x08001c8d   Thumb Code   196  bigflt0.o(.text)
    _btod_d2e                                0x08001d55   Thumb Code    64  btod.o(.text)
    _btod_emul                               0x0800214b   Thumb Code    24  btod.o(.text)
    _btod_emuld                              0x08002163   Thumb Code    60  btod.o(.text)
    _btod_ediv                               0x0800219f   Thumb Code    22  btod.o(.text)
    _btod_edivd                              0x080021b5   Thumb Code    60  btod.o(.text)
    ferror                                   0x080021fd   Thumb Code     8  ferror.o(.text)
    _wcrtomb                                 0x08002205   Thumb Code    64  _wcrtomb.o(.text)
    __fpl_cmpreturn                          0x08002245   Thumb Code    46  cmpret.o(.text)
    __fpl_dcheck_NaN2                        0x08002275   Thumb Code    14  dnan2.o(.text)
    __user_libspace                          0x08002289   Thumb Code     8  libspace.o(.text)
    __user_perproc_libspace                  0x08002289   Thumb Code     0  libspace.o(.text)
    __user_perthread_libspace                0x08002289   Thumb Code     0  libspace.o(.text)
    __user_setup_stackheap                   0x08002291   Thumb Code    62  sys_stackheap_outer.o(.text)
    __rt_ctype_table                         0x080022d1   Thumb Code    16  rt_ctype_table.o(.text)
    exit                                     0x080022e1   Thumb Code    16  exit.o(.text)
    strcmp                                   0x080022f1   Thumb Code   132  strcmp.o(.text)
    __fpl_return_NaN                         0x08002379   Thumb Code    94  retnan.o(.text)
    Check_WKUP                               0x080024a9   Thumb Code    38  wkup.o(i.Check_WKUP)
    Get_Adc                                  0x080024d5   Thumb Code    42  adc.o(i.Get_Adc)
    Get_Adc_Average                          0x08002505   Thumb Code    40  adc.o(i.Get_Adc_Average)
    HAL_ADC_ConfigChannel                    0x0800252d   Thumb Code   246  stm32l0xx_hal_adc.o(i.HAL_ADC_ConfigChannel)
    HAL_ADC_GetValue                         0x08002635   Thumb Code     8  stm32l0xx_hal_adc.o(i.HAL_ADC_GetValue)
    HAL_ADC_Init                             0x0800263d   Thumb Code   552  stm32l0xx_hal_adc.o(i.HAL_ADC_Init)
    HAL_ADC_MspInit                          0x08002871   Thumb Code   152  adc.o(i.HAL_ADC_MspInit)
    HAL_ADC_PollForConversion                0x08002915   Thumb Code   228  stm32l0xx_hal_adc.o(i.HAL_ADC_PollForConversion)
    HAL_ADC_Start                            0x080029f9   Thumb Code   114  stm32l0xx_hal_adc.o(i.HAL_ADC_Start)
    HAL_GPIO_Init                            0x08002a71   Thumb Code   472  stm32l0xx_hal_gpio.o(i.HAL_GPIO_Init)
    HAL_GPIO_ReadPin                         0x08002c69   Thumb Code    18  stm32l0xx_hal_gpio.o(i.HAL_GPIO_ReadPin)
    HAL_GPIO_WritePin                        0x08002c7b   Thumb Code    12  stm32l0xx_hal_gpio.o(i.HAL_GPIO_WritePin)
    HAL_GetTick                              0x08002c89   Thumb Code     6  stm32l0xx_hal.o(i.HAL_GetTick)
    HAL_IncTick                              0x08002c95   Thumb Code    12  stm32l0xx_hal.o(i.HAL_IncTick)
    HAL_Init                                 0x08002ca5   Thumb Code    28  stm32l0xx_hal.o(i.HAL_Init)
    HAL_InitTick                             0x08002cc5   Thumb Code    38  stm32l0xx_hal.o(i.HAL_InitTick)
    HAL_MspInit                              0x08002ceb   Thumb Code     2  stm32l0xx_hal_msp_template.o(i.HAL_MspInit)
    HAL_NVIC_EnableIRQ                       0x08002ced   Thumb Code    18  stm32l0xx_hal_cortex.o(i.HAL_NVIC_EnableIRQ)
    HAL_NVIC_SetPriority                     0x08002d05   Thumb Code    18  stm32l0xx_hal_cortex.o(i.HAL_NVIC_SetPriority)
    HAL_PWR_EnableBkUpAccess                 0x08002d19   Thumb Code    16  stm32l0xx_hal_pwr.o(i.HAL_PWR_EnableBkUpAccess)
    HAL_PWR_EnableWakeUpPin                  0x08002d2d   Thumb Code    12  stm32l0xx_hal_pwr.o(i.HAL_PWR_EnableWakeUpPin)
    HAL_PWR_EnterSTANDBYMode                 0x08002d3d   Thumb Code    32  stm32l0xx_hal_pwr.o(i.HAL_PWR_EnterSTANDBYMode)
    HAL_RCC_ClockConfig                      0x08002d65   Thumb Code   458  stm32l0xx_hal_rcc.o(i.HAL_RCC_ClockConfig)
    HAL_RCC_GetHCLKFreq                      0x08002f3d   Thumb Code    32  stm32l0xx_hal_rcc.o(i.HAL_RCC_GetHCLKFreq)
    HAL_RCC_GetPCLK1Freq                     0x08002f69   Thumb Code    26  stm32l0xx_hal_rcc.o(i.HAL_RCC_GetPCLK1Freq)
    HAL_RCC_GetPCLK2Freq                     0x08002f8d   Thumb Code    26  stm32l0xx_hal_rcc.o(i.HAL_RCC_GetPCLK2Freq)
    HAL_RCC_GetSysClockFreq                  0x08002fb1   Thumb Code   214  stm32l0xx_hal_rcc.o(i.HAL_RCC_GetSysClockFreq)
    HAL_RCC_OscConfig                        0x0800309d   Thumb Code  1498  stm32l0xx_hal_rcc.o(i.HAL_RCC_OscConfig)
    HAL_SYSTICK_Config                       0x08003685   Thumb Code    46  stm32l0xx_hal_cortex.o(i.HAL_SYSTICK_Config)
    HAL_TIM_Base_Init                        0x080036bd   Thumb Code    56  stm32l0xx_hal_tim.o(i.HAL_TIM_Base_Init)
    HAL_TIM_Base_MspInit                     0x080036f5   Thumb Code     2  stm32l0xx_hal_tim.o(i.HAL_TIM_Base_MspInit)
    HAL_TIM_Base_Start                       0x080036f7   Thumb Code    30  stm32l0xx_hal_tim.o(i.HAL_TIM_Base_Start)
    HAL_TIM_Base_Start_IT                    0x08003715   Thumb Code    30  stm32l0xx_hal_tim.o(i.HAL_TIM_Base_Start_IT)
    HAL_TIM_Base_Stop                        0x08003735   Thumb Code    46  stm32l0xx_hal_tim.o(i.HAL_TIM_Base_Stop)
    HAL_TIM_IC_CaptureCallback               0x08003769   Thumb Code     2  stm32l0xx_hal_tim.o(i.HAL_TIM_IC_CaptureCallback)
    HAL_TIM_IRQHandler                       0x0800376b   Thumb Code   380  stm32l0xx_hal_tim.o(i.HAL_TIM_IRQHandler)
    HAL_TIM_OC_DelayElapsedCallback          0x080038e7   Thumb Code     2  stm32l0xx_hal_tim.o(i.HAL_TIM_OC_DelayElapsedCallback)
    HAL_TIM_PWM_PulseFinishedCallback        0x080038e9   Thumb Code     2  stm32l0xx_hal_tim.o(i.HAL_TIM_PWM_PulseFinishedCallback)
    HAL_TIM_PeriodElapsedCallback            0x080038ed   Thumb Code    26  timer.o(i.HAL_TIM_PeriodElapsedCallback)
    HAL_TIM_TriggerCallback                  0x08003911   Thumb Code     2  stm32l0xx_hal_tim.o(i.HAL_TIM_TriggerCallback)
    HAL_UARTEx_WakeupCallback                0x08003913   Thumb Code     2  stm32l0xx_hal_uart_ex.o(i.HAL_UARTEx_WakeupCallback)
    HAL_UART_ErrorCallback                   0x08003915   Thumb Code     2  stm32l0xx_hal_uart.o(i.HAL_UART_ErrorCallback)
    HAL_UART_IRQHandler                      0x08003917   Thumb Code   322  stm32l0xx_hal_uart.o(i.HAL_UART_IRQHandler)
    HAL_UART_Init                            0x08003a59   Thumb Code   124  stm32l0xx_hal_uart.o(i.HAL_UART_Init)
    HAL_UART_MspInit                         0x08003ad5   Thumb Code     2  stm32l0xx_hal_uart.o(i.HAL_UART_MspInit)
    HAL_UART_Receive                         0x08003ad9   Thumb Code   326  stm32l0xx_hal_uart.o(i.HAL_UART_Receive)
    HAL_UART_RxCpltCallback                  0x08003c25   Thumb Code     2  stm32l0xx_hal_uart.o(i.HAL_UART_RxCpltCallback)
    HAL_UART_TxCpltCallback                  0x08003c27   Thumb Code     2  stm32l0xx_hal_uart.o(i.HAL_UART_TxCpltCallback)
    HAL_USART_Init                           0x08003c29   Thumb Code   108  stm32l0xx_hal_usart.o(i.HAL_USART_Init)
    HAL_USART_MspInit                        0x08003c95   Thumb Code   116  usart4.o(i.HAL_USART_MspInit)
    HardFault_Handler                        0x08003d15   Thumb Code     4  stm32l0xx_it.o(i.HardFault_Handler)
    LED_Control                              0x08003d19   Thumb Code    44  led.o(i.LED_Control)
    LED_Init                                 0x08003d51   Thumb Code    68  led.o(i.LED_Init)
    MY_ADC_Init                              0x08003d9d   Thumb Code    74  adc.o(i.MY_ADC_Init)
    NMI_Handler                              0x08003df1   Thumb Code     2  stm32l0xx_it.o(i.NMI_Handler)
    PWRA_Init                                0x08003e6d   Thumb Code    86  pwr.o(i.PWRA_Init)
    PWRB_Init                                0x08003ec9   Thumb Code    70  pwr.o(i.PWRB_Init)
    PWRC_Init                                0x08003f19   Thumb Code    82  pwr.o(i.PWRC_Init)
    PendSV_Handler                           0x08003f79   Thumb Code     2  stm32l0xx_it.o(i.PendSV_Handler)
    SVC_Handler                              0x08003f7b   Thumb Code     2  stm32l0xx_it.o(i.SVC_Handler)
    SysTick_Handler                          0x08003f7d   Thumb Code     8  stm32l0xx_it.o(i.SysTick_Handler)
    Sys_Enter_Standby                        0x08003f85   Thumb Code    70  wkup.o(i.Sys_Enter_Standby)
    SystemClock_Config                       0x08003fd5   Thumb Code   120  sys.o(i.SystemClock_Config)
    SystemInit                               0x08004055   Thumb Code    88  system_stm32l0xx.o(i.SystemInit)
    TIM7_IRQHandler                          0x080040bd   Thumb Code    10  timer.o(i.TIM7_IRQHandler)
    TIM7_Init                                0x080040cd   Thumb Code    64  timer.o(i.TIM7_Init)
    UART1_init                               0x0800419d   Thumb Code   180  usart1.o(i.UART1_init)
    UART_AdvFeatureConfig                    0x08004269   Thumb Code   240  stm32l0xx_hal_uart.o(i.UART_AdvFeatureConfig)
    UART_CheckIdleState                      0x08004359   Thumb Code    92  stm32l0xx_hal_uart.o(i.UART_CheckIdleState)
    UART_SetConfig                           0x0800449d   Thumb Code   924  stm32l0xx_hal_uart.o(i.UART_SetConfig)
    UART_WaitOnFlagUntilTimeout              0x080048eb   Thumb Code   256  stm32l0xx_hal_uart.o(i.UART_WaitOnFlagUntilTimeout)
    USART1_IRQHandler                        0x080049ed   Thumb Code   122  usart1.o(i.USART1_IRQHandler)
    WKUP_Init                                0x08004d65   Thumb Code   104  wkup.o(i.WKUP_Init)
    __ARM_common_ll_muluu                    0x08004dd5   Thumb Code    48  btod.o(i.__ARM_common_ll_muluu)
    __ARM_common_switch8                     0x08004e05   Thumb Code    28  stm32l0xx_hal_irda.o(i.__ARM_common_switch8)
    __ARM_fpclassify                         0x08004e21   Thumb Code    40  fpclassify.o(i.__ARM_fpclassify)
    _is_digit                                0x08004e4d   Thumb Code    14  __printf_wp.o(i._is_digit)
    _sys_exit                                0x08004e5b   Thumb Code     4  usart4.o(i._sys_exit)
    dataConstruct                            0x08004e61   Thumb Code   450  sim800c.o(i.dataConstruct)
    delay_init                               0x08005029   Thumb Code    42  delay.o(i.delay_init)
    delay_ms                                 0x08005061   Thumb Code    58  delay.o(i.delay_ms)
    delay_xms                                0x0800509d   Thumb Code    54  delay.o(i.delay_xms)
    fputc                                    0x080050dd   Thumb Code    22  usart4.o(i.fputc)
    main                                     0x080050f9   Thumb Code   636  main.o(i.main)
    send_multi_data                          0x08005411   Thumb Code    76  usart1.o(i.send_multi_data)
    sim800c_check_cmd                        0x0800546d   Thumb Code    48  sim800c.o(i.sim800c_check_cmd)
    sim800c_gprs_test                        0x080054a5   Thumb Code   138  sim800c.o(i.sim800c_gprs_test)
    sim800c_send_cmd                         0x080055bd   Thumb Code   116  sim800c.o(i.sim800c_send_cmd)
    sim800c_tcpudp_test                      0x08005641   Thumb Code   248  sim800c.o(i.sim800c_tcpudp_test)
    sim800c_test                             0x0800583d   Thumb Code    60  sim800c.o(i.sim800c_test)
    u2_printf                                0x080058ad   Thumb Code    72  usart1.o(i.u2_printf)
    usart4_init                              0x080058fd   Thumb Code    32  usart4.o(i.usart4_init)
    _get_lc_numeric                          0x08005925   Thumb Code    44  lc_numeric_c.o(locale$$code)
    _get_lc_ctype                            0x08005951   Thumb Code    44  lc_ctype_c.o(locale$$code)
    __aeabi_cdrcmple                         0x0800597d   Thumb Code     0  drlef.o(x$fpl$drleqf)
    _drcmple                                 0x0800597d   Thumb Code   100  drlef.o(x$fpl$drleqf)
    _printf_fp_dec                           0x080059e5   Thumb Code    16  printf1.o(x$fpl$printf1)
    AHBPrescTable                            0x080059f4   Data          16  system_stm32l0xx.o(.constdata)
    __I$use$fp                               0x080059f4   Number         0  usenofp.o(x$fpl$usenofp)
    PLLMulTable                              0x08005a04   Data           9  system_stm32l0xx.o(.constdata)
    Region$$Table$$Base                      0x08005b80   Number         0  anon$$obj.o(Region$$Table)
    Region$$Table$$Limit                     0x08005ba0   Number         0  anon$$obj.o(Region$$Table)
    __ctype                                  0x08005bc9   Data           0  lc_ctype_c.o(locale$$data)
    SystemCoreClock                          0x20000000   Data           4  system_stm32l0xx.o(.data)
    __stdout                                 0x2000000c   Data           4  usart4.o(.data)
    USART_RX_STA                             0x20000010   Data           2  usart4.o(.data)
    aRxBuffer                                0x20000012   Data           1  usart4.o(.data)
    LED_ON                                   0x20000013   Data           1  led.o(.data)
    LED_OFF                                  0x20000014   Data           1  led.o(.data)
    USART1_RX_STA                            0x20000016   Data           2  usart1.o(.data)
    modetbl                                  0x20000018   Data           8  sim800c.o(.data)
    USART_RX_BUF                             0x20000848   Data         200  usart4.o(.bss)
    USART4_Handler                           0x20000910   Data          72  usart4.o(.bss)
    ADC1_Handler                             0x20000958   Data          96  adc.o(.bss)
    USART1_TX_BUF                            0x200009b8   Data        1460  usart1.o(.bss)
    USART1_RX_BUF                            0x20000f6c   Data         400  usart1.o(.bss)
    UART1_Handler                            0x200010fc   Data         112  usart1.o(.bss)
    TIM7_Handler                             0x20002638   Data          56  timer.o(.bss)
    __libspace_start                         0x20002670   Data          96  libspace.o(.bss)
    __temporary_stack_top$libspace           0x200026d0   Data           0  libspace.o(.bss)



==============================================================================

Memory Map of the image

  Image Entry point : 0x080000c1

  Load Region LR_IROM1 (Base: 0x08000000, Size: 0x00005cf0, Max: 0x00020000, ABSOLUTE)

    Execution Region ER_IROM1 (Base: 0x08000000, Size: 0x00005ccc, Max: 0x00020000, ABSOLUTE)

    Base Addr    Size         Type   Attr      Idx    E Section Name        Object

    0x08000000   0x000000c0   Data   RO          426    RESET               startup_stm32l071xx.o
    0x080000c0   0x00000008   Code   RO         6246  * !!!main             c_p.l(__main.o)
    0x080000c8   0x0000003c   Code   RO         6564    !!!scatter          c_p.l(__scatter.o)
    0x08000104   0x0000001a   Code   RO         6566    !!handler_copy      c_p.l(__scatter_copy.o)
    0x0800011e   0x00000002   PAD
    0x08000120   0x0000001c   Code   RO         6568    !!handler_zi        c_p.l(__scatter_zi.o)
    0x0800013c   0x00000002   Code   RO         6229    .ARM.Collect$$_printf_percent$$00000000  c_p.l(_printf_percent.o)
    0x0800013e   0x0000000a   Code   RO         6336    .ARM.Collect$$_printf_percent$$00000001  c_p.l(_printf_n.o)
    0x08000148   0x0000000a   Code   RO         6338    .ARM.Collect$$_printf_percent$$00000002  c_p.l(_printf_p.o)
    0x08000152   0x0000000a   Code   RO         6228    .ARM.Collect$$_printf_percent$$00000003  c_p.l(_printf_f.o)
    0x0800015c   0x0000000a   Code   RO         6342    .ARM.Collect$$_printf_percent$$00000004  c_p.l(_printf_e.o)
    0x08000166   0x0000000a   Code   RO         6343    .ARM.Collect$$_printf_percent$$00000005  c_p.l(_printf_g.o)
    0x08000170   0x0000000a   Code   RO         6344    .ARM.Collect$$_printf_percent$$00000006  c_p.l(_printf_a.o)
    0x0800017a   0x0000000a   Code   RO         6349    .ARM.Collect$$_printf_percent$$00000007  c_p.l(_printf_ll.o)
    0x08000184   0x0000000a   Code   RO         6340    .ARM.Collect$$_printf_percent$$00000008  c_p.l(_printf_i.o)
    0x0800018e   0x0000000a   Code   RO         6227    .ARM.Collect$$_printf_percent$$00000009  c_p.l(_printf_d.o)
    0x08000198   0x0000000a   Code   RO         6341    .ARM.Collect$$_printf_percent$$0000000A  c_p.l(_printf_u.o)
    0x080001a2   0x0000000a   Code   RO         6339    .ARM.Collect$$_printf_percent$$0000000B  c_p.l(_printf_o.o)
    0x080001ac   0x0000000a   Code   RO         6337    .ARM.Collect$$_printf_percent$$0000000C  c_p.l(_printf_x.o)
    0x080001b6   0x0000000a   Code   RO         6346    .ARM.Collect$$_printf_percent$$0000000D  c_p.l(_printf_lli.o)
    0x080001c0   0x0000000a   Code   RO         6347    .ARM.Collect$$_printf_percent$$0000000E  c_p.l(_printf_lld.o)
    0x080001ca   0x0000000a   Code   RO         6348    .ARM.Collect$$_printf_percent$$0000000F  c_p.l(_printf_llu.o)
    0x080001d4   0x0000000a   Code   RO         6353    .ARM.Collect$$_printf_percent$$00000010  c_p.l(_printf_llo.o)
    0x080001de   0x0000000a   Code   RO         6354    .ARM.Collect$$_printf_percent$$00000011  c_p.l(_printf_llx.o)
    0x080001e8   0x0000000a   Code   RO         6350    .ARM.Collect$$_printf_percent$$00000012  c_p.l(_printf_l.o)
    0x080001f2   0x0000000a   Code   RO         6335    .ARM.Collect$$_printf_percent$$00000013  c_p.l(_printf_c.o)
    0x080001fc   0x0000000a   Code   RO         6226    .ARM.Collect$$_printf_percent$$00000014  c_p.l(_printf_s.o)
    0x08000206   0x0000000a   Code   RO         6351    .ARM.Collect$$_printf_percent$$00000015  c_p.l(_printf_lc.o)
    0x08000210   0x0000000a   Code   RO         6352    .ARM.Collect$$_printf_percent$$00000016  c_p.l(_printf_ls.o)
    0x0800021a   0x00000004   Code   RO         6345    .ARM.Collect$$_printf_percent$$00000017  c_p.l(_printf_percent_end.o)
    0x0800021e   0x00000002   Code   RO         6435    .ARM.Collect$$libinit$$00000000  c_p.l(libinit.o)
    0x08000220   0x00000000   Code   RO         6437    .ARM.Collect$$libinit$$00000002  c_p.l(libinit2.o)
    0x08000220   0x00000000   Code   RO         6439    .ARM.Collect$$libinit$$00000004  c_p.l(libinit2.o)
    0x08000220   0x00000000   Code   RO         6442    .ARM.Collect$$libinit$$0000000A  c_p.l(libinit2.o)
    0x08000220   0x00000000   Code   RO         6444    .ARM.Collect$$libinit$$0000000C  c_p.l(libinit2.o)
    0x08000220   0x00000000   Code   RO         6446    .ARM.Collect$$libinit$$0000000E  c_p.l(libinit2.o)
    0x08000220   0x00000006   Code   RO         6447    .ARM.Collect$$libinit$$0000000F  c_p.l(libinit2.o)
    0x08000226   0x00000000   Code   RO         6449    .ARM.Collect$$libinit$$00000011  c_p.l(libinit2.o)
    0x08000226   0x0000000c   Code   RO         6450    .ARM.Collect$$libinit$$00000012  c_p.l(libinit2.o)
    0x08000232   0x00000000   Code   RO         6451    .ARM.Collect$$libinit$$00000013  c_p.l(libinit2.o)
    0x08000232   0x00000000   Code   RO         6453    .ARM.Collect$$libinit$$00000015  c_p.l(libinit2.o)
    0x08000232   0x0000000a   Code   RO         6454    .ARM.Collect$$libinit$$00000016  c_p.l(libinit2.o)
    0x0800023c   0x00000000   Code   RO         6455    .ARM.Collect$$libinit$$00000017  c_p.l(libinit2.o)
    0x0800023c   0x00000000   Code   RO         6457    .ARM.Collect$$libinit$$00000019  c_p.l(libinit2.o)
    0x0800023c   0x00000000   Code   RO         6459    .ARM.Collect$$libinit$$0000001B  c_p.l(libinit2.o)
    0x0800023c   0x00000000   Code   RO         6461    .ARM.Collect$$libinit$$0000001D  c_p.l(libinit2.o)
    0x0800023c   0x00000000   Code   RO         6463    .ARM.Collect$$libinit$$0000001F  c_p.l(libinit2.o)
    0x0800023c   0x00000000   Code   RO         6465    .ARM.Collect$$libinit$$00000021  c_p.l(libinit2.o)
    0x0800023c   0x00000000   Code   RO         6467    .ARM.Collect$$libinit$$00000023  c_p.l(libinit2.o)
    0x0800023c   0x00000000   Code   RO         6469    .ARM.Collect$$libinit$$00000025  c_p.l(libinit2.o)
    0x0800023c   0x00000000   Code   RO         6473    .ARM.Collect$$libinit$$0000002C  c_p.l(libinit2.o)
    0x0800023c   0x00000000   Code   RO         6475    .ARM.Collect$$libinit$$0000002E  c_p.l(libinit2.o)
    0x0800023c   0x00000000   Code   RO         6477    .ARM.Collect$$libinit$$00000030  c_p.l(libinit2.o)
    0x0800023c   0x00000000   Code   RO         6479    .ARM.Collect$$libinit$$00000032  c_p.l(libinit2.o)
    0x0800023c   0x00000002   Code   RO         6480    .ARM.Collect$$libinit$$00000033  c_p.l(libinit2.o)
    0x0800023e   0x00000002   Code   RO         6528    .ARM.Collect$$libshutdown$$00000000  c_p.l(libshutdown.o)
    0x08000240   0x00000000   Code   RO         6547    .ARM.Collect$$libshutdown$$00000002  c_p.l(libshutdown2.o)
    0x08000240   0x00000000   Code   RO         6549    .ARM.Collect$$libshutdown$$00000004  c_p.l(libshutdown2.o)
    0x08000240   0x00000000   Code   RO         6552    .ARM.Collect$$libshutdown$$00000007  c_p.l(libshutdown2.o)
    0x08000240   0x00000000   Code   RO         6555    .ARM.Collect$$libshutdown$$0000000A  c_p.l(libshutdown2.o)
    0x08000240   0x00000000   Code   RO         6557    .ARM.Collect$$libshutdown$$0000000C  c_p.l(libshutdown2.o)
    0x08000240   0x00000000   Code   RO         6560    .ARM.Collect$$libshutdown$$0000000F  c_p.l(libshutdown2.o)
    0x08000240   0x00000002   Code   RO         6561    .ARM.Collect$$libshutdown$$00000010  c_p.l(libshutdown2.o)
    0x08000242   0x00000000   Code   RO         6276    .ARM.Collect$$rtentry$$00000000  c_p.l(__rtentry.o)
    0x08000242   0x00000000   Code   RO         6361    .ARM.Collect$$rtentry$$00000002  c_p.l(__rtentry2.o)
    0x08000242   0x00000006   Code   RO         6373    .ARM.Collect$$rtentry$$00000004  c_p.l(__rtentry4.o)
    0x08000248   0x00000000   Code   RO         6363    .ARM.Collect$$rtentry$$00000009  c_p.l(__rtentry2.o)
    0x08000248   0x00000004   Code   RO         6364    .ARM.Collect$$rtentry$$0000000A  c_p.l(__rtentry2.o)
    0x0800024c   0x00000000   Code   RO         6366    .ARM.Collect$$rtentry$$0000000C  c_p.l(__rtentry2.o)
    0x0800024c   0x00000008   Code   RO         6367    .ARM.Collect$$rtentry$$0000000D  c_p.l(__rtentry2.o)
    0x08000254   0x00000002   Code   RO         6484    .ARM.Collect$$rtexit$$00000000  c_p.l(rtexit.o)
    0x08000256   0x00000000   Code   RO         6500    .ARM.Collect$$rtexit$$00000002  c_p.l(rtexit2.o)
    0x08000256   0x00000004   Code   RO         6501    .ARM.Collect$$rtexit$$00000003  c_p.l(rtexit2.o)
    0x0800025a   0x00000006   Code   RO         6502    .ARM.Collect$$rtexit$$00000004  c_p.l(rtexit2.o)
    0x08000260   0x00000038   Code   RO         6234    .emb_text           c_p.l(rt_memcpy.o)
    0x08000298   0x00000038   Code   RO          427    .text               startup_stm32l071xx.o
    0x080002d0   0x00000002   Code   RO         6188    .text               c_p.l(use_no_semi_2.o)
    0x080002d2   0x00000002   PAD
    0x080002d4   0x00000024   Code   RO         6194    .text               c_p.l(c89vsprintf.o)
    0x080002f8   0x0000001c   Code   RO         6196    .text               c_p.l(__2printf.o)
    0x08000314   0x00000052   Code   RO         6202    .text               c_p.l(_printf_str.o)
    0x08000366   0x00000002   PAD
    0x08000368   0x0000006c   Code   RO         6204    .text               c_p.l(_printf_dec.o)
    0x080003d4   0x00000188   Code   RO         6223    .text               c_p.l(__printf_flags_ss_wp.o)
    0x0800055c   0x00000028   Code   RO         6230    .text               c_p.l(strstr.o)
    0x08000584   0x00000044   Code   RO         6232    .text               c_p.l(strlen.o)
    0x080005c8   0x00000040   Code   RO         6238    .text               c_p.l(rt_memclr.o)
    0x08000608   0x0000015a   Code   RO         6240    .text               c_p.l(aeabi_sdiv.o)
    0x08000762   0x00000006   Code   RO         6244    .text               c_p.l(heapauxi.o)
    0x08000768   0x00000358   Code   RO         6248    .text               fz_ps.l(daddsub.o)
    0x08000ac0   0x00000448   Code   RO         6250    .text               fz_ps.l(ddiv.o)
    0x08000f08   0x00000048   Code   RO         6253    .text               fz_ps.l(dfixui.o)
    0x08000f50   0x00000058   Code   RO         6255    .text               fz_ps.l(dflti.o)
    0x08000fa8   0x00000084   Code   RO         6257    .text               fz_ps.l(dfltl.o)
    0x0800102c   0x00000248   Code   RO         6259    .text               fz_ps.l(dmul.o)
    0x08001274   0x00000002   Code   RO         6274    .text               c_p.l(use_no_semi.o)
    0x08001276   0x0000004e   Code   RO         6285    .text               c_p.l(_printf_pad.o)
    0x080012c4   0x00000024   Code   RO         6287    .text               c_p.l(_printf_truncate.o)
    0x080012e8   0x000000b0   Code   RO         6289    .text               c_p.l(_printf_intcommon.o)
    0x08001398   0x00000026   Code   RO         6291    .text               c_p.l(_printf_charcount.o)
    0x080013be   0x00000002   PAD
    0x080013c0   0x00000414   Code   RO         6293    .text               c_p.l(_printf_fp_dec.o)
    0x080017d4   0x00000030   Code   RO         6295    .text               c_p.l(_printf_char_common.o)
    0x08001804   0x0000000a   Code   RO         6297    .text               c_p.l(_sputc.o)
    0x0800180e   0x0000002e   Code   RO         6299    .text               c_p.l(_printf_char.o)
    0x0800183c   0x00000028   Code   RO         6301    .text               c_p.l(_printf_char_file.o)
    0x08001864   0x000000bc   Code   RO         6303    .text               c_p.l(_printf_wctomb.o)
    0x08001920   0x00000070   Code   RO         6306    .text               c_p.l(_printf_longlong_dec.o)
    0x08001990   0x00000070   Code   RO         6312    .text               c_p.l(_printf_oct_int_ll.o)
    0x08001a00   0x00000098   Code   RO         6332    .text               c_p.l(_printf_hex_int_ll_ptr.o)
    0x08001a98   0x00000028   Code   RO         6355    .text               c_p.l(rtudiv10.o)
    0x08001ac0   0x00000090   Code   RO         6357    .text               fz_ps.l(dcmpin.o)
    0x08001b50   0x00000008   Code   RO         6380    .text               c_p.l(rt_locale_intlibspace.o)
    0x08001b58   0x0000007a   Code   RO         6382    .text               c_p.l(lludiv10.o)
    0x08001bd2   0x00000002   PAD
    0x08001bd4   0x00000088   Code   RO         6384    .text               c_p.l(_printf_fp_infnan.o)
    0x08001c5c   0x0000002e   Code   RO         6388    .text               c_p.l(_printf_wchar.o)
    0x08001c8a   0x00000002   PAD
    0x08001c8c   0x000000c8   Code   RO         6390    .text               c_p.l(bigflt0.o)
    0x08001d54   0x000004a8   Code   RO         6393    .text               c_p.l(btod.o)
    0x080021fc   0x00000008   Code   RO         6397    .text               c_p.l(ferror.o)
    0x08002204   0x00000040   Code   RO         6401    .text               c_p.l(_wcrtomb.o)
    0x08002244   0x0000002e   Code   RO         6406    .text               fz_ps.l(cmpret.o)
    0x08002272   0x00000002   PAD
    0x08002274   0x00000014   Code   RO         6408    .text               fz_ps.l(dnan2.o)
    0x08002288   0x00000008   Code   RO         6414    .text               c_p.l(libspace.o)
    0x08002290   0x0000003e   Code   RO         6417    .text               c_p.l(sys_stackheap_outer.o)
    0x080022ce   0x00000002   PAD
    0x080022d0   0x00000010   Code   RO         6420    .text               c_p.l(rt_ctype_table.o)
    0x080022e0   0x00000010   Code   RO         6422    .text               c_p.l(exit.o)
    0x080022f0   0x00000088   Code   RO         6428    .text               c_p.l(strcmp.o)
    0x08002378   0x0000005e   Code   RO         6481    .text               fz_ps.l(retnan.o)
    0x080023d6   0x00000002   PAD
    0x080023d8   0x0000002c   Code   RO          615    i.ADC_DelayMicroSecond  stm32l0xx_hal_adc.o
    0x08002404   0x000000a4   Code   RO          617    i.ADC_Enable        stm32l0xx_hal_adc.o
    0x080024a8   0x0000002c   Code   RO         5535    i.Check_WKUP        wkup.o
    0x080024d4   0x00000030   Code   RO         5567    i.Get_Adc           adc.o
    0x08002504   0x00000028   Code   RO         5568    i.Get_Adc_Average   adc.o
    0x0800252c   0x00000108   Code   RO          619    i.HAL_ADC_ConfigChannel  stm32l0xx_hal_adc.o
    0x08002634   0x00000008   Code   RO          626    i.HAL_ADC_GetValue  stm32l0xx_hal_adc.o
    0x0800263c   0x00000234   Code   RO          628    i.HAL_ADC_Init      stm32l0xx_hal_adc.o
    0x08002870   0x000000a4   Code   RO         5569    i.HAL_ADC_MspInit   adc.o
    0x08002914   0x000000e4   Code   RO          632    i.HAL_ADC_PollForConversion  stm32l0xx_hal_adc.o
    0x080029f8   0x00000078   Code   RO          634    i.HAL_ADC_Start     stm32l0xx_hal_adc.o
    0x08002a70   0x000001f8   Code   RO         1597    i.HAL_GPIO_Init     stm32l0xx_hal_gpio.o
    0x08002c68   0x00000012   Code   RO         1599    i.HAL_GPIO_ReadPin  stm32l0xx_hal_gpio.o
    0x08002c7a   0x0000000c   Code   RO         1601    i.HAL_GPIO_WritePin  stm32l0xx_hal_gpio.o
    0x08002c86   0x00000002   PAD
    0x08002c88   0x0000000c   Code   RO          446    i.HAL_GetTick       stm32l0xx_hal.o
    0x08002c94   0x00000010   Code   RO          447    i.HAL_IncTick       stm32l0xx_hal.o
    0x08002ca4   0x00000020   Code   RO          448    i.HAL_Init          stm32l0xx_hal.o
    0x08002cc4   0x00000026   Code   RO          449    i.HAL_InitTick      stm32l0xx_hal.o
    0x08002cea   0x00000002   Code   RO         2709    i.HAL_MspInit       stm32l0xx_hal_msp_template.o
    0x08002cec   0x00000018   Code   RO          969    i.HAL_NVIC_EnableIRQ  stm32l0xx_hal_cortex.o
    0x08002d04   0x00000012   Code   RO          973    i.HAL_NVIC_SetPriority  stm32l0xx_hal_cortex.o
    0x08002d16   0x00000002   PAD
    0x08002d18   0x00000014   Code   RO         2770    i.HAL_PWR_EnableBkUpAccess  stm32l0xx_hal_pwr.o
    0x08002d2c   0x00000010   Code   RO         2774    i.HAL_PWR_EnableWakeUpPin  stm32l0xx_hal_pwr.o
    0x08002d3c   0x00000028   Code   RO         2776    i.HAL_PWR_EnterSTANDBYMode  stm32l0xx_hal_pwr.o
    0x08002d64   0x000001d8   Code   RO         2930    i.HAL_RCC_ClockConfig  stm32l0xx_hal_rcc.o
    0x08002f3c   0x0000002c   Code   RO         2934    i.HAL_RCC_GetHCLKFreq  stm32l0xx_hal_rcc.o
    0x08002f68   0x00000024   Code   RO         2936    i.HAL_RCC_GetPCLK1Freq  stm32l0xx_hal_rcc.o
    0x08002f8c   0x00000024   Code   RO         2937    i.HAL_RCC_GetPCLK2Freq  stm32l0xx_hal_rcc.o
    0x08002fb0   0x000000ec   Code   RO         2938    i.HAL_RCC_GetSysClockFreq  stm32l0xx_hal_rcc.o
    0x0800309c   0x000005e8   Code   RO         2941    i.HAL_RCC_OscConfig  stm32l0xx_hal_rcc.o
    0x08003684   0x00000038   Code   RO          977    i.HAL_SYSTICK_Config  stm32l0xx_hal_cortex.o
    0x080036bc   0x00000038   Code   RO         4087    i.HAL_TIM_Base_Init  stm32l0xx_hal_tim.o
    0x080036f4   0x00000002   Code   RO         4089    i.HAL_TIM_Base_MspInit  stm32l0xx_hal_tim.o
    0x080036f6   0x0000001e   Code   RO         4090    i.HAL_TIM_Base_Start  stm32l0xx_hal_tim.o
    0x08003714   0x0000001e   Code   RO         4092    i.HAL_TIM_Base_Start_IT  stm32l0xx_hal_tim.o
    0x08003732   0x00000002   PAD
    0x08003734   0x00000034   Code   RO         4093    i.HAL_TIM_Base_Stop  stm32l0xx_hal_tim.o
    0x08003768   0x00000002   Code   RO         4116    i.HAL_TIM_IC_CaptureCallback  stm32l0xx_hal_tim.o
    0x0800376a   0x0000017c   Code   RO         4129    i.HAL_TIM_IRQHandler  stm32l0xx_hal_tim.o
    0x080038e6   0x00000002   Code   RO         4132    i.HAL_TIM_OC_DelayElapsedCallback  stm32l0xx_hal_tim.o
    0x080038e8   0x00000002   Code   RO         4159    i.HAL_TIM_PWM_PulseFinishedCallback  stm32l0xx_hal_tim.o
    0x080038ea   0x00000002   PAD
    0x080038ec   0x00000024   Code   RO         5988    i.HAL_TIM_PeriodElapsedCallback  timer.o
    0x08003910   0x00000002   Code   RO         4170    i.HAL_TIM_TriggerCallback  stm32l0xx_hal_tim.o
    0x08003912   0x00000002   Code   RO         5012    i.HAL_UARTEx_WakeupCallback  stm32l0xx_hal_uart_ex.o
    0x08003914   0x00000002   Code   RO         4760    i.HAL_UART_ErrorCallback  stm32l0xx_hal_uart.o
    0x08003916   0x00000142   Code   RO         4763    i.HAL_UART_IRQHandler  stm32l0xx_hal_uart.o
    0x08003a58   0x0000007c   Code   RO         4764    i.HAL_UART_Init     stm32l0xx_hal_uart.o
    0x08003ad4   0x00000002   Code   RO         4766    i.HAL_UART_MspInit  stm32l0xx_hal_uart.o
    0x08003ad6   0x00000002   PAD
    0x08003ad8   0x0000014c   Code   RO         4767    i.HAL_UART_Receive  stm32l0xx_hal_uart.o
    0x08003c24   0x00000002   Code   RO         4770    i.HAL_UART_RxCpltCallback  stm32l0xx_hal_uart.o
    0x08003c26   0x00000002   Code   RO         4775    i.HAL_UART_TxCpltCallback  stm32l0xx_hal_uart.o
    0x08003c28   0x0000006c   Code   RO         5080    i.HAL_USART_Init    stm32l0xx_hal_usart.o
    0x08003c94   0x00000080   Code   RO         5442    i.HAL_USART_MspInit  usart4.o
    0x08003d14   0x00000004   Code   RO          258    i.HardFault_Handler  stm32l0xx_it.o
    0x08003d18   0x00000038   Code   RO         5503    i.LED_Control       led.o
    0x08003d50   0x0000004c   Code   RO         5504    i.LED_Init          led.o
    0x08003d9c   0x00000054   Code   RO         5570    i.MY_ADC_Init       adc.o
    0x08003df0   0x00000002   Code   RO          260    i.NMI_Handler       stm32l0xx_it.o
    0x08003df2   0x00000002   PAD
    0x08003df4   0x00000078   Code   RO          979    i.NVIC_SetPriority  stm32l0xx_hal_cortex.o
    0x08003e6c   0x0000005c   Code   RO         5608    i.PWRA_Init         pwr.o
    0x08003ec8   0x00000050   Code   RO         5609    i.PWRB_Init         pwr.o
    0x08003f18   0x00000060   Code   RO         5610    i.PWRC_Init         pwr.o
    0x08003f78   0x00000002   Code   RO          261    i.PendSV_Handler    stm32l0xx_it.o
    0x08003f7a   0x00000002   Code   RO          262    i.SVC_Handler       stm32l0xx_it.o
    0x08003f7c   0x00000008   Code   RO          263    i.SysTick_Handler   stm32l0xx_it.o
    0x08003f84   0x00000050   Code   RO         5536    i.Sys_Enter_Standby  wkup.o
    0x08003fd4   0x00000080   Code   RO         5370    i.SystemClock_Config  sys.o
    0x08004054   0x00000068   Code   RO          334    i.SystemInit        system_stm32l0xx.o
    0x080040bc   0x00000010   Code   RO         5989    i.TIM7_IRQHandler   timer.o
    0x080040cc   0x0000004c   Code   RO         5990    i.TIM7_Init         timer.o
    0x08004118   0x00000084   Code   RO         4171    i.TIM_Base_SetConfig  stm32l0xx_hal_tim.o
    0x0800419c   0x000000cc   Code   RO         5857    i.UART1_init        usart1.o
    0x08004268   0x000000f0   Code   RO         4777    i.UART_AdvFeatureConfig  stm32l0xx_hal_uart.o
    0x08004358   0x00000060   Code   RO         4778    i.UART_CheckIdleState  stm32l0xx_hal_uart.o
    0x080043b8   0x00000030   Code   RO         4784    i.UART_EndTransmit_IT  stm32l0xx_hal_uart.o
    0x080043e8   0x000000b4   Code   RO         4785    i.UART_Receive_IT   stm32l0xx_hal_uart.o
    0x0800449c   0x000003d4   Code   RO         4786    i.UART_SetConfig    stm32l0xx_hal_uart.o
    0x08004870   0x0000007a   Code   RO         4787    i.UART_Transmit_IT  stm32l0xx_hal_uart.o
    0x080048ea   0x00000100   Code   RO         4788    i.UART_WaitOnFlagUntilTimeout  stm32l0xx_hal_uart.o
    0x080049ea   0x00000002   PAD
    0x080049ec   0x00000090   Code   RO         5858    i.USART1_IRQHandler  usart1.o
    0x08004a7c   0x0000006c   Code   RO         5097    i.USART_CheckIdleState  stm32l0xx_hal_usart.o
    0x08004ae8   0x0000017c   Code   RO         5105    i.USART_SetConfig   stm32l0xx_hal_usart.o
    0x08004c64   0x00000100   Code   RO         5108    i.USART_WaitOnFlagUntilTimeout  stm32l0xx_hal_usart.o
    0x08004d64   0x00000070   Code   RO         5537    i.WKUP_Init         wkup.o
    0x08004dd4   0x00000030   Code   RO         6395    i.__ARM_common_ll_muluu  c_p.l(btod.o)
    0x08004e04   0x0000001c   Code   RO         2389    i.__ARM_common_switch8  stm32l0xx_hal_irda.o
    0x08004e20   0x0000002c   Code   RO         6412    i.__ARM_fpclassify  m_ps.l(fpclassify.o)
    0x08004e4c   0x0000000e   Code   RO         6216    i._is_digit         c_p.l(__printf_wp.o)
    0x08004e5a   0x00000004   Code   RO         5445    i._sys_exit         usart4.o
    0x08004e5e   0x00000002   PAD
    0x08004e60   0x000001c8   Code   RO         5920    i.dataConstruct     sim800c.o
    0x08005028   0x00000038   Code   RO         5392    i.delay_init        delay.o
    0x08005060   0x0000003a   Code   RO         5393    i.delay_ms          delay.o
    0x0800509a   0x00000002   PAD
    0x0800509c   0x00000040   Code   RO         5395    i.delay_xms         delay.o
    0x080050dc   0x0000001c   Code   RO         5446    i.fputc             usart4.o
    0x080050f8   0x00000318   Code   RO            3    i.main              main.o
    0x08005410   0x0000005c   Code   RO         5860    i.send_multi_data   usart1.o
    0x0800546c   0x00000038   Code   RO         5921    i.sim800c_check_cmd  sim800c.o
    0x080054a4   0x00000118   Code   RO         5922    i.sim800c_gprs_test  sim800c.o
    0x080055bc   0x00000084   Code   RO         5923    i.sim800c_send_cmd  sim800c.o
    0x08005640   0x000001fc   Code   RO         5924    i.sim800c_tcpudp_test  sim800c.o
    0x0800583c   0x00000070   Code   RO         5925    i.sim800c_test      sim800c.o
    0x080058ac   0x00000050   Code   RO         5861    i.u2_printf         usart1.o
    0x080058fc   0x00000028   Code   RO         5447    i.usart4_init       usart4.o
    0x08005924   0x0000002c   Code   RO         6404    locale$$code        c_p.l(lc_numeric_c.o)
    0x08005950   0x0000002c   Code   RO         6489    locale$$code        c_p.l(lc_ctype_c.o)
    0x0800597c   0x00000068   Code   RO         6261    x$fpl$drleqf        fz_ps.l(drlef.o)
    0x080059e4   0x00000010   Code   RO         6272    x$fpl$printf1       fz_ps.l(printf1.o)
    0x080059f4   0x00000000   Code   RO         6359    x$fpl$usenofp       fz_ps.l(usenofp.o)
    0x080059f4   0x00000019   Data   RO          335    .constdata          system_stm32l0xx.o
    0x08005a0d   0x00000010   Data   RO         2942    .constdata          stm32l0xx_hal_rcc.o
    0x08005a1d   0x00000004   Data   RO         5863    .constdata          usart1.o
    0x08005a21   0x00000011   Data   RO         6224    .constdata          c_p.l(__printf_flags_ss_wp.o)
    0x08005a32   0x00000080   Data   RO         6251    .constdata          fz_ps.l(ddiv.o)
    0x08005ab2   0x00000002   PAD
    0x08005ab4   0x00000008   Data   RO         6304    .constdata          c_p.l(_printf_wctomb.o)
    0x08005abc   0x00000028   Data   RO         6333    .constdata          c_p.l(_printf_hex_int_ll_ptr.o)
    0x08005ae4   0x00000094   Data   RO         6391    .constdata          c_p.l(bigflt0.o)
    0x08005b78   0x00000008   Data   RO         5928    .conststring        sim800c.o
    0x08005b80   0x00000020   Data   RO         6562    Region$$Table       anon$$obj.o
    0x08005ba0   0x0000001c   Data   RO         6403    locale$$data        c_p.l(lc_numeric_c.o)
    0x08005bbc   0x00000110   Data   RO         6488    locale$$data        c_p.l(lc_ctype_c.o)


    Execution Region RW_IRAM1 (Base: 0x20000000, Size: 0x00002cd0, Max: 0x00005000, ABSOLUTE)

    Base Addr    Size         Type   Attr      Idx    E Section Name        Object

    0x20000000   0x00000004   Data   RW          336    .data               system_stm32l0xx.o
    0x20000004   0x00000004   Data   RW          460    .data               stm32l0xx_hal.o
    0x20000008   0x00000004   Data   RW         5396    .data               delay.o
    0x2000000c   0x00000007   Data   RW         5449    .data               usart4.o
    0x20000013   0x00000002   Data   RW         5505    .data               led.o
    0x20000015   0x00000001   PAD
    0x20000016   0x00000002   Data   RW         5864    .data               usart1.o
    0x20000018   0x00000009   Data   RW         5929    .data               sim800c.o
    0x20000021   0x00000007   PAD
    0x20000028   0x00000820   Zero   RW            4    .bss                main.o
    0x20000848   0x00000110   Zero   RW         5448    .bss                usart4.o
    0x20000958   0x00000060   Zero   RW         5571    .bss                adc.o
    0x200009b8   0x000007b4   Zero   RW         5862    .bss                usart1.o
    0x2000116c   0x00000004   PAD
    0x20001170   0x000014c8   Zero   RW         5927    .bss                sim800c.o
    0x20002638   0x00000038   Zero   RW         5992    .bss                timer.o
    0x20002670   0x00000060   Zero   RW         6415    .bss                c_p.l(libspace.o)
    0x200026d0   0x00000200   Zero   RW          425    HEAP                startup_stm32l071xx.o
    0x200028d0   0x00000400   Zero   RW          424    STACK               startup_stm32l071xx.o


==============================================================================

Image component sizes


      Code (inc. data)   RO Data    RW Data    ZI Data      Debug   Object Name

       336         28          0          0         96       2683   adc.o
       178         24          0          4          0       1636   delay.o
       132         20          0          2          0       1442   led.o
       792        156          0          0       2080     215373   main.o
       268         30          0          0          0       1788   pwr.o
      1544        484          8          9       5320       4886   sim800c.o
        56         26        192          0       1536        596   startup_stm32l071xx.o
        98         14          0          4          0       2614   stm32l0xx_hal.o
      1392         50          0          0          0       5030   stm32l0xx_hal_adc.o
       218         26          0          0          0      10321   stm32l0xx_hal_cortex.o
       534         32          0          0          0       2587   stm32l0xx_hal_gpio.o
        28          0          0          0          0         76   stm32l0xx_hal_irda.o
         2          0          0          0          0        422   stm32l0xx_hal_msp_template.o
        76         16          0          0          0       1352   stm32l0xx_hal_pwr.o
      2336         90         16          0          0       5728   stm32l0xx_hal_rcc.o
       690         18          0          0          0       6066   stm32l0xx_hal_tim.o
      2708         90          0          0          0       9438   stm32l0xx_hal_uart.o
         2          0          0          0          0        804   stm32l0xx_hal_uart_ex.o
       852         26          0          0          0       3437   stm32l0xx_hal_usart.o
        18          0          0          0          0       1887   stm32l0xx_it.o
       128          8          0          0          0        573   sys.o
       104         16         25          4          0        985   system_stm32l0xx.o
       128         28          0          0         56       1969   timer.o
       520         70          4          2       1972       4229   usart1.o
       200         26          0          7        272       3827   usart4.o
       236         24          0          0          0       1753   wkup.o

    ----------------------------------------------------------------------
     13594       1302        277         36      11340     291502   Object Totals
         0          0         32          0          0          0   (incl. Generated)
        18          0          0          4          8          0   (incl. Padding)

    ----------------------------------------------------------------------

      Code (inc. data)   RO Data    RW Data    ZI Data      Debug   Library Member Name

        28          6          0          0          0         84   __2printf.o
         8          0          0          0          0         68   __main.o
       392          6         17          0          0         76   __printf_flags_ss_wp.o
        14          0          0          0          0         60   __printf_wp.o
         0          0          0          0          0          0   __rtentry.o
        12          0          0          0          0          0   __rtentry2.o
         6          0          0          0          0          0   __rtentry4.o
        60          8          0          0          0          0   __scatter.o
        26          0          0          0          0          0   __scatter_copy.o
        28          0          0          0          0          0   __scatter_zi.o
        10          0          0          0          0          0   _printf_a.o
        10          0          0          0          0          0   _printf_c.o
        46          0          0          0          0        100   _printf_char.o
        48          6          0          0          0         88   _printf_char_common.o
        40          6          0          0          0         72   _printf_char_file.o
        38          0          0          0          0         60   _printf_charcount.o
        10          0          0          0          0          0   _printf_d.o
       108         18          0          0          0         76   _printf_dec.o
        10          0          0          0          0          0   _printf_e.o
        10          0          0          0          0          0   _printf_f.o
      1044         14          0          0          0        176   _printf_fp_dec.o
       136         16          0          0          0         76   _printf_fp_infnan.o
        10          0          0          0          0          0   _printf_g.o
       152          4         40          0          0        148   _printf_hex_int_ll_ptr.o
        10          0          0          0          0          0   _printf_i.o
       176          0          0          0          0         84   _printf_intcommon.o
        10          0          0          0          0          0   _printf_l.o
        10          0          0          0          0          0   _printf_lc.o
        10          0          0          0          0          0   _printf_ll.o
        10          0          0          0          0          0   _printf_lld.o
        10          0          0          0          0          0   _printf_lli.o
        10          0          0          0          0          0   _printf_llo.o
        10          0          0          0          0          0   _printf_llu.o
        10          0          0          0          0          0   _printf_llx.o
       112         18          0          0          0         76   _printf_longlong_dec.o
        10          0          0          0          0          0   _printf_ls.o
        10          0          0          0          0          0   _printf_n.o
        10          0          0          0          0          0   _printf_o.o
       112         10          0          0          0        112   _printf_oct_int_ll.o
        10          0          0          0          0          0   _printf_p.o
        78          0          0          0          0        100   _printf_pad.o
         2          0          0          0          0          0   _printf_percent.o
         4          0          0          0          0          0   _printf_percent_end.o
        10          0          0          0          0          0   _printf_s.o
        82          0          0          0          0         72   _printf_str.o
        36          0          0          0          0         76   _printf_truncate.o
        10          0          0          0          0          0   _printf_u.o
        46          0          0          0          0        100   _printf_wchar.o
       188          6          8          0          0         80   _printf_wctomb.o
        10          0          0          0          0          0   _printf_x.o
        10          0          0          0          0         60   _sputc.o
        64          0          0          0          0         72   _wcrtomb.o
       346          0          0          0          0         92   aeabi_sdiv.o
       200          4        148          0          0         80   bigflt0.o
      1240         12          0          0          0        316   btod.o
        36          4          0          0          0         68   c89vsprintf.o
        16          0          0          0          0         68   exit.o
         8          0          0          0          0         60   ferror.o
         6          0          0          0          0        136   heapauxi.o
        44         10        272          0          0         76   lc_ctype_c.o
        44         10         28          0          0         76   lc_numeric_c.o
         2          0          0          0          0          0   libinit.o
        30          0          0          0          0          0   libinit2.o
         2          0          0          0          0          0   libshutdown.o
         2          0          0          0          0          0   libshutdown2.o
         8          4          0          0         96         68   libspace.o
       122          0          0          0          0         72   lludiv10.o
        16          4          0          0          0         76   rt_ctype_table.o
         8          4          0          0          0         68   rt_locale_intlibspace.o
        64          0          0          0          0        108   rt_memclr.o
        56          0          0          0          0         68   rt_memcpy.o
         2          0          0          0          0          0   rtexit.o
        10          0          0          0          0          0   rtexit2.o
        40          0          0          0          0         60   rtudiv10.o
       136          4          0          0          0         72   strcmp.o
        68          6          0          0          0         72   strlen.o
        40          0          0          0          0         72   strstr.o
        62          0          0          0          0         80   sys_stackheap_outer.o
         2          0          0          0          0         68   use_no_semi.o
         2          0          0          0          0         68   use_no_semi_2.o
        46          0          0          0          0         60   cmpret.o
       856         20          0          0          0        208   daddsub.o
       144          4          0          0          0         76   dcmpin.o
      1096         26        128          0          0        112   ddiv.o
        72          4          0          0          0         68   dfixui.o
        88          0          0          0          0         92   dflti.o
       132          4          0          0          0        100   dfltl.o
       584         26          0          0          0         84   dmul.o
        20          6          0          0          0         68   dnan2.o
       104          4          0          0          0        104   drlef.o
        16          4          0          0          0         76   printf1.o
        94          0          0          0          0         68   retnan.o
         0          0          0          0          0          0   usenofp.o
        44          4          0          0          0         60   fpclassify.o

    ----------------------------------------------------------------------
      9242        282        643          0         96       5016   Library Totals
        18          0          2          0          0          0   (incl. Padding)

    ----------------------------------------------------------------------

      Code (inc. data)   RO Data    RW Data    ZI Data      Debug   Library Name

      5928        180        513          0         96       3840   c_p.l
      3252         98        128          0          0       1116   fz_ps.l
        44          4          0          0          0         60   m_ps.l

    ----------------------------------------------------------------------
      9242        282        643          0         96       5016   Library Totals

    ----------------------------------------------------------------------

==============================================================================


      Code (inc. data)   RO Data    RW Data    ZI Data      Debug   

     22836       1584        920         36      11436     289886   Grand Totals
     22836       1584        920         36      11436     289886   ELF Image Totals
     22836       1584        920         36          0          0   ROM Totals

==============================================================================

    Total RO  Size (Code + RO Data)                23756 (  23.20kB)
    Total RW  Size (RW Data + ZI Data)             11472 (  11.20kB)
    Total ROM Size (Code + RO Data + RW Data)      23792 (  23.23kB)

==============================================================================

