<html>
<body>
<pre>
<h1>礦ision Build Log</h1>
<h2>Tool Versions:</h2>
IDE-Version: μVision V5.14.0.0
Copyright (C) 2015 ARM Ltd and ARM Germany GmbH. All rights reserved.
License Information: asdf Microsoft, Microsoft, LIC=Q7GVE-5RNCE-BXPUY-I5T24-AXNRM-G4U98
 
Tool Versions:
Toolchain:       MDK-ARM Professional  Version: 5.14.0.0
Toolchain Path:  e:\Keil_v5\ARM\ARMCC\Bin
C Compiler:      Armcc.exe V5.05 update 1 (build 106)
Assembler:       Armasm.exe V5.05 update 1 (build 106)
Linker/Locator:  ArmLink.exe V5.05 update 1 (build 106)
Library Manager: ArmAr.exe V5.05 update 1 (build 106)
Hex Converter:   FromElf.exe V5.05 update 1 (build 106)
CPU DLL:         SARMCM3.DLL V5.14.0.0
Dialog DLL:      DARMCM1.DLL V1.12.0.0
Target DLL:      UL2CM3.DLL V1.155.0.0
Dialog DLL:      TARMCM1.DLL V1.9.0.0
 
<h2>Project:</h2>
F:\自己的程序\STM32\L0串口\USER\template.uvprojx
Project File Date:  11/06/2018

<h2>Output:</h2>
Build target 'Target 1'
compiling led.c...
linking...
Program Size: Code=4228 RO-data=268 RW-data=12 ZI-data=1636  
".\Objects\template.axf" - 0 Error(s), 0 Warning(s).

<h2>Collection of Component include folders:</h2>
  F:\自己的程序\STM32\L0串口\USER\RTE
  e:\Keil_v5\ARM\PACK\Keil\STM32L0xx_DFP\2.0.0

<h2>Collection of Component Files used:</h2>
</pre>
</body>
</html>
